
> user-authentication-api@1.0.0 test
> dotenv -e .env.local -- jest --runInBand

[14:49:15.674] [32mINFO[39m (13720):
    [35mmessage[39m: "[INTERNAL API REQUEST]"
    [35mmethod[39m: "DELETE"
    [35mpath[39m: "/resources/cmgorvxub0004n3l4cifapt84"
    [35moriginalUrl[39m: "/api/internal/resources/cmgorvxub0004n3l4cifapt84"
    [35mapiKeyPrefix[39m: "admin-api-..."
    [35mip[39m: "::ffff:127.0.0.1"
    [35mquery[39m: {}
    [35mparams[39m: {}
[14:49:15.675] [34mDEBUG[39m (13720):
    [35mmessage[39m: "Deleting resource for internal API"
    [35mresourceId[39m: "cmgorvxub0004n3l4cifapt84"
    [35mip[39m: "::ffff:127.0.0.1"
[14:49:15.681] [32mINFO[39m (13720):
    [35mmessage[39m: "Resource successfully deleted for internal API"
    [35mresourceId[39m: "cmgorvxub0004n3l4cifapt84"
    [35mip[39m: "::ffff:127.0.0.1"
[14:49:15.682] [32mINFO[39m (13720):
    [35mmessage[39m: "[INTERNAL API RESPONSE]"
    [35mmethod[39m: "DELETE"
    [35mpath[39m: "/resources/cmgorvxub0004n3l4cifapt84"
    [35mstatusCode[39m: 204
    [35mduration[39m: "8ms"
    [35mresponseSize[39m: 0
[14:49:15.701] [32mINFO[39m (13720):
    [35mmessage[39m: "[INTERNAL API REQUEST]"
    [35mmethod[39m: "DELETE"
    [35mpath[39m: "/resources/00000000-0000-0000-0000-000000000000"
    [35moriginalUrl[39m: "/api/internal/resources/00000000-0000-0000-0000-000000000000"
    [35mapiKeyPrefix[39m: "admin-api-..."
    [35mip[39m: "::ffff:127.0.0.1"
    [35mquery[39m: {}
    [35mparams[39m: {}
[14:49:15.701] [34mDEBUG[39m (13720):
    [35mmessage[39m: "Deleting resource for internal API"
    [35mresourceId[39m: "00000000-0000-0000-0000-000000000000"
    [35mip[39m: "::ffff:127.0.0.1"
[14:49:15.706] [31mERROR[39m (13720):
    [35mmessage[39m: "Error deleting resource for internal API"
    [35mstack[39m: "Error: Resource not found\n    at Object.softDeleteResource (C:\Users\Raenerys\Documents\Windbooks\user-authentication-api\src\services\rbac.service.ts:550:11)\n    at async deleteInternalResource (C:\Users\Raenerys\Documents\Windbooks\user-authentication-api\src\routes\internal.routes.ts:332:5)"
    [35mresourceId[39m: "00000000-0000-0000-0000-000000000000"
    [35mip[39m: "::ffff:127.0.0.1"
    error: "Resource not found"
[14:49:15.706] [32mINFO[39m (13720):
    [35mmessage[39m: "[INTERNAL API RESPONSE]"
    [35mmethod[39m: "DELETE"
    [35mpath[39m: "/resources/00000000-0000-0000-0000-000000000000"
    [35mstatusCode[39m: 404
    [35mduration[39m: "5ms"
    [35mresponseSize[39m: 32
[14:49:15.712] [32mINFO[39m (13720):
    [35mmessage[39m: "[INTERNAL API REQUEST]"
    [35mmethod[39m: "DELETE"
    [35mpath[39m: "/resources/cmgorvxz1000pn3l45b3k1bk1"
    [35moriginalUrl[39m: "/api/internal/resources/cmgorvxz1000pn3l45b3k1bk1"
    [35mapiKeyPrefix[39m: "admin-api-..."
    [35mip[39m: "::ffff:127.0.0.1"
    [35mquery[39m: {}
    [35mparams[39m: {}
[14:49:15.712] [34mDEBUG[39m (13720):
    [35mmessage[39m: "Deleting resource for internal API"
    [35mresourceId[39m: "cmgorvxz1000pn3l45b3k1bk1"
    [35mip[39m: "::ffff:127.0.0.1"
[14:49:15.714] [32mINFO[39m (13720):
    [35mmessage[39m: "Resource successfully deleted for internal API"
    [35mresourceId[39m: "cmgorvxz1000pn3l45b3k1bk1"
    [35mip[39m: "::ffff:127.0.0.1"
[14:49:15.714] [32mINFO[39m (13720):
    [35mmessage[39m: "[INTERNAL API RESPONSE]"
    [35mmethod[39m: "DELETE"
    [35mpath[39m: "/resources/cmgorvxz1000pn3l45b3k1bk1"
    [35mstatusCode[39m: 204
    [35mduration[39m: "2ms"
    [35mresponseSize[39m: 0
[14:49:15.719] [32mINFO[39m (13720):
    [35mmessage[39m: "[INTERNAL API REQUEST]"
    [35mmethod[39m: "DELETE"
    [35mpath[39m: "/resources/cmgorvxz1000pn3l45b3k1bk1"
    [35moriginalUrl[39m: "/api/internal/resources/cmgorvxz1000pn3l45b3k1bk1"
    [35mapiKeyPrefix[39m: "admin-api-..."
    [35mip[39m: "::ffff:127.0.0.1"
    [35mquery[39m: {}
    [35mparams[39m: {}
[14:49:15.719] [34mDEBUG[39m (13720):
    [35mmessage[39m: "Deleting resource for internal API"
    [35mresourceId[39m: "cmgorvxz1000pn3l45b3k1bk1"
    [35mip[39m: "::ffff:127.0.0.1"
[14:49:15.721] [31mERROR[39m (13720):
    [35mmessage[39m: "Error deleting resource for internal API"
    [35mstack[39m: "Error: Resource is already deleted\n    at Object.softDeleteResource (C:\Users\Raenerys\Documents\Windbooks\user-authentication-api\src\services\rbac.service.ts:555:11)\n    at async deleteInternalResource (C:\Users\Raenerys\Documents\Windbooks\user-authentication-api\src\routes\internal.routes.ts:332:5)"
    [35mresourceId[39m: "cmgorvxz1000pn3l45b3k1bk1"
    [35mip[39m: "::ffff:127.0.0.1"
    error: "Resource is already deleted"
[14:49:15.721] [32mINFO[39m (13720):
    [35mmessage[39m: "[INTERNAL API RESPONSE]"
    [35mmethod[39m: "DELETE"
    [35mpath[39m: "/resources/cmgorvxz1000pn3l45b3k1bk1"
    [35mstatusCode[39m: 400
    [35mduration[39m: "2ms"
    [35mresponseSize[39m: 41
[14:49:15.726] [32mINFO[39m (13720):
    [35mmessage[39m: "[INTERNAL API REQUEST]"
    [35mmethod[39m: "DELETE"
    [35mpath[39m: "/resources/cmgorvxzg000sn3l4zbb732hh"
    [35moriginalUrl[39m: "/api/internal/resources/cmgorvxzg000sn3l4zbb732hh"
    [35mapiKeyPrefix[39m: "admin-api-..."
    [35mip[39m: "::ffff:127.0.0.1"
    [35mquery[39m: {}
    [35mparams[39m: {}
[14:49:15.726] [34mDEBUG[39m (13720):
    [35mmessage[39m: "Deleting resource for internal API"
    [35mresourceId[39m: "cmgorvxzg000sn3l4zbb732hh"
    [35mip[39m: "::ffff:127.0.0.1"
[14:49:15.728] [32mINFO[39m (13720):
    [35mmessage[39m: "Resource successfully deleted for internal API"
    [35mresourceId[39m: "cmgorvxzg000sn3l4zbb732hh"
    [35mip[39m: "::ffff:127.0.0.1"
[14:49:15.728] [32mINFO[39m (13720):
    [35mmessage[39m: "[INTERNAL API RESPONSE]"
    [35mmethod[39m: "DELETE"
    [35mpath[39m: "/resources/cmgorvxzg000sn3l4zbb732hh"
    [35mstatusCode[39m: 204
    [35mduration[39m: "2ms"
    [35mresponseSize[39m: 0
[14:49:15.745] [32mINFO[39m (13720):
    [35mmessage[39m: "[INTERNAL API REQUEST]"
    [35mmethod[39m: "POST"
    [35mpath[39m: "/resources/user-roles"
    [35moriginalUrl[39m: "/api/internal/resources/user-roles"
    [35mapiKeyPrefix[39m: "test-api-k..."
    [35mip[39m: "::ffff:127.0.0.1"
    [35mcontentLength[39m: "119"
    [35mquery[39m: {}
    [35mparams[39m: {}
[14:49:15.746] [34mDEBUG[39m (13720):
    [35mmessage[39m: "Getting resource roles for internal API"
    [35muserId[39m: "02b91949-6e02-4228-ba8a-d57c22f7e673"
    [35mresourceCount[39m: 2
    [35mip[39m: "::ffff:127.0.0.1"
[14:49:15.749] [32mINFO[39m (13720):
    [35mmessage[39m: "Resource roles retrieved successfully for internal API"
    [35muserId[39m: "02b91949-6e02-4228-ba8a-d57c22f7e673"
    [35mresourceCount[39m: 2
    [35mroleCount[39m: 2
    [35mip[39m: "::ffff:127.0.0.1"
[14:49:15.750] [32mINFO[39m (13720):
    [35mmessage[39m: "[INTERNAL API RESPONSE]"
    [35mmethod[39m: "POST"
    [35mpath[39m: "/resources/user-roles"
    [35mstatusCode[39m: 200
    [35mduration[39m: "5ms"
    [35mresponseSize[39m: 251
[14:49:15.756] [32mINFO[39m (13720):
    [35mmessage[39m: "[INTERNAL API REQUEST]"
    [35mmethod[39m: "POST"
    [35mpath[39m: "/resources/user-roles"
    [35moriginalUrl[39m: "/api/internal/resources/user-roles"
    [35mapiKeyPrefix[39m: "test-api-k..."
    [35mip[39m: "::ffff:127.0.0.1"
    [35mcontentLength[39m: "91"
    [35mquery[39m: {}
    [35mparams[39m: {}
[14:49:15.756] [34mDEBUG[39m (13720):
    [35mmessage[39m: "Getting resource roles for internal API"
    [35muserId[39m: "02b91949-6e02-4228-ba8a-d57c22f7e673"
    [35mresourceCount[39m: 1
    [35mip[39m: "::ffff:127.0.0.1"
[14:49:15.758] [32mINFO[39m (13720):
    [35mmessage[39m: "Resource roles retrieved successfully for internal API"
    [35muserId[39m: "02b91949-6e02-4228-ba8a-d57c22f7e673"
    [35mresourceCount[39m: 1
    [35mroleCount[39m: 0
    [35mip[39m: "::ffff:127.0.0.1"
[14:49:15.758] [32mINFO[39m (13720):
    [35mmessage[39m: "[INTERNAL API RESPONSE]"
    [35mmethod[39m: "POST"
    [35mpath[39m: "/resources/user-roles"
    [35mstatusCode[39m: 200
    [35mduration[39m: "2ms"
    [35mresponseSize[39m: 20
[14:49:15.762] [32mINFO[39m (13720):
    [35mmessage[39m: "[INTERNAL API REQUEST]"
    [35mmethod[39m: "POST"
    [35mpath[39m: "/resources/user-roles"
    [35moriginalUrl[39m: "/api/internal/resources/user-roles"
    [35mapiKeyPrefix[39m: "test-api-k..."
    [35mip[39m: "::ffff:127.0.0.1"
    [35mcontentLength[39m: "147"
    [35mquery[39m: {}
    [35mparams[39m: {}
[14:49:15.763] [34mDEBUG[39m (13720):
    [35mmessage[39m: "Getting resource roles for internal API"
    [35muserId[39m: "02b91949-6e02-4228-ba8a-d57c22f7e673"
    [35mresourceCount[39m: 3
    [35mip[39m: "::ffff:127.0.0.1"
[14:49:15.765] [32mINFO[39m (13720):
    [35mmessage[39m: "Resource roles retrieved successfully for internal API"
    [35muserId[39m: "02b91949-6e02-4228-ba8a-d57c22f7e673"
    [35mresourceCount[39m: 3
    [35mroleCount[39m: 2
    [35mip[39m: "::ffff:127.0.0.1"
[14:49:15.765] [32mINFO[39m (13720):
    [35mmessage[39m: "[INTERNAL API RESPONSE]"
    [35mmethod[39m: "POST"
    [35mpath[39m: "/resources/user-roles"
    [35mstatusCode[39m: 200
    [35mduration[39m: "3ms"
    [35mresponseSize[39m: 251
[14:49:15.770] [32mINFO[39m (13720):
    [35mmessage[39m: "[INTERNAL API REQUEST]"
    [35mmethod[39m: "POST"
    [35mpath[39m: "/resources/user-roles"
    [35moriginalUrl[39m: "/api/internal/resources/user-roles"
    [35mapiKeyPrefix[39m: "admin-api-..."
    [35mip[39m: "::ffff:127.0.0.1"
    [35mcontentLength[39m: "147"
    [35mquery[39m: {}
    [35mparams[39m: {}
[14:49:15.770] [34mDEBUG[39m (13720):
    [35mmessage[39m: "Getting resource roles for internal API"
    [35muserId[39m: "77c746f1-b028-4677-b660-1dc48c04d505"
    [35mresourceCount[39m: 3
    [35mip[39m: "::ffff:127.0.0.1"
[14:49:15.771] [32mINFO[39m (13720):
    [35mmessage[39m: "Resource roles retrieved successfully for internal API"
    [35muserId[39m: "77c746f1-b028-4677-b660-1dc48c04d505"
    [35mresourceCount[39m: 3
    [35mroleCount[39m: 3
    [35mip[39m: "::ffff:127.0.0.1"
[14:49:15.772] [32mINFO[39m (13720):
    [35mmessage[39m: "[INTERNAL API RESPONSE]"
    [35mmethod[39m: "POST"
    [35mpath[39m: "/resources/user-roles"
    [35mstatusCode[39m: 200
    [35mduration[39m: "2ms"
    [35mresponseSize[39m: 307
[14:49:15.775] [32mINFO[39m (13720):
    [35mmessage[39m: "[INTERNAL API REQUEST]"
    [35mmethod[39m: "POST"
    [35mpath[39m: "/resources/user-roles"
    [35moriginalUrl[39m: "/api/internal/resources/user-roles"
    [35mapiKeyPrefix[39m: "test-api-k..."
    [35mip[39m: "::ffff:127.0.0.1"
    [35mcontentLength[39m: "64"
    [35mquery[39m: {}
    [35mparams[39m: {}
[14:49:15.776] [32mINFO[39m (13720):
    [35mmessage[39m: "[INTERNAL API RESPONSE]"
    [35mmethod[39m: "POST"
    [35mpath[39m: "/resources/user-roles"
    [35mstatusCode[39m: 400
    [35mduration[39m: "1ms"
    [35mresponseSize[39m: 221
[14:49:15.780] [32mINFO[39m (13720):
    [35mmessage[39m: "[INTERNAL API REQUEST]"
    [35mmethod[39m: "POST"
    [35mpath[39m: "/resources/user-roles"
    [35moriginalUrl[39m: "/api/internal/resources/user-roles"
    [35mapiKeyPrefix[39m: "test-api-k..."
    [35mip[39m: "::ffff:127.0.0.1"
    [35mcontentLength[39m: "103"
    [35mquery[39m: {}
    [35mparams[39m: {}
[14:49:15.780] [34mDEBUG[39m (13720):
    [35mmessage[39m: "Getting resource roles for internal API"
    [35muserId[39m: "02b91949-6e02-4228-ba8a-d57c22f7e673"
    [35mresourceCount[39m: 2
    [35mip[39m: "::ffff:127.0.0.1"
[14:49:15.782] [32mINFO[39m (13720):
    [35mmessage[39m: "Resource roles retrieved successfully for internal API"
    [35muserId[39m: "02b91949-6e02-4228-ba8a-d57c22f7e673"
    [35mresourceCount[39m: 2
    [35mroleCount[39m: 0
    [35mip[39m: "::ffff:127.0.0.1"
[14:49:15.782] [32mINFO[39m (13720):
    [35mmessage[39m: "[INTERNAL API RESPONSE]"
    [35mmethod[39m: "POST"
    [35mpath[39m: "/resources/user-roles"
    [35mstatusCode[39m: 200
    [35mduration[39m: "2ms"
    [35mresponseSize[39m: 20
[14:49:15.792] [32mINFO[39m (13720):
    [35mmessage[39m: "[INTERNAL API REQUEST]"
    [35mmethod[39m: "POST"
    [35mpath[39m: "/resources/user-roles"
    [35moriginalUrl[39m: "/api/internal/resources/user-roles"
    [35mapiKeyPrefix[39m: "test-api-k..."
    [35mip[39m: "::ffff:127.0.0.1"
    [35mcontentLength[39m: "2"
    [35mquery[39m: {}
    [35mparams[39m: {}
[14:49:15.793] [32mINFO[39m (13720):
    [35mmessage[39m: "[INTERNAL API RESPONSE]"
    [35mmethod[39m: "POST"
    [35mpath[39m: "/resources/user-roles"
    [35mstatusCode[39m: 400
    [35mduration[39m: "0ms"
    [35mresponseSize[39m: 179
[14:49:15.797] [32mINFO[39m (13720):
    [35mmessage[39m: "[INTERNAL API REQUEST]"
    [35mmethod[39m: "POST"
    [35mpath[39m: "/resources/user-roles"
    [35moriginalUrl[39m: "/api/internal/resources/user-roles"
    [35mapiKeyPrefix[39m: "test-api-k..."
    [35mip[39m: "::ffff:127.0.0.1"
    [35mcontentLength[39m: "28"
    [35mquery[39m: {}
    [35mparams[39m: {}
[14:49:15.798] [32mINFO[39m (13720):
    [35mmessage[39m: "[INTERNAL API RESPONSE]"
    [35mmethod[39m: "POST"
    [35mpath[39m: "/resources/user-roles"
    [35mstatusCode[39m: 400
    [35mduration[39m: "0ms"
    [35mresponseSize[39m: 181
[14:49:15.802] [32mINFO[39m (13720):
    [35mmessage[39m: "[INTERNAL API REQUEST]"
    [35mmethod[39m: "GET"
    [35mpath[39m: "/resources/v2"
    [35moriginalUrl[39m: "/api/internal/resources/v2?userId=02b91949-6e02-4228-ba8a-d57c22f7e673"
    [35mapiKeyPrefix[39m: "test-api-k..."
    [35mip[39m: "::ffff:127.0.0.1"
    [35mquery[39m: {
      "userId": "02b91949-6e02-4228-ba8a-d57c22f7e673"
    }
    [35mparams[39m: {}
[14:49:15.802] [34mDEBUG[39m (13720):
    [35mmessage[39m: "Fetching resources v2 for internal API"
    [35muserId[39m: "02b91949-6e02-4228-ba8a-d57c22f7e673"
    [35mquery[39m: {
      "userId": "02b91949-6e02-4228-ba8a-d57c22f7e673"
    }
    [35mip[39m: "::ffff:127.0.0.1"
[14:49:15.852] [32mINFO[39m (13720):
    [35mmessage[39m: "[INTERNAL API RESPONSE]"
    [35mmethod[39m: "GET"
    [35mpath[39m: "/resources/v2"
    [35mstatusCode[39m: 200
    [35mduration[39m: "51ms"
    [35mresponseSize[39m: 272
[14:49:15.860] [32mINFO[39m (13720):
    [35mmessage[39m: "[INTERNAL API REQUEST]"
    [35mmethod[39m: "GET"
    [35mpath[39m: "/resources/v2"
    [35moriginalUrl[39m: "/api/internal/resources/v2?userId=77c746f1-b028-4677-b660-1dc48c04d505"
    [35mapiKeyPrefix[39m: "admin-api-..."
    [35mip[39m: "::ffff:127.0.0.1"
    [35mquery[39m: {
      "userId": "77c746f1-b028-4677-b660-1dc48c04d505"
    }
    [35mparams[39m: {}
[14:49:15.860] [34mDEBUG[39m (13720):
    [35mmessage[39m: "Fetching resources v2 for internal API"
    [35muserId[39m: "77c746f1-b028-4677-b660-1dc48c04d505"
    [35mquery[39m: {
      "userId": "77c746f1-b028-4677-b660-1dc48c04d505"
    }
    [35mip[39m: "::ffff:127.0.0.1"
[14:49:15.868] [32mINFO[39m (13720):
    [35mmessage[39m: "[INTERNAL API RESPONSE]"
    [35mmethod[39m: "GET"
    [35mpath[39m: "/resources/v2"
    [35mstatusCode[39m: 200
    [35mduration[39m: "8ms"
    [35mresponseSize[39m: 629
[14:49:15.873] [32mINFO[39m (13720):
    [35mmessage[39m: "[INTERNAL API REQUEST]"
    [35mmethod[39m: "GET"
    [35mpath[39m: "/resources/v2"
    [35moriginalUrl[39m: "/api/internal/resources/v2?userId=77c746f1-b028-4677-b660-1dc48c04d505&resourceName=resource%202"
    [35mapiKeyPrefix[39m: "admin-api-..."
    [35mip[39m: "::ffff:127.0.0.1"
    [35mquery[39m: {
      "userId": "77c746f1-b028-4677-b660-1dc48c04d505",
      "resourceName": "resource 2"
    }
    [35mparams[39m: {}
[14:49:15.873] [34mDEBUG[39m (13720):
    [35mmessage[39m: "Fetching resources v2 for internal API"
    [35muserId[39m: "77c746f1-b028-4677-b660-1dc48c04d505"
    [35mquery[39m: {
      "userId": "77c746f1-b028-4677-b660-1dc48c04d505",
      "resourceName": "resource 2"
    }
    [35mip[39m: "::ffff:127.0.0.1"
[14:49:15.878] [32mINFO[39m (13720):
    [35mmessage[39m: "[INTERNAL API RESPONSE]"
    [35mmethod[39m: "GET"
    [35mpath[39m: "/resources/v2"
    [35mstatusCode[39m: 200
    [35mduration[39m: "5ms"
    [35mresponseSize[39m: 272
[14:49:15.882] [32mINFO[39m (13720):
    [35mmessage[39m: "[INTERNAL API REQUEST]"
    [35mmethod[39m: "GET"
    [35mpath[39m: "/resources/v2"
    [35moriginalUrl[39m: "/api/internal/resources/v2?userId=77c746f1-b028-4677-b660-1dc48c04d505&resourceId=cmgorvxuc0007n3l48hsndfdq"
    [35mapiKeyPrefix[39m: "admin-api-..."
    [35mip[39m: "::ffff:127.0.0.1"
    [35mquery[39m: {
      "userId": "77c746f1-b028-4677-b660-1dc48c04d505",
      "resourceId": "cmgorvxuc0007n3l48hsndfdq"
    }
    [35mparams[39m: {}
[14:49:15.882] [34mDEBUG[39m (13720):
    [35mmessage[39m: "Fetching resources v2 for internal API"
    [35muserId[39m: "77c746f1-b028-4677-b660-1dc48c04d505"
    [35mquery[39m: {
      "userId": "77c746f1-b028-4677-b660-1dc48c04d505",
      "resourceId": "cmgorvxuc0007n3l48hsndfdq"
    }
    [35mip[39m: "::ffff:127.0.0.1"
[14:49:15.887] [32mINFO[39m (13720):
    [35mmessage[39m: "[INTERNAL API RESPONSE]"
    [35mmethod[39m: "GET"
    [35mpath[39m: "/resources/v2"
    [35mstatusCode[39m: 200
    [35mduration[39m: "5ms"
    [35mresponseSize[39m: 272
[14:49:15.891] [32mINFO[39m (13720):
    [35mmessage[39m: "[INTERNAL API REQUEST]"
    [35mmethod[39m: "GET"
    [35mpath[39m: "/resources/v2"
    [35moriginalUrl[39m: "/api/internal/resources/v2?userId=77c746f1-b028-4677-b660-1dc48c04d505&resourceName=nonexistent"
    [35mapiKeyPrefix[39m: "admin-api-..."
    [35mip[39m: "::ffff:127.0.0.1"
    [35mquery[39m: {
      "userId": "77c746f1-b028-4677-b660-1dc48c04d505",
      "resourceName": "nonexistent"
    }
    [35mparams[39m: {}
[14:49:15.892] [34mDEBUG[39m (13720):
    [35mmessage[39m: "Fetching resources v2 for internal API"
    [35muserId[39m: "77c746f1-b028-4677-b660-1dc48c04d505"
    [35mquery[39m: {
      "userId": "77c746f1-b028-4677-b660-1dc48c04d505",
      "resourceName": "nonexistent"
    }
    [35mip[39m: "::ffff:127.0.0.1"
[14:49:15.896] [32mINFO[39m (13720):
    [35mmessage[39m: "[INTERNAL API RESPONSE]"
    [35mmethod[39m: "GET"
    [35mpath[39m: "/resources/v2"
    [35mstatusCode[39m: 200
    [35mduration[39m: "5ms"
    [35mresponseSize[39m: 103
[14:49:15.900] [32mINFO[39m (13720):
    [35mmessage[39m: "[INTERNAL API REQUEST]"
    [35mmethod[39m: "GET"
    [35mpath[39m: "/resources/v2"
    [35moriginalUrl[39m: "/api/internal/resources/v2?userId=77c746f1-b028-4677-b660-1dc48c04d505&resourceId=00000000-0000-0000-0000-000000000000"
    [35mapiKeyPrefix[39m: "admin-api-..."
    [35mip[39m: "::ffff:127.0.0.1"
    [35mquery[39m: {
      "userId": "77c746f1-b028-4677-b660-1dc48c04d505",
      "resourceId": "00000000-0000-0000-0000-000000000000"
    }
    [35mparams[39m: {}
[14:49:15.900] [34mDEBUG[39m (13720):
    [35mmessage[39m: "Fetching resources v2 for internal API"
    [35muserId[39m: "77c746f1-b028-4677-b660-1dc48c04d505"
    [35mquery[39m: {
      "userId": "77c746f1-b028-4677-b660-1dc48c04d505",
      "resourceId": "00000000-0000-0000-0000-000000000000"
    }
    [35mip[39m: "::ffff:127.0.0.1"
[14:49:15.906] [32mINFO[39m (13720):
    [35mmessage[39m: "[INTERNAL API RESPONSE]"
    [35mmethod[39m: "GET"
    [35mpath[39m: "/resources/v2"
    [35mstatusCode[39m: 200
    [35mduration[39m: "6ms"
    [35mresponseSize[39m: 103
[14:49:15.909] [32mINFO[39m (13720):
    [35mmessage[39m: "[INTERNAL API REQUEST]"
    [35mmethod[39m: "GET"
    [35mpath[39m: "/resources/v2"
    [35moriginalUrl[39m: "/api/internal/resources/v2?userId=77c746f1-b028-4677-b660-1dc48c04d505&page=1&limit=1&resourceName=resource"
    [35mapiKeyPrefix[39m: "admin-api-..."
    [35mip[39m: "::ffff:127.0.0.1"
    [35mquery[39m: {
      "userId": "77c746f1-b028-4677-b660-1dc48c04d505",
      "page": "1",
      "limit": "1",
      "resourceName": "resource"
    }
    [35mparams[39m: {}
[14:49:15.909] [34mDEBUG[39m (13720):
    [35mmessage[39m: "Fetching resources v2 for internal API"
    [35muserId[39m: "77c746f1-b028-4677-b660-1dc48c04d505"
    [35mquery[39m: {
      "userId": "77c746f1-b028-4677-b660-1dc48c04d505",
      "page": "1",
      "limit": "1",
      "resourceName": "resource"
    }
    [35mip[39m: "::ffff:127.0.0.1"
[14:49:15.914] [32mINFO[39m (13720):
    [35mmessage[39m: "[INTERNAL API RESPONSE]"
    [35mmethod[39m: "GET"
    [35mpath[39m: "/resources/v2"
    [35mstatusCode[39m: 200
    [35mduration[39m: "5ms"
    [35mresponseSize[39m: 269
[14:49:15.925] [32mINFO[39m (13720):
    [35mmessage[39m: "[INTERNAL API REQUEST]"
    [35mmethod[39m: "GET"
    [35mpath[39m: "/resources/v2"
    [35moriginalUrl[39m: "/api/internal/resources/v2"
    [35mapiKeyPrefix[39m: "test-api-k..."
    [35mip[39m: "::ffff:127.0.0.1"
    [35mquery[39m: {}
    [35mparams[39m: {}
[14:49:15.925] [34mDEBUG[39m (13720):
    [35mmessage[39m: "Fetching resources v2 for internal API"
    [35mquery[39m: {}
    [35mip[39m: "::ffff:127.0.0.1"
[14:49:15.925] [33mWARN[39m (13720):
    [35mmessage[39m: "Missing userId parameter in internal resources v2 request"
    [35mquery[39m: {}
    [35mip[39m: "::ffff:127.0.0.1"
[14:49:15.925] [32mINFO[39m (13720):
    [35mmessage[39m: "[INTERNAL API RESPONSE]"
    [35mmethod[39m: "GET"
    [35mpath[39m: "/resources/v2"
    [35mstatusCode[39m: 400
    [35mduration[39m: "0ms"
    [35mresponseSize[39m: 48
[14:49:15.928] [32mINFO[39m (13720):
    [35mmessage[39m: "[INTERNAL API REQUEST]"
    [35mmethod[39m: "GET"
    [35mpath[39m: "/resources/02b91949-6e02-4228-ba8a-d57c22f7e673"
    [35moriginalUrl[39m: "/api/internal/resources/02b91949-6e02-4228-ba8a-d57c22f7e673"
    [35mapiKeyPrefix[39m: "test-api-k..."
    [35mip[39m: "::ffff:127.0.0.1"
    [35mquery[39m: {}
    [35mparams[39m: {}
[14:49:15.928] [34mDEBUG[39m (13720):
    [35mmessage[39m: "Fetching user resources and roles for internal API"
    [35mrequestedUserId[39m: "02b91949-6e02-4228-ba8a-d57c22f7e673"
    [35mip[39m: "::ffff:127.0.0.1"
[14:49:15.931] [32mINFO[39m (13720):
    [35mmessage[39m: "Successfully retrieved user resources and roles for internal API"
    [35mrequestedUserId[39m: "02b91949-6e02-4228-ba8a-d57c22f7e673"
    [35mresourceCount[39m: 2
    [35mip[39m: "::ffff:127.0.0.1"
[14:49:15.931] [32mINFO[39m (13720):
    [35mmessage[39m: "[INTERNAL API RESPONSE]"
    [35mmethod[39m: "GET"
    [35mpath[39m: "/resources/02b91949-6e02-4228-ba8a-d57c22f7e673"
    [35mstatusCode[39m: 200
    [35mduration[39m: "3ms"
    [35mresponseSize[39m: 324
[14:49:15.938] [32mINFO[39m (13720):
    [35mmessage[39m: "[INTERNAL API REQUEST]"
    [35mmethod[39m: "GET"
    [35mpath[39m: "/resources/02b91949-6e02-4228-ba8a-d57c22f7e673"
    [35moriginalUrl[39m: "/api/internal/resources/02b91949-6e02-4228-ba8a-d57c22f7e673"
    [35mapiKeyPrefix[39m: "admin-api-..."
    [35mip[39m: "::ffff:127.0.0.1"
    [35mquery[39m: {}
    [35mparams[39m: {}
[14:49:15.939] [34mDEBUG[39m (13720):
    [35mmessage[39m: "Fetching user resources and roles for internal API"
    [35mrequestedUserId[39m: "02b91949-6e02-4228-ba8a-d57c22f7e673"
    [35mip[39m: "::ffff:127.0.0.1"
[14:49:15.941] [32mINFO[39m (13720):
    [35mmessage[39m: "Successfully retrieved user resources and roles for internal API"
    [35mrequestedUserId[39m: "02b91949-6e02-4228-ba8a-d57c22f7e673"
    [35mresourceCount[39m: 2
    [35mip[39m: "::ffff:127.0.0.1"
[14:49:15.941] [32mINFO[39m (13720):
    [35mmessage[39m: "[INTERNAL API RESPONSE]"
    [35mmethod[39m: "GET"
    [35mpath[39m: "/resources/02b91949-6e02-4228-ba8a-d57c22f7e673"
    [35mstatusCode[39m: 200
    [35mduration[39m: "3ms"
    [35mresponseSize[39m: 324
[14:49:16.001] [32mINFO[39m (13720):
    [35mmessage[39m: "[INTERNAL API REQUEST]"
    [35mmethod[39m: "GET"
    [35mpath[39m: "/resources/b20a5a92-3d97-45b3-a978-1dae45effa7d"
    [35moriginalUrl[39m: "/api/internal/resources/b20a5a92-3d97-45b3-a978-1dae45effa7d"
    [35mapiKeyPrefix[39m: "test-api-k..."
    [35mip[39m: "::ffff:127.0.0.1"
    [35mquery[39m: {}
    [35mparams[39m: {}
[14:49:16.001] [34mDEBUG[39m (13720):
    [35mmessage[39m: "Fetching user resources and roles for internal API"
    [35mrequestedUserId[39m: "b20a5a92-3d97-45b3-a978-1dae45effa7d"
    [35mip[39m: "::ffff:127.0.0.1"
[14:49:16.002] [32mINFO[39m (13720):
    [35mmessage[39m: "Successfully retrieved user resources and roles for internal API"
    [35mrequestedUserId[39m: "b20a5a92-3d97-45b3-a978-1dae45effa7d"
    [35mresourceCount[39m: 0
    [35mip[39m: "::ffff:127.0.0.1"
[14:49:16.002] [32mINFO[39m (13720):
    [35mmessage[39m: "[INTERNAL API RESPONSE]"
    [35mmethod[39m: "GET"
    [35mpath[39m: "/resources/b20a5a92-3d97-45b3-a978-1dae45effa7d"
    [35mstatusCode[39m: 200
    [35mduration[39m: "1ms"
    [35mresponseSize[39m: 16
[14:49:16.017] [32mINFO[39m (13720):
    [35mmessage[39m: "[INTERNAL API REQUEST]"
    [35mmethod[39m: "GET"
    [35mpath[39m: "/resources/00000000-0000-0000-0000-000000000000"
    [35moriginalUrl[39m: "/api/internal/resources/00000000-0000-0000-0000-000000000000"
    [35mapiKeyPrefix[39m: "test-api-k..."
    [35mip[39m: "::ffff:127.0.0.1"
    [35mquery[39m: {}
    [35mparams[39m: {}
[14:49:16.017] [34mDEBUG[39m (13720):
    [35mmessage[39m: "Fetching user resources and roles for internal API"
    [35mrequestedUserId[39m: "00000000-0000-0000-0000-000000000000"
    [35mip[39m: "::ffff:127.0.0.1"
[14:49:16.018] [33mWARN[39m (13720):
    [35mmessage[39m: "User not found in internal user resources request"
    [35mrequestedUserId[39m: "00000000-0000-0000-0000-000000000000"
    [35mip[39m: "::ffff:127.0.0.1"
[14:49:16.018] [32mINFO[39m (13720):
    [35mmessage[39m: "[INTERNAL API RESPONSE]"
    [35mmethod[39m: "GET"
    [35mpath[39m: "/resources/00000000-0000-0000-0000-000000000000"
    [35mstatusCode[39m: 404
    [35mduration[39m: "1ms"
    [35mresponseSize[39m: 28
node.exe : FAIL tests/internal-endpoints.test.ts
At C:\Program Files\nodejs\npm.ps1:29 char:3
+   & $NODE_EXE $NPM_CLI_JS $args
+   ~~~~~~~~~~~~~~~~~~~~~~~~~~~~~
    + CategoryInfo          : NotSpecified: (FAIL tests/internal- 
   endpoints.test.ts:String) [], RemoteException
    + FullyQualifiedErrorId : NativeCommandError
 
  ΓùÅ Console

    console.log
      [dotenv@17.2.2] injecting env (0) from .env -- tip: ΓÜÖ∩╕Å  
enable debug logging with { debug: true }

      at _log (node_modules/dotenv/lib/main.js:139:11)

    console.log
      SendGrid environment variables loaded: {
        apiKeyPresent: true,
        apiKeyLength: 69,
        apiKeyPrefix: 'SG.sXytAeD...',
        fromEmail: 'windbooks@dvconsultingph.com',
        timestamp: '2025-10-13T06:49:15.204Z'
      }

      at Object.<anonymous> (src/services/email.service.ts:8:9)

    console.log
      [dotenv@17.2.2] injecting env (0) from .env -- tip: ΓÜÖ∩╕Å  
load multiple .env files with { path: ['.env.local', '.env'] }

      at _log (node_modules/dotenv/lib/main.js:139:11)

    console.log
      ≡ƒöì DEBUG: GET /resources/v2 request received

      at getResourcesV2 
(src/controllers/rbac.controller.ts:192:13)

    console.log
         Method: GET

      at getResourcesV2 
(src/controllers/rbac.controller.ts:193:13)

    console.log
         URL: 
/resources/v2?userId=02b91949-6e02-4228-ba8a-d57c22f7e673

      at getResourcesV2 
(src/controllers/rbac.controller.ts:194:13)

    console.log
         Query params: [Object: null prototype] {
        userId: '02b91949-6e02-4228-ba8a-d57c22f7e673'
      }

      at getResourcesV2 
(src/controllers/rbac.controller.ts:195:13)

    console.log
         Headers: {
        authorization: '[MISSING]',
        'user-agent': undefined,
        'content-type': undefined
      }

      at getResourcesV2 
(src/controllers/rbac.controller.ts:196:13)

    console.log
         User from token: { userId: 
'02b91949-6e02-4228-ba8a-d57c22f7e673', isSuperAdmin: false }

      at getResourcesV2 
(src/controllers/rbac.controller.ts:201:13)

    console.log
      Γ£à DEBUG: Proceeding with userId: 
02b91949-6e02-4228-ba8a-d57c22f7e673

      at getResourcesV2 
(src/controllers/rbac.controller.ts:209:13)

    console.log
      ≡ƒôï DEBUG: Filter params - page: 1 limit: 10 resourceName: 
undefined resourceId: undefined q: undefined

      at getResourcesV2 
(src/controllers/rbac.controller.ts:212:13)

    console.log
      ≡ƒôè DEBUG: Resources fetched: 1 items, total: 1 pages: 1

      at getResourcesV2 
(src/controllers/rbac.controller.ts:226:13)

    console.log
      ≡ƒöì DEBUG: GET /resources/v2 request received

      at getResourcesV2 
(src/controllers/rbac.controller.ts:192:13)

    console.log
         Method: GET

      at getResourcesV2 
(src/controllers/rbac.controller.ts:193:13)

    console.log
         URL: 
/resources/v2?userId=77c746f1-b028-4677-b660-1dc48c04d505

      at getResourcesV2 
(src/controllers/rbac.controller.ts:194:13)

    console.log
         Query params: [Object: null prototype] {
        userId: '77c746f1-b028-4677-b660-1dc48c04d505'
      }

      at getResourcesV2 
(src/controllers/rbac.controller.ts:195:13)

    console.log
         Headers: {
        authorization: '[MISSING]',
        'user-agent': undefined,
        'content-type': undefined
      }

      at getResourcesV2 
(src/controllers/rbac.controller.ts:196:13)

    console.log
         User from token: { userId: 
'77c746f1-b028-4677-b660-1dc48c04d505', isSuperAdmin: true }

      at getResourcesV2 
(src/controllers/rbac.controller.ts:201:13)

    console.log
      Γ£à DEBUG: Proceeding with userId: 
77c746f1-b028-4677-b660-1dc48c04d505

      at getResourcesV2 
(src/controllers/rbac.controller.ts:209:13)

    console.log
      ≡ƒôï DEBUG: Filter params - page: 1 limit: 10 resourceName: 
undefined resourceId: undefined q: undefined

      at getResourcesV2 
(src/controllers/rbac.controller.ts:212:13)

    console.log
      ≡ƒôè DEBUG: Resources fetched: 3 items, total: 3 pages: 1

      at getResourcesV2 
(src/controllers/rbac.controller.ts:226:13)

    console.log
      ≡ƒöì DEBUG: GET /resources/v2 request received

      at getResourcesV2 
(src/controllers/rbac.controller.ts:192:13)

    console.log
         Method: GET

      at getResourcesV2 
(src/controllers/rbac.controller.ts:193:13)

    console.log
         URL: /resources/v2?userId=77c746f1-b028-4677-b660-1dc48c0
4d505&resourceName=resource%202

      at getResourcesV2 
(src/controllers/rbac.controller.ts:194:13)

    console.log
         Query params: [Object: null prototype] {
        userId: '77c746f1-b028-4677-b660-1dc48c04d505',
        resourceName: 'resource 2'
      }

      at getResourcesV2 
(src/controllers/rbac.controller.ts:195:13)

    console.log
         Headers: {
        authorization: '[MISSING]',
        'user-agent': undefined,
        'content-type': undefined
      }

      at getResourcesV2 
(src/controllers/rbac.controller.ts:196:13)

    console.log
         User from token: { userId: 
'77c746f1-b028-4677-b660-1dc48c04d505', isSuperAdmin: true }

      at getResourcesV2 
(src/controllers/rbac.controller.ts:201:13)

    console.log
      Γ£à DEBUG: Proceeding with userId: 
77c746f1-b028-4677-b660-1dc48c04d505

      at getResourcesV2 
(src/controllers/rbac.controller.ts:209:13)

    console.log
      ≡ƒôï DEBUG: Filter params - page: 1 limit: 10 resourceName: 
resource 2 resourceId: undefined q: undefined

      at getResourcesV2 
(src/controllers/rbac.controller.ts:212:13)

    console.log
      ≡ƒôè DEBUG: Resources fetched: 1 items, total: 1 pages: 1

      at getResourcesV2 
(src/controllers/rbac.controller.ts:226:13)

    console.log
      ≡ƒöì DEBUG: GET /resources/v2 request received

      at getResourcesV2 
(src/controllers/rbac.controller.ts:192:13)

    console.log
         Method: GET

      at getResourcesV2 
(src/controllers/rbac.controller.ts:193:13)

    console.log
         URL: /resources/v2?userId=77c746f1-b028-4677-b660-1dc48c0
4d505&resourceId=cmgorvxuc0007n3l48hsndfdq

      at getResourcesV2 
(src/controllers/rbac.controller.ts:194:13)

    console.log
         Query params: [Object: null prototype] {
        userId: '77c746f1-b028-4677-b660-1dc48c04d505',
        resourceId: 'cmgorvxuc0007n3l48hsndfdq'
      }

      at getResourcesV2 
(src/controllers/rbac.controller.ts:195:13)

    console.log
         Headers: {
        authorization: '[MISSING]',
        'user-agent': undefined,
        'content-type': undefined
      }

      at getResourcesV2 
(src/controllers/rbac.controller.ts:196:13)

    console.log
         User from token: { userId: 
'77c746f1-b028-4677-b660-1dc48c04d505', isSuperAdmin: true }

      at getResourcesV2 
(src/controllers/rbac.controller.ts:201:13)

    console.log
      Γ£à DEBUG: Proceeding with userId: 
77c746f1-b028-4677-b660-1dc48c04d505

      at getResourcesV2 
(src/controllers/rbac.controller.ts:209:13)

    console.log
      ≡ƒôï DEBUG: Filter params - page: 1 limit: 10 resourceName: 
undefined resourceId: cmgorvxuc0007n3l48hsndfdq q: undefined

      at getResourcesV2 
(src/controllers/rbac.controller.ts:212:13)

    console.log
      ≡ƒôè DEBUG: Resources fetched: 1 items, total: 1 pages: 1

      at getResourcesV2 
(src/controllers/rbac.controller.ts:226:13)

    console.log
      ≡ƒöì DEBUG: GET /resources/v2 request received

      at getResourcesV2 
(src/controllers/rbac.controller.ts:192:13)

    console.log
         Method: GET

      at getResourcesV2 
(src/controllers/rbac.controller.ts:193:13)

    console.log
         URL: /resources/v2?userId=77c746f1-b028-4677-b660-1dc48c0
4d505&resourceName=nonexistent

      at getResourcesV2 
(src/controllers/rbac.controller.ts:194:13)

    console.log
         Query params: [Object: null prototype] {
        userId: '77c746f1-b028-4677-b660-1dc48c04d505',
        resourceName: 'nonexistent'
      }

      at getResourcesV2 
(src/controllers/rbac.controller.ts:195:13)

    console.log
         Headers: {
        authorization: '[MISSING]',
        'user-agent': undefined,
        'content-type': undefined
      }

      at getResourcesV2 
(src/controllers/rbac.controller.ts:196:13)

    console.log
         User from token: { userId: 
'77c746f1-b028-4677-b660-1dc48c04d505', isSuperAdmin: true }

      at getResourcesV2 
(src/controllers/rbac.controller.ts:201:13)

    console.log
      Γ£à DEBUG: Proceeding with userId: 
77c746f1-b028-4677-b660-1dc48c04d505

      at getResourcesV2 
(src/controllers/rbac.controller.ts:209:13)

    console.log
      ≡ƒôï DEBUG: Filter params - page: 1 limit: 10 resourceName: 
nonexistent resourceId: undefined q: undefined

      at getResourcesV2 
(src/controllers/rbac.controller.ts:212:13)

    console.log
      ≡ƒôè DEBUG: Resources fetched: 0 items, total: 0 pages: 0

      at getResourcesV2 
(src/controllers/rbac.controller.ts:226:13)

    console.log
      ≡ƒöì DEBUG: GET /resources/v2 request received

      at getResourcesV2 
(src/controllers/rbac.controller.ts:192:13)

    console.log
         Method: GET

      at getResourcesV2 
(src/controllers/rbac.controller.ts:193:13)

    console.log
         URL: /resources/v2?userId=77c746f1-b028-4677-b660-1dc48c0
4d505&resourceId=00000000-0000-0000-0000-000000000000

      at getResourcesV2 
(src/controllers/rbac.controller.ts:194:13)

    console.log
         Query params: [Object: null prototype] {
        userId: '77c746f1-b028-4677-b660-1dc48c04d505',
        resourceId: '00000000-0000-0000-0000-000000000000'
      }

      at getResourcesV2 
(src/controllers/rbac.controller.ts:195:13)

    console.log
         Headers: {
        authorization: '[MISSING]',
        'user-agent': undefined,
        'content-type': undefined
      }

      at getResourcesV2 
(src/controllers/rbac.controller.ts:196:13)

    console.log
         User from token: { userId: 
'77c746f1-b028-4677-b660-1dc48c04d505', isSuperAdmin: true }

      at getResourcesV2 
(src/controllers/rbac.controller.ts:201:13)

    console.log
      Γ£à DEBUG: Proceeding with userId: 
77c746f1-b028-4677-b660-1dc48c04d505

      at getResourcesV2 
(src/controllers/rbac.controller.ts:209:13)

    console.log
      ≡ƒôï DEBUG: Filter params - page: 1 limit: 10 resourceName: 
undefined resourceId: 00000000-0000-0000-0000-000000000000 q: 
undefined

      at getResourcesV2 
(src/controllers/rbac.controller.ts:212:13)

    console.log
      ≡ƒôè DEBUG: Resources fetched: 0 items, total: 0 pages: 0

      at getResourcesV2 
(src/controllers/rbac.controller.ts:226:13)

    console.log
      ≡ƒöì DEBUG: GET /resources/v2 request received

      at getResourcesV2 
(src/controllers/rbac.controller.ts:192:13)

    console.log
         Method: GET

      at getResourcesV2 
(src/controllers/rbac.controller.ts:193:13)

    console.log
         URL: /resources/v2?userId=77c746f1-b028-4677-b660-1dc48c0
4d505&page=1&limit=1&resourceName=resource

      at getResourcesV2 
(src/controllers/rbac.controller.ts:194:13)

    console.log
         Query params: [Object: null prototype] {
        userId: '77c746f1-b028-4677-b660-1dc48c04d505',
        page: '1',
        limit: '1',
        resourceName: 'resource'
      }

      at getResourcesV2 
(src/controllers/rbac.controller.ts:195:13)

    console.log
         Headers: {
        authorization: '[MISSING]',
        'user-agent': undefined,
        'content-type': undefined
      }

      at getResourcesV2 
(src/controllers/rbac.controller.ts:196:13)

    console.log
         User from token: { userId: 
'77c746f1-b028-4677-b660-1dc48c04d505', isSuperAdmin: true }

      at getResourcesV2 
(src/controllers/rbac.controller.ts:201:13)

    console.log
      Γ£à DEBUG: Proceeding with userId: 
77c746f1-b028-4677-b660-1dc48c04d505

      at getResourcesV2 
(src/controllers/rbac.controller.ts:209:13)

    console.log
      ≡ƒôï DEBUG: Filter params - page: 1 limit: 1 resourceName: 
resource resourceId: undefined q: undefined

      at getResourcesV2 
(src/controllers/rbac.controller.ts:212:13)

    console.log
      ≡ƒôè DEBUG: Resources fetched: 1 items, total: 2 pages: 2

      at getResourcesV2 
(src/controllers/rbac.controller.ts:226:13)

  ΓùÅ Internal Resources Endpoints ΓÇ║ GET 
/api/internal/resources/:userId ΓÇ║ should return resources and 
roles for the specified user

    expect(received).toContain(expected) // indexOf

    Expected value: "Resource 1 (DELETED 2025-10-11)"
    Received array: ["Resource 1 (DELETED 2025-10-13)", "Resource 
2"]

    [0m [90m 643 |[39m       [90m// Verify specific resources 
and roles[39m
     [90m 644 |[39m       [36mconst[39m resourceNames 
[33m=[39m response[33m.[39mbody[33m.[39mresources[33m.[39m
map((r[33m:[39m any) [33m=>[39m 
r[33m.[39mresourceName)[33m;[39m
    [31m[1m>[22m[39m[90m 645 |[39m       
expect(resourceNames)[33m.[39mtoContain([32m'Resource 1 
(DELETED 2025-10-11)'[39m)[33m;[39m
     [90m     |[39m                             
[31m[1m^[22m[39m
     [90m 646 |[39m       
expect(resourceNames)[33m.[39mtoContain([32m'Resource 
2'[39m)[33m;[39m
     [90m 647 |[39m       expect(resourceNames)[33m.[39mnot[3
3m.[39mtoContain([32m'Resource 3'[39m)[33m;[39m
     [90m 648 |[39m     })[33m;[39m[0m

      at Object.<anonymous> 
(tests/internal-endpoints.test.ts:645:29)

[14:49:16.446] [34mDEBUG[39m (13720): [36mIncoming auth request[39m
    [35mmethod[39m: "POST"
    [35mpath[39m: "/api/auth/login"
    [35moriginalUrl[39m: "/api/auth/login"
    [35murl[39m: "/api/auth/login"
    [35mip[39m: "::ffff:127.0.0.1"
    [35mcontentLength[39m: "66"
    [35mauthorization[39m: "[MISSING]"
    [35mparams[39m: {}
    [35mquery[39m: {}
    [35mpathSegments[39m: [
      "",
      "api",
      "auth",
      "login"
    ]
    [35mheadersCount[39m: 5
[14:49:16.455] [34mDEBUG[39m (13720): [36mLogin attempt[39m
    [35memail[39m: "testuser-auth@example.com"
    [35mip[39m: "::ffff:127.0.0.1"
    [35mmethod[39m: "POST"
    [35mpath[39m: "/login"
    [35mpasswordLength[39m: 15
    [35mheaders[39m: {
      "content-length": "66",
      "content-type": "application/json"
    }
[14:49:16.521] [34mDEBUG[39m (13720): [36mLogin successful[39m
    [35memail[39m: "testuser-auth@example.com"
    [35mip[39m: "::ffff:127.0.0.1"
    [35maccessTokenLength[39m: 313
    [35mrefreshTokenLength[39m: 237
[14:49:16.526] [34mDEBUG[39m (13720): [36mIncoming auth request[39m
    [35mmethod[39m: "POST"
    [35mpath[39m: "/api/auth/login"
    [35moriginalUrl[39m: "/api/auth/login"
    [35murl[39m: "/api/auth/login"
    [35mip[39m: "::ffff:127.0.0.1"
    [35mcontentLength[39m: "64"
    [35mauthorization[39m: "[MISSING]"
    [35mparams[39m: {}
    [35mquery[39m: {}
    [35mpathSegments[39m: [
      "",
      "api",
      "auth",
      "login"
    ]
    [35mheadersCount[39m: 5
[14:49:16.527] [34mDEBUG[39m (13720): [36mLogin attempt[39m
    [35memail[39m: "nonexistent@example.com"
    [35mip[39m: "::ffff:127.0.0.1"
    [35mmethod[39m: "POST"
    [35mpath[39m: "/login"
    [35mpasswordLength[39m: 15
    [35mheaders[39m: {
      "content-length": "64",
      "content-type": "application/json"
    }
[14:49:16.529] [34mDEBUG[39m (13720): [36mLogin failed[39m
    [35memail[39m: "nonexistent@example.com"
    [35mip[39m: "::ffff:127.0.0.1"
    [35mreason[39m: "Invalid credentials"
    [35mmethod[39m: "POST"
    [35mpath[39m: "/login"
    [35mpasswordLength[39m: 15
    error: {
      "name": "Error",
      "message": "Invalid credentials"
    }
[14:49:16.532] [34mDEBUG[39m (13720): [36mIncoming auth request[39m
    [35mmethod[39m: "POST"
    [35mpath[39m: "/api/auth/login"
    [35moriginalUrl[39m: "/api/auth/login"
    [35murl[39m: "/api/auth/login"
    [35mip[39m: "::ffff:127.0.0.1"
    [35mcontentLength[39m: "64"
    [35mauthorization[39m: "[MISSING]"
    [35mparams[39m: {}
    [35mquery[39m: {}
    [35mpathSegments[39m: [
      "",
      "api",
      "auth",
      "login"
    ]
    [35mheadersCount[39m: 5
[14:49:16.533] [34mDEBUG[39m (13720): [36mLogin attempt[39m
    [35memail[39m: "testuser-auth@example.com"
    [35mip[39m: "::ffff:127.0.0.1"
    [35mmethod[39m: "POST"
    [35mpath[39m: "/login"
    [35mpasswordLength[39m: 13
    [35mheaders[39m: {
      "content-length": "64",
      "content-type": "application/json"
    }
[14:49:16.587] [34mDEBUG[39m (13720): [36mLogin failed[39m
    [35memail[39m: "testuser-auth@example.com"
    [35mip[39m: "::ffff:127.0.0.1"
    [35mreason[39m: "Invalid credentials"
    [35mmethod[39m: "POST"
    [35mpath[39m: "/login"
    [35mpasswordLength[39m: 13
    error: {
      "name": "Error",
      "message": "Invalid credentials"
    }
[14:49:16.592] [34mDEBUG[39m (13720): [36mIncoming auth request[39m
    [35mmethod[39m: "POST"
    [35mpath[39m: "/api/auth/login"
    [35moriginalUrl[39m: "/api/auth/login"
    [35murl[39m: "/api/auth/login"
    [35mip[39m: "::ffff:127.0.0.1"
    [35mcontentLength[39m: "30"
    [35mauthorization[39m: "[MISSING]"
    [35mparams[39m: {}
    [35mquery[39m: {}
    [35mpathSegments[39m: [
      "",
      "api",
      "auth",
      "login"
    ]
    [35mheadersCount[39m: 5
[14:49:16.596] [34mDEBUG[39m (13720): [36mIncoming auth request[39m
    [35mmethod[39m: "POST"
    [35mpath[39m: "/api/auth/login"
    [35moriginalUrl[39m: "/api/auth/login"
    [35murl[39m: "/api/auth/login"
    [35mip[39m: "::ffff:127.0.0.1"
    [35mcontentLength[39m: "37"
    [35mauthorization[39m: "[MISSING]"
    [35mparams[39m: {}
    [35mquery[39m: {}
    [35mpathSegments[39m: [
      "",
      "api",
      "auth",
      "login"
    ]
    [35mheadersCount[39m: 5
[14:49:16.599] [34mDEBUG[39m (13720): [36mIncoming auth request[39m
    [35mmethod[39m: "POST"
    [35mpath[39m: "/api/auth/login"
    [35moriginalUrl[39m: "/api/auth/login"
    [35murl[39m: "/api/auth/login"
    [35mip[39m: "::ffff:127.0.0.1"
    [35mcontentLength[39m: "2"
    [35mauthorization[39m: "[MISSING]"
    [35mparams[39m: {}
    [35mquery[39m: {}
    [35mpathSegments[39m: [
      "",
      "api",
      "auth",
      "login"
    ]
    [35mheadersCount[39m: 5
[14:49:16.602] [34mDEBUG[39m (13720): [36mIncoming auth request[39m
    [35mmethod[39m: "POST"
    [35mpath[39m: "/api/auth/login"
    [35moriginalUrl[39m: "/api/auth/login"
    [35murl[39m: "/api/auth/login"
    [35mip[39m: "::ffff:127.0.0.1"
    [35mcontentLength[39m: "54"
    [35mauthorization[39m: "[MISSING]"
    [35mparams[39m: {}
    [35mquery[39m: {}
    [35mpathSegments[39m: [
      "",
      "api",
      "auth",
      "login"
    ]
    [35mheadersCount[39m: 5
[14:49:16.662] [34mDEBUG[39m (13720): [36mIncoming auth request[39m
    [35mmethod[39m: "POST"
    [35mpath[39m: "/api/auth/login"
    [35moriginalUrl[39m: "/api/auth/login"
    [35murl[39m: "/api/auth/login"
    [35mip[39m: "::ffff:127.0.0.1"
    [35mcontentLength[39m: "64"
    [35mauthorization[39m: "[MISSING]"
    [35mparams[39m: {}
    [35mquery[39m: {}
    [35mpathSegments[39m: [
      "",
      "api",
      "auth",
      "login"
    ]
    [35mheadersCount[39m: 5
[14:49:16.663] [34mDEBUG[39m (13720): [36mLogin attempt[39m
    [35memail[39m: "deactivated@example.com"
    [35mip[39m: "::ffff:127.0.0.1"
    [35mmethod[39m: "POST"
    [35mpath[39m: "/login"
    [35mpasswordLength[39m: 15
    [35mheaders[39m: {
      "content-length": "64",
      "content-type": "application/json"
    }
[14:49:16.667] [34mDEBUG[39m (13720): [36mLogin failed[39m
    [35memail[39m: "deactivated@example.com"
    [35mip[39m: "::ffff:127.0.0.1"
    [35mreason[39m: "Account is deactivated"
    [35mmethod[39m: "POST"
    [35mpath[39m: "/login"
    [35mpasswordLength[39m: 15
    error: {
      "name": "Error",
      "message": "Account is deactivated"
    }
[14:49:16.681] [34mDEBUG[39m (13720): [36mIncoming auth request[39m
    [35mmethod[39m: "GET"
    [35mpath[39m: "/api/auth/me"
    [35moriginalUrl[39m: "/api/auth/me"
    [35murl[39m: "/api/auth/me"
    [35mip[39m: "::ffff:127.0.0.1"
    [35mauthorization[39m: "[PRESENT]"
    [35mparams[39m: {}
    [35mquery[39m: {}
    [35mpathSegments[39m: [
      "",
      "api",
      "auth",
      "me"
    ]
    [35mheadersCount[39m: 4
[14:49:16.685] [34mDEBUG[39m (13720): [36mAuthGuard: Decoded userId from token[39m
    [35muserId[39m: "f35cec13-cf06-4d7d-a79b-eaf601cbd5d6"
    [35mip[39m: "::ffff:127.0.0.1"
    [35mpath[39m: "/me"
[14:49:16.688] [34mDEBUG[39m (13720): [36mAuthGuard: User lookup result[39m
    [35muserId[39m: "f35cec13-cf06-4d7d-a79b-eaf601cbd5d6"
    [35muserFound[39m: true
    [35misActive[39m: true
    [35mip[39m: "::ffff:127.0.0.1"
[14:49:16.688] [34mDEBUG[39m (13720): [36mAuthentication successful[39m
    [35muserId[39m: "f35cec13-cf06-4d7d-a79b-eaf601cbd5d6"
    [35misSuperAdmin[39m: false
    [35mpermissionCount[39m: 0
    [35mip[39m: "::ffff:127.0.0.1"
[14:49:16.688] [34mDEBUG[39m (13720): [36mGetMe endpoint called[39m
    [35muserId[39m: "f35cec13-cf06-4d7d-a79b-eaf601cbd5d6"
    [35mip[39m: "::ffff:127.0.0.1"
    [35mmethod[39m: "GET"
    [35mpath[39m: "/me"
    [35mheaders[39m: {
      "authorization": "[PRESENT]"
    }
[14:49:16.690] [34mDEBUG[39m (13720): [36mGetMe successful[39m
    [35muserId[39m: "f35cec13-cf06-4d7d-a79b-eaf601cbd5d6"
    [35mip[39m: "::ffff:127.0.0.1"
    [35mhasDetails[39m: false
    [35mhasReportTo[39m: false
    [35mresourcesCount[39m: 0
[14:49:16.690] [34mDEBUG[39m (13720): [36mGetMe response prepared[39m
    [35muserId[39m: "f35cec13-cf06-4d7d-a79b-eaf601cbd5d6"
    [35mip[39m: "::ffff:127.0.0.1"
    [35mresponseSize[39m: 225
[14:49:16.690] [34mDEBUG[39m (13720): [36mResponse being sent for /me endpoint[39m
    [35mmethod[39m: "GET"
    [35mpath[39m: "/me"
    [35mip[39m: "::ffff:127.0.0.1"
    [35mstatusCode[39m: 200
    [35mresponseSize[39m: 225
    [35mhasDetails[39m: false
    [35mhasResources[39m: true
    [35mresourcesCount[39m: 0
[14:49:16.694] [34mDEBUG[39m (13720): [36mIncoming auth request[39m
    [35mmethod[39m: "GET"
    [35mpath[39m: "/api/auth/me"
    [35moriginalUrl[39m: "/api/auth/me"
    [35murl[39m: "/api/auth/me"
    [35mip[39m: "::ffff:127.0.0.1"
    [35mauthorization[39m: "[MISSING]"
    [35mparams[39m: {}
    [35mquery[39m: {}
    [35mpathSegments[39m: [
      "",
      "api",
      "auth",
      "me"
    ]
    [35mheadersCount[39m: 3
[14:49:16.695] [34mDEBUG[39m (13720): [36mAuthentication failed: No token provided[39m
    [35mip[39m: "::ffff:127.0.0.1"
    [35mpath[39m: "/me"
    [35mmethod[39m: "GET"
[14:49:16.695] [34mDEBUG[39m (13720): [36mResponse being sent for /me endpoint[39m
    [35mmethod[39m: "GET"
    [35mpath[39m: "/me"
    [35mip[39m: "::ffff:127.0.0.1"
    [35mstatusCode[39m: 401
    [35mresponseSize[39m: 31
    [35mhasDetails[39m: false
    [35mhasResources[39m: false
    [35mresourcesCount[39m: 0
[14:49:16.698] [34mDEBUG[39m (13720): [36mIncoming auth request[39m
    [35mmethod[39m: "GET"
    [35mpath[39m: "/api/auth/me"
    [35moriginalUrl[39m: "/api/auth/me"
    [35murl[39m: "/api/auth/me"
    [35mip[39m: "::ffff:127.0.0.1"
    [35mauthorization[39m: "[PRESENT]"
    [35mparams[39m: {}
    [35mquery[39m: {}
    [35mpathSegments[39m: [
      "",
      "api",
      "auth",
      "me"
    ]
    [35mheadersCount[39m: 4
[14:49:16.699] [34mDEBUG[39m (13720): [36mAuthentication failed: Token verification error[39m
    [35mip[39m: "::ffff:127.0.0.1"
    [35mpath[39m: "/me"
    [35mmethod[39m: "GET"
    error: "jwt malformed"
[14:49:16.700] [34mDEBUG[39m (13720): [36mResponse being sent for /me endpoint[39m
    [35mmethod[39m: "GET"
    [35mpath[39m: "/me"
    [35mip[39m: "::ffff:127.0.0.1"
    [35mstatusCode[39m: 401
    [35mresponseSize[39m: 27
    [35mhasDetails[39m: false
    [35mhasResources[39m: false
    [35mresourcesCount[39m: 0
[14:49:16.704] [34mDEBUG[39m (13720): [36mIncoming auth request[39m
    [35mmethod[39m: "GET"
    [35mpath[39m: "/api/auth/me"
    [35moriginalUrl[39m: "/api/auth/me"
    [35murl[39m: "/api/auth/me"
    [35mip[39m: "::ffff:127.0.0.1"
    [35mauthorization[39m: "[PRESENT]"
    [35mparams[39m: {}
    [35mquery[39m: {}
    [35mpathSegments[39m: [
      "",
      "api",
      "auth",
      "me"
    ]
    [35mheadersCount[39m: 4
[14:49:16.705] [34mDEBUG[39m (13720): [36mAuthentication failed: No token provided[39m
    [35mip[39m: "::ffff:127.0.0.1"
    [35mpath[39m: "/me"
    [35mmethod[39m: "GET"
[14:49:16.705] [34mDEBUG[39m (13720): [36mResponse being sent for /me endpoint[39m
    [35mmethod[39m: "GET"
    [35mpath[39m: "/me"
    [35mip[39m: "::ffff:127.0.0.1"
    [35mstatusCode[39m: 401
    [35mresponseSize[39m: 31
    [35mhasDetails[39m: false
    [35mhasResources[39m: false
    [35mresourcesCount[39m: 0
[14:49:16.708] [34mDEBUG[39m (13720): [36mIncoming auth request[39m
    [35mmethod[39m: "GET"
    [35mpath[39m: "/api/auth/me"
    [35moriginalUrl[39m: "/api/auth/me"
    [35murl[39m: "/api/auth/me"
    [35mip[39m: "::ffff:127.0.0.1"
    [35mauthorization[39m: "[PRESENT]"
    [35mparams[39m: {}
    [35mquery[39m: {}
    [35mpathSegments[39m: [
      "",
      "api",
      "auth",
      "me"
    ]
    [35mheadersCount[39m: 4
[14:49:16.709] [34mDEBUG[39m (13720): [36mAuthentication failed: Token verification error[39m
    [35mip[39m: "::ffff:127.0.0.1"
    [35mpath[39m: "/me"
    [35mmethod[39m: "GET"
    error: "jwt expired"
[14:49:16.710] [34mDEBUG[39m (13720): [36mResponse being sent for /me endpoint[39m
    [35mmethod[39m: "GET"
    [35mpath[39m: "/me"
    [35mip[39m: "::ffff:127.0.0.1"
    [35mstatusCode[39m: 401
    [35mresponseSize[39m: 27
    [35mhasDetails[39m: false
    [35mhasResources[39m: false
    [35mresourcesCount[39m: 0
[14:49:16.713] [34mDEBUG[39m (13720): [36mIncoming auth request[39m
    [35mmethod[39m: "POST"
    [35mpath[39m: "/api/auth/logout"
    [35moriginalUrl[39m: "/api/auth/logout"
    [35murl[39m: "/api/auth/logout"
    [35mip[39m: "::ffff:127.0.0.1"
    [35mcontentLength[39m: "256"
    [35mauthorization[39m: "[MISSING]"
    [35mparams[39m: {}
    [35mquery[39m: {}
    [35mpathSegments[39m: [
      "",
      "api",
      "auth",
      "logout"
    ]
    [35mheadersCount[39m: 5
[14:49:16.720] [34mDEBUG[39m (13720): [36mIncoming auth request[39m
    [35mmethod[39m: "POST"
    [35mpath[39m: "/api/auth/logout"
    [35moriginalUrl[39m: "/api/auth/logout"
    [35murl[39m: "/api/auth/logout"
    [35mip[39m: "::ffff:127.0.0.1"
    [35mcontentLength[39m: "40"
    [35mauthorization[39m: "[MISSING]"
    [35mparams[39m: {}
    [35mquery[39m: {}
    [35mpathSegments[39m: [
      "",
      "api",
      "auth",
      "logout"
    ]
    [35mheadersCount[39m: 5
[14:49:16.723] [34mDEBUG[39m (13720): [36mIncoming auth request[39m
    [35mmethod[39m: "POST"
    [35mpath[39m: "/api/auth/logout"
    [35moriginalUrl[39m: "/api/auth/logout"
    [35murl[39m: "/api/auth/logout"
    [35mip[39m: "::ffff:127.0.0.1"
    [35mcontentLength[39m: "2"
    [35mauthorization[39m: "[MISSING]"
    [35mparams[39m: {}
    [35mquery[39m: {}
    [35mpathSegments[39m: [
      "",
      "api",
      "auth",
      "logout"
    ]
    [35mheadersCount[39m: 5
[14:49:16.729] [34mDEBUG[39m (13720): [36mIncoming auth request[39m
    [35mmethod[39m: "POST"
    [35mpath[39m: "/api/auth/logout"
    [35moriginalUrl[39m: "/api/auth/logout"
    [35murl[39m: "/api/auth/logout"
    [35mip[39m: "::ffff:127.0.0.1"
    [35mcontentLength[39m: "256"
    [35mauthorization[39m: "[MISSING]"
    [35mparams[39m: {}
    [35mquery[39m: {}
    [35mpathSegments[39m: [
      "",
      "api",
      "auth",
      "logout"
    ]
    [35mheadersCount[39m: 5
[14:49:16.735] [34mDEBUG[39m (13720): [36mIncoming auth request[39m
    [35mmethod[39m: "POST"
    [35mpath[39m: "/api/auth/login"
    [35moriginalUrl[39m: "/api/auth/login"
    [35murl[39m: "/api/auth/login"
    [35mip[39m: "::ffff:127.0.0.1"
    [35mcontentLength[39m: "66"
    [35mauthorization[39m: "[MISSING]"
    [35mparams[39m: {}
    [35mquery[39m: {}
    [35mpathSegments[39m: [
      "",
      "api",
      "auth",
      "login"
    ]
    [35mheadersCount[39m: 5
[14:49:16.736] [34mDEBUG[39m (13720): [36mLogin attempt[39m
    [35memail[39m: "testuser-auth@example.com"
    [35mip[39m: "::ffff:127.0.0.1"
    [35mmethod[39m: "POST"
    [35mpath[39m: "/login"
    [35mpasswordLength[39m: 15
    [35mheaders[39m: {
      "content-length": "66",
      "content-type": "application/json"
    }
[14:49:16.797] [34mDEBUG[39m (13720): [36mLogin successful[39m
    [35memail[39m: "testuser-auth@example.com"
    [35mip[39m: "::ffff:127.0.0.1"
    [35maccessTokenLength[39m: 325
    [35mrefreshTokenLength[39m: 237
[14:49:16.800] [34mDEBUG[39m (13720): [36mIncoming auth request[39m
    [35mmethod[39m: "POST"
    [35mpath[39m: "/api/auth/refresh"
    [35moriginalUrl[39m: "/api/auth/refresh"
    [35murl[39m: "/api/auth/refresh"
    [35mip[39m: "::ffff:127.0.0.1"
    [35mcontentLength[39m: "256"
    [35mauthorization[39m: "[MISSING]"
    [35mparams[39m: {}
    [35mquery[39m: {}
    [35mpathSegments[39m: [
      "",
      "api",
      "auth",
      "refresh"
    ]
    [35mheadersCount[39m: 5
[14:49:16.809] [34mDEBUG[39m (13720): [36mIncoming auth request[39m
    [35mmethod[39m: "POST"
    [35mpath[39m: "/api/auth/refresh"
    [35moriginalUrl[39m: "/api/auth/refresh"
    [35murl[39m: "/api/auth/refresh"
    [35mip[39m: "::ffff:127.0.0.1"
    [35mcontentLength[39m: "40"
    [35mauthorization[39m: "[MISSING]"
    [35mparams[39m: {}
    [35mquery[39m: {}
    [35mpathSegments[39m: [
      "",
      "api",
      "auth",
      "refresh"
    ]
    [35mheadersCount[39m: 5
[14:49:16.814] [34mDEBUG[39m (13720): [36mIncoming auth request[39m
    [35mmethod[39m: "POST"
    [35mpath[39m: "/api/auth/refresh"
    [35moriginalUrl[39m: "/api/auth/refresh"
    [35murl[39m: "/api/auth/refresh"
    [35mip[39m: "::ffff:127.0.0.1"
    [35mcontentLength[39m: "2"
    [35mauthorization[39m: "[MISSING]"
    [35mparams[39m: {}
    [35mquery[39m: {}
    [35mpathSegments[39m: [
      "",
      "api",
      "auth",
      "refresh"
    ]
    [35mheadersCount[39m: 5
[14:49:16.817] [34mDEBUG[39m (13720): [36mIncoming auth request[39m
    [35mmethod[39m: "POST"
    [35mpath[39m: "/api/auth/refresh"
    [35moriginalUrl[39m: "/api/auth/refresh"
    [35murl[39m: "/api/auth/refresh"
    [35mip[39m: "::ffff:127.0.0.1"
    [35mcontentLength[39m: "256"
    [35mauthorization[39m: "[MISSING]"
    [35mparams[39m: {}
    [35mquery[39m: {}
    [35mpathSegments[39m: [
      "",
      "api",
      "auth",
      "refresh"
    ]
    [35mheadersCount[39m: 5
[14:49:16.823] [34mDEBUG[39m (13720): [36mIncoming auth request[39m
    [35mmethod[39m: "POST"
    [35mpath[39m: "/api/auth/login"
    [35moriginalUrl[39m: "/api/auth/login"
    [35murl[39m: "/api/auth/login"
    [35mip[39m: "::ffff:127.0.0.1"
    [35mcontentLength[39m: "66"
    [35mauthorization[39m: "[MISSING]"
    [35mparams[39m: {}
    [35mquery[39m: {}
    [35mpathSegments[39m: [
      "",
      "api",
      "auth",
      "login"
    ]
    [35mheadersCount[39m: 5
[14:49:16.824] [34mDEBUG[39m (13720): [36mLogin attempt[39m
    [35memail[39m: "testuser-auth@example.com"
    [35mip[39m: "::ffff:127.0.0.1"
    [35mmethod[39m: "POST"
    [35mpath[39m: "/login"
    [35mpasswordLength[39m: 15
    [35mheaders[39m: {
      "content-length": "66",
      "content-type": "application/json"
    }
[14:49:16.883] [34mDEBUG[39m (13720): [36mLogin successful[39m
    [35memail[39m: "testuser-auth@example.com"
    [35mip[39m: "::ffff:127.0.0.1"
    [35maccessTokenLength[39m: 325
    [35mrefreshTokenLength[39m: 237
[14:49:16.886] [34mDEBUG[39m (13720): [36mIncoming auth request[39m
    [35mmethod[39m: "GET"
    [35mpath[39m: "/api/auth/me"
    [35moriginalUrl[39m: "/api/auth/me"
    [35murl[39m: "/api/auth/me"
    [35mip[39m: "::ffff:127.0.0.1"
    [35mauthorization[39m: "[PRESENT]"
    [35mparams[39m: {}
    [35mquery[39m: {}
    [35mpathSegments[39m: [
      "",
      "api",
      "auth",
      "me"
    ]
    [35mheadersCount[39m: 4
[14:49:16.889] [34mDEBUG[39m (13720): [36mAuthGuard: Decoded userId from token[39m
    [35muserId[39m: "f35cec13-cf06-4d7d-a79b-eaf601cbd5d6"
    [35mip[39m: "::ffff:127.0.0.1"
    [35mpath[39m: "/me"
[14:49:16.891] [34mDEBUG[39m (13720): [36mAuthGuard: User lookup result[39m
    [35muserId[39m: "f35cec13-cf06-4d7d-a79b-eaf601cbd5d6"
    [35muserFound[39m: true
    [35misActive[39m: true
    [35mip[39m: "::ffff:127.0.0.1"
[14:49:16.891] [34mDEBUG[39m (13720): [36mAuthentication successful[39m
    [35muserId[39m: "f35cec13-cf06-4d7d-a79b-eaf601cbd5d6"
    [35misSuperAdmin[39m: false
    [35mpermissionCount[39m: 1
    [35mip[39m: "::ffff:127.0.0.1"
[14:49:16.891] [34mDEBUG[39m (13720): [36mGetMe endpoint called[39m
    [35muserId[39m: "f35cec13-cf06-4d7d-a79b-eaf601cbd5d6"
    [35mip[39m: "::ffff:127.0.0.1"
    [35mmethod[39m: "GET"
    [35mpath[39m: "/me"
    [35mheaders[39m: {
      "authorization": "[PRESENT]"
    }
[14:49:16.893] [34mDEBUG[39m (13720): [36mGetMe successful[39m
    [35muserId[39m: "f35cec13-cf06-4d7d-a79b-eaf601cbd5d6"
    [35mip[39m: "::ffff:127.0.0.1"
    [35mhasDetails[39m: false
    [35mhasReportTo[39m: false
    [35mresourcesCount[39m: 0
[14:49:16.893] [34mDEBUG[39m (13720): [36mGetMe response prepared[39m
    [35muserId[39m: "f35cec13-cf06-4d7d-a79b-eaf601cbd5d6"
    [35mip[39m: "::ffff:127.0.0.1"
    [35mresponseSize[39m: 225
[14:49:16.893] [34mDEBUG[39m (13720): [36mResponse being sent for /me endpoint[39m
    [35mmethod[39m: "GET"
    [35mpath[39m: "/me"
    [35mip[39m: "::ffff:127.0.0.1"
    [35mstatusCode[39m: 200
    [35mresponseSize[39m: 225
    [35mhasDetails[39m: false
    [35mhasResources[39m: true
    [35mresourcesCount[39m: 0
[14:49:16.896] [34mDEBUG[39m (13720): [36mIncoming auth request[39m
    [35mmethod[39m: "POST"
    [35mpath[39m: "/api/auth/refresh"
    [35moriginalUrl[39m: "/api/auth/refresh"
    [35murl[39m: "/api/auth/refresh"
    [35mip[39m: "::ffff:127.0.0.1"
    [35mcontentLength[39m: "256"
    [35mauthorization[39m: "[MISSING]"
    [35mparams[39m: {}
    [35mquery[39m: {}
    [35mpathSegments[39m: [
      "",
      "api",
      "auth",
      "refresh"
    ]
    [35mheadersCount[39m: 5
[14:49:16.905] [34mDEBUG[39m (13720): [36mIncoming auth request[39m
    [35mmethod[39m: "GET"
    [35mpath[39m: "/api/auth/me"
    [35moriginalUrl[39m: "/api/auth/me"
    [35murl[39m: "/api/auth/me"
    [35mip[39m: "::ffff:127.0.0.1"
    [35mauthorization[39m: "[PRESENT]"
    [35mparams[39m: {}
    [35mquery[39m: {}
    [35mpathSegments[39m: [
      "",
      "api",
      "auth",
      "me"
    ]
    [35mheadersCount[39m: 4
[14:49:16.906] [34mDEBUG[39m (13720): [36mAuthGuard: Decoded userId from token[39m
    [35muserId[39m: "f35cec13-cf06-4d7d-a79b-eaf601cbd5d6"
    [35mip[39m: "::ffff:127.0.0.1"
    [35mpath[39m: "/me"
[14:49:16.908] [34mDEBUG[39m (13720): [36mAuthGuard: User lookup result[39m
    [35muserId[39m: "f35cec13-cf06-4d7d-a79b-eaf601cbd5d6"
    [35muserFound[39m: true
    [35misActive[39m: true
    [35mip[39m: "::ffff:127.0.0.1"
[14:49:16.908] [34mDEBUG[39m (13720): [36mAuthentication successful[39m
    [35muserId[39m: "f35cec13-cf06-4d7d-a79b-eaf601cbd5d6"
    [35misSuperAdmin[39m: false
    [35mpermissionCount[39m: 1
    [35mip[39m: "::ffff:127.0.0.1"
[14:49:16.908] [34mDEBUG[39m (13720): [36mGetMe endpoint called[39m
    [35muserId[39m: "f35cec13-cf06-4d7d-a79b-eaf601cbd5d6"
    [35mip[39m: "::ffff:127.0.0.1"
    [35mmethod[39m: "GET"
    [35mpath[39m: "/me"
    [35mheaders[39m: {
      "authorization": "[PRESENT]"
    }
[14:49:16.910] [34mDEBUG[39m (13720): [36mGetMe successful[39m
    [35muserId[39m: "f35cec13-cf06-4d7d-a79b-eaf601cbd5d6"
    [35mip[39m: "::ffff:127.0.0.1"
    [35mhasDetails[39m: false
    [35mhasReportTo[39m: false
    [35mresourcesCount[39m: 0
[14:49:16.910] [34mDEBUG[39m (13720): [36mGetMe response prepared[39m
    [35muserId[39m: "f35cec13-cf06-4d7d-a79b-eaf601cbd5d6"
    [35mip[39m: "::ffff:127.0.0.1"
    [35mresponseSize[39m: 225
[14:49:16.910] [34mDEBUG[39m (13720): [36mResponse being sent for /me endpoint[39m
    [35mmethod[39m: "GET"
    [35mpath[39m: "/me"
    [35mip[39m: "::ffff:127.0.0.1"
    [35mstatusCode[39m: 200
    [35mresponseSize[39m: 225
    [35mhasDetails[39m: false
    [35mhasResources[39m: true
    [35mresourcesCount[39m: 0
[14:49:16.913] [34mDEBUG[39m (13720): [36mIncoming auth request[39m
    [35mmethod[39m: "POST"
    [35mpath[39m: "/api/auth/logout"
    [35moriginalUrl[39m: "/api/auth/logout"
    [35murl[39m: "/api/auth/logout"
    [35mip[39m: "::ffff:127.0.0.1"
    [35mcontentLength[39m: "256"
    [35mauthorization[39m: "[MISSING]"
    [35mparams[39m: {}
    [35mquery[39m: {}
    [35mpathSegments[39m: [
      "",
      "api",
      "auth",
      "logout"
    ]
    [35mheadersCount[39m: 5
[14:49:16.918] [34mDEBUG[39m (13720): [36mIncoming auth request[39m
    [35mmethod[39m: "POST"
    [35mpath[39m: "/api/auth/refresh"
    [35moriginalUrl[39m: "/api/auth/refresh"
    [35murl[39m: "/api/auth/refresh"
    [35mip[39m: "::ffff:127.0.0.1"
    [35mcontentLength[39m: "256"
    [35mauthorization[39m: "[MISSING]"
    [35mparams[39m: {}
    [35mquery[39m: {}
    [35mpathSegments[39m: [
      "",
      "api",
      "auth",
      "refresh"
    ]
    [35mheadersCount[39m: 5
[14:49:16.981] [34mDEBUG[39m (13720): [36mIncoming auth request[39m
    [35mmethod[39m: "POST"
    [35mpath[39m: "/api/auth/login"
    [35moriginalUrl[39m: "/api/auth/login"
    [35murl[39m: "/api/auth/login"
    [35mip[39m: "::ffff:127.0.0.1"
    [35mcontentLength[39m: "70"
    [35mauthorization[39m: "[MISSING]"
    [35mparams[39m: {}
    [35mquery[39m: {}
    [35mpathSegments[39m: [
      "",
      "api",
      "auth",
      "login"
    ]
    [35mheadersCount[39m: 5
[14:49:16.982] [34mDEBUG[39m (13720): [36mLogin attempt[39m
    [35memail[39m: "superadmin-auth@example.com"
    [35mip[39m: "::ffff:127.0.0.1"
    [35mmethod[39m: "POST"
    [35mpath[39m: "/login"
    [35mpasswordLength[39m: 17
    [35mheaders[39m: {
      "content-length": "70",
      "content-type": "application/json"
    }
[14:49:17.045] [34mDEBUG[39m (13720): [36mLogin successful[39m
    [35memail[39m: "superadmin-auth@example.com"
    [35mip[39m: "::ffff:127.0.0.1"
    [35maccessTokenLength[39m: 328
    [35mrefreshTokenLength[39m: 237
[14:49:17.048] [34mDEBUG[39m (13720): [36mIncoming auth request[39m
    [35mmethod[39m: "GET"
    [35mpath[39m: "/api/auth/me"
    [35moriginalUrl[39m: "/api/auth/me"
    [35murl[39m: "/api/auth/me"
    [35mip[39m: "::ffff:127.0.0.1"
    [35mauthorization[39m: "[PRESENT]"
    [35mparams[39m: {}
    [35mquery[39m: {}
    [35mpathSegments[39m: [
      "",
      "api",
      "auth",
      "me"
    ]
    [35mheadersCount[39m: 4
[14:49:17.049] [34mDEBUG[39m (13720): [36mAuthGuard: Decoded userId from token[39m
    [35muserId[39m: "3b96fe99-3954-4f59-ba32-21ec262a9dbb"
    [35mip[39m: "::ffff:127.0.0.1"
    [35mpath[39m: "/me"
[14:49:17.051] [34mDEBUG[39m (13720): [36mAuthGuard: User lookup result[39m
    [35muserId[39m: "3b96fe99-3954-4f59-ba32-21ec262a9dbb"
    [35muserFound[39m: true
    [35misActive[39m: true
    [35mip[39m: "::ffff:127.0.0.1"
[14:49:17.051] [34mDEBUG[39m (13720): [36mAuthentication successful[39m
    [35muserId[39m: "3b96fe99-3954-4f59-ba32-21ec262a9dbb"
    [35misSuperAdmin[39m: true
    [35mpermissionCount[39m: 1
    [35mip[39m: "::ffff:127.0.0.1"
[14:49:17.051] [34mDEBUG[39m (13720): [36mGetMe endpoint called[39m
    [35muserId[39m: "3b96fe99-3954-4f59-ba32-21ec262a9dbb"
    [35mip[39m: "::ffff:127.0.0.1"
    [35mmethod[39m: "GET"
    [35mpath[39m: "/me"
    [35mheaders[39m: {
      "authorization": "[PRESENT]"
    }
[14:49:17.053] [34mDEBUG[39m (13720): [36mGetMe successful[39m
    [35muserId[39m: "3b96fe99-3954-4f59-ba32-21ec262a9dbb"
    [35mip[39m: "::ffff:127.0.0.1"
    [35mhasDetails[39m: false
    [35mhasReportTo[39m: false
    [35mresourcesCount[39m: 0
[14:49:17.053] [34mDEBUG[39m (13720): [36mGetMe response prepared[39m
    [35muserId[39m: "3b96fe99-3954-4f59-ba32-21ec262a9dbb"
    [35mip[39m: "::ffff:127.0.0.1"
    [35mresponseSize[39m: 227
[14:49:17.053] [34mDEBUG[39m (13720): [36mResponse being sent for /me endpoint[39m
    [35mmethod[39m: "GET"
    [35mpath[39m: "/me"
    [35mip[39m: "::ffff:127.0.0.1"
    [35mstatusCode[39m: 200
    [35mresponseSize[39m: 227
    [35mhasDetails[39m: false
    [35mhasResources[39m: true
    [35mresourcesCount[39m: 0
[14:49:17.060] [34mDEBUG[39m (13720): [36mIncoming auth request[39m
    [35mmethod[39m: "POST"
    [35mpath[39m: "/api/auth/register"
    [35moriginalUrl[39m: "/api/auth/register"
    [35murl[39m: "/api/auth/register"
    [35mip[39m: "::ffff:127.0.0.1"
    [35mcontentLength[39m: "64"
    [35mauthorization[39m: "[MISSING]"
    [35mparams[39m: {}
    [35mquery[39m: {}
    [35mpathSegments[39m: [
      "",
      "api",
      "auth",
      "register"
    ]
    [35mheadersCount[39m: 5
[14:49:17.062] [34mDEBUG[39m (13720): [36mRegistration attempt[39m
    [35memail[39m: "verify-test@example.com"
    [35mip[39m: "::ffff:127.0.0.1"
    [35mmethod[39m: "POST"
    [35mpath[39m: "/register"
    [35mpasswordLength[39m: 15
    [35mheaders[39m: {
      "content-length": "64",
      "content-type": "application/json"
    }
[14:49:17.140] [34mDEBUG[39m (13720): [36mRegistration successful[39m
    [35memail[39m: "verify-test@example.com"
    [35muserId[39m: "3e8e81b9-6250-45e8-8575-04b5c55e79a7"
    [35mip[39m: "::ffff:127.0.0.1"
[14:49:17.146] [34mDEBUG[39m (13720): [36mIncoming auth request[39m
    [35mmethod[39m: "POST"
    [35mpath[39m: "/api/auth/login"
    [35moriginalUrl[39m: "/api/auth/login"
    [35murl[39m: "/api/auth/login"
    [35mip[39m: "::ffff:127.0.0.1"
    [35mcontentLength[39m: "64"
    [35mauthorization[39m: "[MISSING]"
    [35mparams[39m: {}
    [35mquery[39m: {}
    [35mpathSegments[39m: [
      "",
      "api",
      "auth",
      "login"
    ]
    [35mheadersCount[39m: 5
[14:49:17.147] [34mDEBUG[39m (13720): [36mLogin attempt[39m
    [35memail[39m: "verify-test@example.com"
    [35mip[39m: "::ffff:127.0.0.1"
    [35mmethod[39m: "POST"
    [35mpath[39m: "/login"
    [35mpasswordLength[39m: 15
    [35mheaders[39m: {
      "content-length": "64",
      "content-type": "application/json"
    }
[14:49:17.148] [34mDEBUG[39m (13720): [36mLogin failed[39m
    [35memail[39m: "verify-test@example.com"
    [35mip[39m: "::ffff:127.0.0.1"
    [35mreason[39m: "User account is not active and unverified"
    [35mmethod[39m: "POST"
    [35mpath[39m: "/login"
    [35mpasswordLength[39m: 15
    error: {
      "name": "Error",
      "message": "User account is not active and unverified"
    }
[14:49:17.151] [34mDEBUG[39m (13720): [36mIncoming auth request[39m
    [35mmethod[39m: "POST"
    [35mpath[39m: "/api/auth/verify/f4b284d9dd6a2efd900f57a8f5981448"
    [35moriginalUrl[39m: "/api/auth/verify/f4b284d9dd6a2efd900f57a8f5981448"
    [35murl[39m: "/api/auth/verify/f4b284d9dd6a2efd900f57a8f5981448"
    [35mip[39m: "::ffff:127.0.0.1"
    [35mcontentLength[39m: "0"
    [35mauthorization[39m: "[MISSING]"
    [35mparams[39m: {}
    [35mquery[39m: {}
    [35mpathSegments[39m: [
      "",
      "api",
      "auth",
      "verify",
      "f4b284d9dd6a2efd900f57a8f5981448"
    ]
    [35mheadersCount[39m: 4
[14:49:17.155] [34mDEBUG[39m (13720): [36mEmail verification attempt[39m
    [35mverificationCode[39m: "f4b284d9..."
    [35mverificationCodeLength[39m: 32
    [35mip[39m: "::ffff:127.0.0.1"
    [35mmethod[39m: "POST"
    [35mpath[39m: "/verify/f4b284d9dd6a2efd900f57a8f5981448"
    [35moriginalUrl[39m: "/api/auth/verify/f4b284d9dd6a2efd900f57a8f5981448"
    [35mheaders[39m: {
      "content-length": "0"
    }
[14:49:17.162] [34mDEBUG[39m (13720): [36mEmail verification successful[39m
    [35mverificationCode[39m: "f4b284d9..."
    [35mip[39m: "::ffff:127.0.0.1"
[14:49:17.162] [34mDEBUG[39m (13720): [36mEmail verification API response[39m
    [35mverificationCode[39m: "f4b284d9..."
    [35mip[39m: "::ffff:127.0.0.1"
    [35mstatusCode[39m: 200
    [35mresponse[39m: {
      "message": "Email verified successfully"
    }
[14:49:17.169] [34mDEBUG[39m (13720): [36mIncoming auth request[39m
    [35mmethod[39m: "POST"
    [35mpath[39m: "/api/auth/login"
    [35moriginalUrl[39m: "/api/auth/login"
    [35murl[39m: "/api/auth/login"
    [35mip[39m: "::ffff:127.0.0.1"
    [35mcontentLength[39m: "64"
    [35mauthorization[39m: "[MISSING]"
    [35mparams[39m: {}
    [35mquery[39m: {}
    [35mpathSegments[39m: [
      "",
      "api",
      "auth",
      "login"
    ]
    [35mheadersCount[39m: 5
[14:49:17.171] [34mDEBUG[39m (13720): [36mLogin attempt[39m
    [35memail[39m: "verify-test@example.com"
    [35mip[39m: "::ffff:127.0.0.1"
    [35mmethod[39m: "POST"
    [35mpath[39m: "/login"
    [35mpasswordLength[39m: 15
    [35mheaders[39m: {
      "content-length": "64",
      "content-type": "application/json"
    }
[14:49:17.234] [34mDEBUG[39m (13720): [36mLogin successful[39m
    [35memail[39m: "verify-test@example.com"
    [35mip[39m: "::ffff:127.0.0.1"
    [35maccessTokenLength[39m: 311
    [35mrefreshTokenLength[39m: 237
[14:49:17.238] [34mDEBUG[39m (13720): [36mIncoming auth request[39m
    [35mmethod[39m: "POST"
    [35mpath[39m: "/api/auth/verify/invalid-code-12345"
    [35moriginalUrl[39m: "/api/auth/verify/invalid-code-12345"
    [35murl[39m: "/api/auth/verify/invalid-code-12345"
    [35mip[39m: "::ffff:127.0.0.1"
    [35mcontentLength[39m: "0"
    [35mauthorization[39m: "[MISSING]"
    [35mparams[39m: {}
    [35mquery[39m: {}
    [35mpathSegments[39m: [
      "",
      "api",
      "auth",
      "verify",
      "invalid-code-12345"
    ]
    [35mheadersCount[39m: 4
[14:49:17.241] [34mDEBUG[39m (13720): [36mEmail verification attempt[39m
    [35mverificationCode[39m: "invalid-..."
    [35mverificationCodeLength[39m: 18
    [35mip[39m: "::ffff:127.0.0.1"
    [35mmethod[39m: "POST"
    [35mpath[39m: "/verify/invalid-code-12345"
    [35moriginalUrl[39m: "/api/auth/verify/invalid-code-12345"
    [35mheaders[39m: {
      "content-length": "0"
    }
[14:49:17.251] [34mDEBUG[39m (13720): [36mEmail verification failed[39m
    [35mverificationCode[39m: "invalid-..."
    [35mip[39m: "::ffff:127.0.0.1"
    [35mreason[39m: "Invalid verification code format. Expected 32-character hexadecimal string."
    [35mmethod[39m: "POST"
    [35mpath[39m: "/verify/invalid-code-12345"
    error: {
      "name": "Error",
      "message": "Invalid verification code format. Expected 32-character hexadecimal string."
    }
[14:49:17.251] [34mDEBUG[39m (13720): [36mEmail verification API error response[39m
    [35mverificationCode[39m: "invalid-..."
    [35mip[39m: "::ffff:127.0.0.1"
    [35mstatusCode[39m: 400
    [35mresponse[39m: {
      "message": "Invalid verification code format. Expected 32-character hexadecimal string."
    }
[14:49:17.256] [34mDEBUG[39m (13720): [36mIncoming auth request[39m
    [35mmethod[39m: "POST"
    [35mpath[39m: "/api/auth/verify/abcdef1234567890abcdef1234567890"
    [35moriginalUrl[39m: "/api/auth/verify/abcdef1234567890abcdef1234567890"
    [35murl[39m: "/api/auth/verify/abcdef1234567890abcdef1234567890"
    [35mip[39m: "::ffff:127.0.0.1"
    [35mcontentLength[39m: "0"
    [35mauthorization[39m: "[MISSING]"
    [35mparams[39m: {}
    [35mquery[39m: {}
    [35mpathSegments[39m: [
      "",
      "api",
      "auth",
      "verify",
      "abcdef1234567890abcdef1234567890"
    ]
    [35mheadersCount[39m: 4
[14:49:17.259] [34mDEBUG[39m (13720): [36mEmail verification attempt[39m
    [35mverificationCode[39m: "abcdef12..."
    [35mverificationCodeLength[39m: 32
    [35mip[39m: "::ffff:127.0.0.1"
    [35mmethod[39m: "POST"
    [35mpath[39m: "/verify/abcdef1234567890abcdef1234567890"
    [35moriginalUrl[39m: "/api/auth/verify/abcdef1234567890abcdef1234567890"
    [35mheaders[39m: {
      "content-length": "0"
    }
[14:49:17.265] [34mDEBUG[39m (13720): [36mEmail verification failed[39m
    [35mverificationCode[39m: "abcdef12..."
    [35mip[39m: "::ffff:127.0.0.1"
    [35mreason[39m: "Verification code has expired"
    [35mmethod[39m: "POST"
    [35mpath[39m: "/verify/abcdef1234567890abcdef1234567890"
    error: {
      "name": "Error",
      "message": "Verification code has expired"
    }
[14:49:17.266] [34mDEBUG[39m (13720): [36mEmail verification API error response[39m
    [35mverificationCode[39m: "abcdef12..."
    [35mip[39m: "::ffff:127.0.0.1"
    [35mstatusCode[39m: 400
    [35mresponse[39m: {
      "message": "Verification code has expired"
    }
[14:49:17.269] [34mDEBUG[39m (13720): [36mIncoming auth request[39m
    [35mmethod[39m: "POST"
    [35mpath[39m: "/api/auth/verify/f4b284d9dd6a2efd900f57a8f5981448"
    [35moriginalUrl[39m: "/api/auth/verify/f4b284d9dd6a2efd900f57a8f5981448"
    [35murl[39m: "/api/auth/verify/f4b284d9dd6a2efd900f57a8f5981448"
    [35mip[39m: "::ffff:127.0.0.1"
    [35mcontentLength[39m: "0"
    [35mauthorization[39m: "[MISSING]"
    [35mparams[39m: {}
    [35mquery[39m: {}
    [35mpathSegments[39m: [
      "",
      "api",
      "auth",
      "verify",
      "f4b284d9dd6a2efd900f57a8f5981448"
    ]
    [35mheadersCount[39m: 4
[14:49:17.272] [34mDEBUG[39m (13720): [36mEmail verification attempt[39m
    [35mverificationCode[39m: "f4b284d9..."
    [35mverificationCodeLength[39m: 32
    [35mip[39m: "::ffff:127.0.0.1"
    [35mmethod[39m: "POST"
    [35mpath[39m: "/verify/f4b284d9dd6a2efd900f57a8f5981448"
    [35moriginalUrl[39m: "/api/auth/verify/f4b284d9dd6a2efd900f57a8f5981448"
    [35mheaders[39m: {
      "content-length": "0"
    }
[14:49:17.275] [34mDEBUG[39m (13720): [36mEmail verification failed[39m
    [35mverificationCode[39m: "f4b284d9..."
    [35mip[39m: "::ffff:127.0.0.1"
    [35mreason[39m: "Verification code has already been used"
    [35mmethod[39m: "POST"
    [35mpath[39m: "/verify/f4b284d9dd6a2efd900f57a8f5981448"
    error: {
      "name": "Error",
      "message": "Verification code has already been used"
    }
[14:49:17.275] [34mDEBUG[39m (13720): [36mEmail verification API error response[39m
    [35mverificationCode[39m: "f4b284d9..."
    [35mip[39m: "::ffff:127.0.0.1"
    [35mstatusCode[39m: 400
    [35mresponse[39m: {
      "message": "Verification code has already been used"
    }
[14:49:17.283] [34mDEBUG[39m (13720): [36mIncoming auth request[39m
    [35mmethod[39m: "POST"
    [35mpath[39m: "/api/auth/register"
    [35moriginalUrl[39m: "/api/auth/register"
    [35murl[39m: "/api/auth/register"
    [35mip[39m: "::ffff:127.0.0.1"
    [35mcontentLength[39m: "64"
    [35mauthorization[39m: "[MISSING]"
    [35mparams[39m: {}
    [35mquery[39m: {}
    [35mpathSegments[39m: [
      "",
      "api",
      "auth",
      "register"
    ]
    [35mheadersCount[39m: 5
[14:49:17.284] [34mDEBUG[39m (13720): [36mRegistration attempt[39m
    [35memail[39m: "resend-test@example.com"
    [35mip[39m: "::ffff:127.0.0.1"
    [35mmethod[39m: "POST"
    [35mpath[39m: "/register"
    [35mpasswordLength[39m: 15
    [35mheaders[39m: {
      "content-length": "64",
      "content-type": "application/json"
    }
[14:49:17.359] [34mDEBUG[39m (13720): [36mRegistration successful[39m
    [35memail[39m: "resend-test@example.com"
    [35muserId[39m: "f1359045-1ae2-4149-9ad0-f6b580647080"
    [35mip[39m: "::ffff:127.0.0.1"
[14:49:17.364] [34mDEBUG[39m (13720): [36mIncoming auth request[39m
    [35mmethod[39m: "POST"
    [35mpath[39m: "/api/auth/resend-verification"
    [35moriginalUrl[39m: "/api/auth/resend-verification"
    [35murl[39m: "/api/auth/resend-verification"
    [35mip[39m: "::ffff:127.0.0.1"
    [35mcontentLength[39m: "35"
    [35mauthorization[39m: "[MISSING]"
    [35mparams[39m: {}
    [35mquery[39m: {}
    [35mpathSegments[39m: [
      "",
      "api",
      "auth",
      "resend-verification"
    ]
    [35mheadersCount[39m: 5
[14:49:17.365] [34mDEBUG[39m (13720): [36mResend verification attempt[39m
    [35memail[39m: "resend-test@example.com"
    [35mip[39m: "::ffff:127.0.0.1"
    [35mmethod[39m: "POST"
    [35mpath[39m: "/resend-verification"
    [35mheaders[39m: {
      "content-length": "35",
      "content-type": "application/json"
    }
[14:49:17.392] [34mDEBUG[39m (13720): [36mResend verification successful[39m
    [35memail[39m: "resend-test@example.com"
    [35mip[39m: "::ffff:127.0.0.1"
[14:49:17.400] [34mDEBUG[39m (13720): [36mIncoming auth request[39m
    [35mmethod[39m: "POST"
    [35mpath[39m: "/api/auth/verify/421215428f3b36dd80deab7d28b6797f"
    [35moriginalUrl[39m: "/api/auth/verify/421215428f3b36dd80deab7d28b6797f"
    [35murl[39m: "/api/auth/verify/421215428f3b36dd80deab7d28b6797f"
    [35mip[39m: "::ffff:127.0.0.1"
    [35mcontentLength[39m: "0"
    [35mauthorization[39m: "[MISSING]"
    [35mparams[39m: {}
    [35mquery[39m: {}
    [35mpathSegments[39m: [
      "",
      "api",
      "auth",
      "verify",
      "421215428f3b36dd80deab7d28b6797f"
    ]
    [35mheadersCount[39m: 4
[14:49:17.403] [34mDEBUG[39m (13720): [36mEmail verification attempt[39m
    [35mverificationCode[39m: "42121542..."
    [35mverificationCodeLength[39m: 32
    [35mip[39m: "::ffff:127.0.0.1"
    [35mmethod[39m: "POST"
    [35mpath[39m: "/verify/421215428f3b36dd80deab7d28b6797f"
    [35moriginalUrl[39m: "/api/auth/verify/421215428f3b36dd80deab7d28b6797f"
    [35mheaders[39m: {
      "content-length": "0"
    }
[14:49:17.410] [34mDEBUG[39m (13720): [36mEmail verification successful[39m
    [35mverificationCode[39m: "42121542..."
    [35mip[39m: "::ffff:127.0.0.1"
[14:49:17.410] [34mDEBUG[39m (13720): [36mEmail verification API response[39m
    [35mverificationCode[39m: "42121542..."
    [35mip[39m: "::ffff:127.0.0.1"
    [35mstatusCode[39m: 200
    [35mresponse[39m: {
      "message": "Email verified successfully"
    }
[14:49:17.413] [34mDEBUG[39m (13720): [36mIncoming auth request[39m
    [35mmethod[39m: "POST"
    [35mpath[39m: "/api/auth/resend-verification"
    [35moriginalUrl[39m: "/api/auth/resend-verification"
    [35murl[39m: "/api/auth/resend-verification"
    [35mip[39m: "::ffff:127.0.0.1"
    [35mcontentLength[39m: "35"
    [35mauthorization[39m: "[MISSING]"
    [35mparams[39m: {}
    [35mquery[39m: {}
    [35mpathSegments[39m: [
      "",
      "api",
      "auth",
      "resend-verification"
    ]
    [35mheadersCount[39m: 5
[14:49:17.414] [34mDEBUG[39m (13720): [36mResend verification attempt[39m
    [35memail[39m: "resend-test@example.com"
    [35mip[39m: "::ffff:127.0.0.1"
    [35mmethod[39m: "POST"
    [35mpath[39m: "/resend-verification"
    [35mheaders[39m: {
      "content-length": "35",
      "content-type": "application/json"
    }
[14:49:17.416] [34mDEBUG[39m (13720): [36mResend verification failed[39m
    [35memail[39m: "resend-test@example.com"
    [35mip[39m: "::ffff:127.0.0.1"
    [35mreason[39m: "Email is already verified"
    [35mmethod[39m: "POST"
    [35mpath[39m: "/resend-verification"
    error: {
      "name": "Error",
      "message": "Email is already verified"
    }
[14:49:17.420] [34mDEBUG[39m (13720): [36mIncoming auth request[39m
    [35mmethod[39m: "POST"
    [35mpath[39m: "/api/auth/register"
    [35moriginalUrl[39m: "/api/auth/register"
    [35murl[39m: "/api/auth/register"
    [35mip[39m: "::ffff:127.0.0.1"
    [35mcontentLength[39m: "67"
    [35mauthorization[39m: "[MISSING]"
    [35mparams[39m: {}
    [35mquery[39m: {}
    [35mpathSegments[39m: [
      "",
      "api",
      "auth",
      "register"
    ]
    [35mheadersCount[39m: 5
[14:49:17.421] [34mDEBUG[39m (13720): [36mRegistration attempt[39m
    [35memail[39m: "expired-resend@example.com"
    [35mip[39m: "::ffff:127.0.0.1"
    [35mmethod[39m: "POST"
    [35mpath[39m: "/register"
    [35mpasswordLength[39m: 15
    [35mheaders[39m: {
      "content-length": "67",
      "content-type": "application/json"
    }
[14:49:17.500] [34mDEBUG[39m (13720): [36mRegistration successful[39m
    [35memail[39m: "expired-resend@example.com"
    [35muserId[39m: "0d4d2674-bea2-4ca3-96b7-819d8377e142"
    [35mip[39m: "::ffff:127.0.0.1"
[14:49:17.506] [34mDEBUG[39m (13720): [36mIncoming auth request[39m
    [35mmethod[39m: "POST"
    [35mpath[39m: "/api/auth/resend-verification"
    [35moriginalUrl[39m: "/api/auth/resend-verification"
    [35murl[39m: "/api/auth/resend-verification"
    [35mip[39m: "::ffff:127.0.0.1"
    [35mcontentLength[39m: "38"
    [35mauthorization[39m: "[MISSING]"
    [35mparams[39m: {}
    [35mquery[39m: {}
    [35mpathSegments[39m: [
      "",
      "api",
      "auth",
      "resend-verification"
    ]
    [35mheadersCount[39m: 5
[14:49:17.506] [34mDEBUG[39m (13720): [36mResend verification attempt[39m
    [35memail[39m: "expired-resend@example.com"
    [35mip[39m: "::ffff:127.0.0.1"
    [35mmethod[39m: "POST"
    [35mpath[39m: "/resend-verification"
    [35mheaders[39m: {
      "content-length": "38",
      "content-type": "application/json"
    }
[14:49:17.533] [34mDEBUG[39m (13720): [36mResend verification successful[39m
    [35memail[39m: "expired-resend@example.com"
    [35mip[39m: "::ffff:127.0.0.1"
[14:49:17.539] [34mDEBUG[39m (13720): [36mIncoming auth request[39m
    [35mmethod[39m: "POST"
    [35mpath[39m: "/api/auth/resend-verification"
    [35moriginalUrl[39m: "/api/auth/resend-verification"
    [35murl[39m: "/api/auth/resend-verification"
    [35mip[39m: "::ffff:127.0.0.1"
    [35mcontentLength[39m: "35"
    [35mauthorization[39m: "[MISSING]"
    [35mparams[39m: {}
    [35mquery[39m: {}
    [35mpathSegments[39m: [
      "",
      "api",
      "auth",
      "resend-verification"
    ]
    [35mheadersCount[39m: 5
[14:49:17.540] [34mDEBUG[39m (13720): [36mResend verification attempt[39m
    [35memail[39m: "nonexistent@example.com"
    [35mip[39m: "::ffff:127.0.0.1"
    [35mmethod[39m: "POST"
    [35mpath[39m: "/resend-verification"
    [35mheaders[39m: {
      "content-length": "35",
      "content-type": "application/json"
    }
[14:49:17.541] [34mDEBUG[39m (13720): [36mResend verification failed[39m
    [35memail[39m: "nonexistent@example.com"
    [35mip[39m: "::ffff:127.0.0.1"
    [35mreason[39m: "User not found"
    [35mmethod[39m: "POST"
    [35mpath[39m: "/resend-verification"
    error: {
      "name": "Error",
      "message": "User not found"
    }
[14:49:17.545] [34mDEBUG[39m (13720): [36mIncoming auth request[39m
    [35mmethod[39m: "POST"
    [35mpath[39m: "/api/auth/resend-verification"
    [35moriginalUrl[39m: "/api/auth/resend-verification"
    [35murl[39m: "/api/auth/resend-verification"
    [35mip[39m: "::ffff:127.0.0.1"
    [35mcontentLength[39m: "2"
    [35mauthorization[39m: "[MISSING]"
    [35mparams[39m: {}
    [35mquery[39m: {}
    [35mpathSegments[39m: [
      "",
      "api",
      "auth",
      "resend-verification"
    ]
    [35mheadersCount[39m: 5
[14:49:17.551] [34mDEBUG[39m (13720): [36mIncoming auth request[39m
    [35mmethod[39m: "POST"
    [35mpath[39m: "/api/auth/resend-verification"
    [35moriginalUrl[39m: "/api/auth/resend-verification"
    [35murl[39m: "/api/auth/resend-verification"
    [35mip[39m: "::ffff:127.0.0.1"
    [35mcontentLength[39m: "32"
    [35mauthorization[39m: "[MISSING]"
    [35mparams[39m: {}
    [35mquery[39m: {}
    [35mpathSegments[39m: [
      "",
      "api",
      "auth",
      "resend-verification"
    ]
    [35mheadersCount[39m: 5
[14:49:17.554] [34mDEBUG[39m (13720): [36mIncoming auth request[39m
    [35mmethod[39m: "POST"
    [35mpath[39m: "/api/auth/register"
    [35moriginalUrl[39m: "/api/auth/register"
    [35murl[39m: "/api/auth/register"
    [35mip[39m: "::ffff:127.0.0.1"
    [35mcontentLength[39m: "67"
    [35mauthorization[39m: "[MISSING]"
    [35mparams[39m: {}
    [35mquery[39m: {}
    [35mpathSegments[39m: [
      "",
      "api",
      "auth",
      "register"
    ]
    [35mheadersCount[39m: 5
[14:49:17.555] [34mDEBUG[39m (13720): [36mRegistration attempt[39m
    [35memail[39m: "no-code-resend@example.com"
    [35mip[39m: "::ffff:127.0.0.1"
    [35mmethod[39m: "POST"
    [35mpath[39m: "/register"
    [35mpasswordLength[39m: 15
    [35mheaders[39m: {
      "content-length": "67",
      "content-type": "application/json"
    }
[14:49:17.627] [34mDEBUG[39m (13720): [36mRegistration successful[39m
    [35memail[39m: "no-code-resend@example.com"
    [35muserId[39m: "fb92e257-e0d4-4c92-a977-544f71d4ad33"
    [35mip[39m: "::ffff:127.0.0.1"
[14:49:17.633] [34mDEBUG[39m (13720): [36mIncoming auth request[39m
    [35mmethod[39m: "POST"
    [35mpath[39m: "/api/auth/resend-verification"
    [35moriginalUrl[39m: "/api/auth/resend-verification"
    [35murl[39m: "/api/auth/resend-verification"
    [35mip[39m: "::ffff:127.0.0.1"
    [35mcontentLength[39m: "38"
    [35mauthorization[39m: "[MISSING]"
    [35mparams[39m: {}
    [35mquery[39m: {}
    [35mpathSegments[39m: [
      "",
      "api",
      "auth",
      "resend-verification"
    ]
    [35mheadersCount[39m: 5
[14:49:17.634] [34mDEBUG[39m (13720): [36mResend verification attempt[39m
    [35memail[39m: "no-code-resend@example.com"
    [35mip[39m: "::ffff:127.0.0.1"
    [35mmethod[39m: "POST"
    [35mpath[39m: "/resend-verification"
    [35mheaders[39m: {
      "content-length": "38",
      "content-type": "application/json"
    }
[14:49:17.655] [34mDEBUG[39m (13720): [36mResend verification successful[39m
    [35memail[39m: "no-code-resend@example.com"
    [35mip[39m: "::ffff:127.0.0.1"
[14:49:17.722] [34mDEBUG[39m (13720): [36mIncoming auth request[39m
    [35mmethod[39m: "POST"
    [35mpath[39m: "/api/auth/register"
    [35moriginalUrl[39m: "/api/auth/register"
    [35murl[39m: "/api/auth/register"
    [35mip[39m: "::ffff:127.0.0.1"
    [35mcontentLength[39m: "67"
    [35mauthorization[39m: "[MISSING]"
    [35mparams[39m: {}
    [35mquery[39m: {}
    [35mpathSegments[39m: [
      "",
      "api",
      "auth",
      "register"
    ]
    [35mheadersCount[39m: 5
[14:49:17.722] [34mDEBUG[39m (13720): [36mRegistration attempt[39m
    [35memail[39m: "duplicate-test@example.com"
    [35mip[39m: "::ffff:127.0.0.1"
    [35mmethod[39m: "POST"
    [35mpath[39m: "/register"
    [35mpasswordLength[39m: 15
    [35mheaders[39m: {
      "content-length": "67",
      "content-type": "application/json"
    }
[14:49:17.724] [34mDEBUG[39m (13720): [36mRegistration failed[39m
    [35memail[39m: "duplicate-test@example.com"
    [35mip[39m: "::ffff:127.0.0.1"
    [35mreason[39m: "Email is already used"
    [35mmethod[39m: "POST"
    [35mpath[39m: "/register"
    [35mpasswordLength[39m: 15
    error: {
      "name": "Error",
      "message": "Email is already used"
    }
[14:49:17.728] [34mDEBUG[39m (13720): [36mIncoming auth request[39m
    [35mmethod[39m: "POST"
    [35mpath[39m: "/api/auth/register"
    [35moriginalUrl[39m: "/api/auth/register"
    [35murl[39m: "/api/auth/register"
    [35mip[39m: "::ffff:127.0.0.1"
    [35mcontentLength[39m: "67"
    [35mauthorization[39m: "[MISSING]"
    [35mparams[39m: {}
    [35mquery[39m: {}
    [35mpathSegments[39m: [
      "",
      "api",
      "auth",
      "register"
    ]
    [35mheadersCount[39m: 5
[14:49:17.729] [34mDEBUG[39m (13720): [36mRegistration attempt[39m
    [35memail[39m: "duplicate-test@example.com"
    [35mip[39m: "::ffff:127.0.0.1"
    [35mmethod[39m: "POST"
    [35mpath[39m: "/register"
    [35mpasswordLength[39m: 15
    [35mheaders[39m: {
      "content-length": "67",
      "content-type": "application/json"
    }
[14:49:17.731] [34mDEBUG[39m (13720): [36mRegistration failed[39m
    [35memail[39m: "duplicate-test@example.com"
    [35mip[39m: "::ffff:127.0.0.1"
    [35mreason[39m: "Email is already used"
    [35mmethod[39m: "POST"
    [35mpath[39m: "/register"
    [35mpasswordLength[39m: 15
    error: {
      "name": "Error",
      "message": "Email is already used"
    }
[14:49:17.738] [34mDEBUG[39m (13720): [36mIncoming auth request[39m
    [35mmethod[39m: "POST"
    [35mpath[39m: "/api/auth/register"
    [35moriginalUrl[39m: "/api/auth/register"
    [35murl[39m: "/api/auth/register"
    [35mip[39m: "::ffff:127.0.0.1"
    [35mcontentLength[39m: "67"
    [35mauthorization[39m: "[MISSING]"
    [35mparams[39m: {}
    [35mquery[39m: {}
    [35mpathSegments[39m: [
      "",
      "api",
      "auth",
      "register"
    ]
    [35mheadersCount[39m: 5
[14:49:17.739] [34mDEBUG[39m (13720): [36mRegistration attempt[39m
    [35memail[39m: "DUPLICATE-TEST@EXAMPLE.COM"
    [35mip[39m: "::ffff:127.0.0.1"
    [35mmethod[39m: "POST"
    [35mpath[39m: "/register"
    [35mpasswordLength[39m: 15
    [35mheaders[39m: {
      "content-length": "67",
      "content-type": "application/json"
    }
[14:49:17.740] [34mDEBUG[39m (13720): [36mRegistration failed[39m
    [35memail[39m: "DUPLICATE-TEST@EXAMPLE.COM"
    [35mip[39m: "::ffff:127.0.0.1"
    [35mreason[39m: "Email is already used"
    [35mmethod[39m: "POST"
    [35mpath[39m: "/register"
    [35mpasswordLength[39m: 15
    error: {
      "name": "Error",
      "message": "Email is already used"
    }
PASS tests/auth-endpoints.test.ts
  ΓùÅ Console

    console.log
      [dotenv@17.2.2] injecting env (0) from .env -- tip: ≡ƒôí 
observe env with Radar: https://dotenvx.com/radar

      at _log (node_modules/dotenv/lib/main.js:139:11)

    console.log
      SendGrid environment variables loaded: {
        apiKeyPresent: true,
        apiKeyLength: 69,
        apiKeyPrefix: 'SG.sXytAeD...',
        fromEmail: 'windbooks@dvconsultingph.com',
        timestamp: '2025-10-13T06:49:16.218Z'
      }

      at Object.<anonymous> (src/services/email.service.ts:8:9)

    console.log
      [dotenv@17.2.2] injecting env (0) from .env -- tip: ≡ƒöÉ 
prevent building .env in docker: https://dotenvx.com/prebuild

      at _log (node_modules/dotenv/lib/main.js:139:11)

    console.log
      [AUTH ROUTE] POST /login {
        method: 'POST',
        path: '/login',
        originalUrl: '/api/auth/login',
        params: {},
        query: [Object: null prototype] {},
        body: { email: 'testuser-auth@example.com', password: 
'testpassword123' },
        timestamp: '2025-10-13T06:49:16.451Z'
      }

      at src/routes/auth.routes.ts:432:11

    console.log
      Login attempt: {
        email: 'testuser-auth@example.com',
        timestamp: '2025-10-13T06:49:16.455Z',
        passwordLength: 15
      }

      at Object.login (src/services/auth.service.ts:75:13)

    console.log
      Login history recorded: {
        userId: 'f35cec13-cf06-4d7d-a79b-eaf601cbd5d6',
        email: 'testuser-auth@example.com',
        ipAddress: '::ffff:127.0.0.1',
        timestamp: '2025-10-13T06:49:16.521Z'
      }

      at Object.login (src/services/auth.service.ts:154:15)

    console.log
      Login successful: {
        email: 'testuser-auth@example.com',
        userId: 'f35cec13-cf06-4d7d-a79b-eaf601cbd5d6',
        isSuperAdmin: false,
        timestamp: '2025-10-13T06:49:16.521Z'
      }

      at Object.login (src/services/auth.service.ts:171:13)

    console.log
      [AUTH ROUTE] POST /login {
        method: 'POST',
        path: '/login',
        originalUrl: '/api/auth/login',
        params: {},
        query: [Object: null prototype] {},
        body: { email: 'nonexistent@example.com', password: 
'testpassword123' },
        timestamp: '2025-10-13T06:49:16.526Z'
      }

      at src/routes/auth.routes.ts:432:11

    console.log
      Login attempt: {
        email: 'nonexistent@example.com',
        timestamp: '2025-10-13T06:49:16.527Z',
        passwordLength: 15
      }

      at Object.login (src/services/auth.service.ts:75:13)

    console.warn
      Login failed - user not found: {
        email: 'nonexistent@example.com',
        timestamp: '2025-10-13T06:49:16.528Z',
        reason: 'User does not exist'
      }

    [0m [90m 82 |[39m
     [90m 83 |[39m     [36mif[39m ([33m![39muser) {
    [31m[1m>[22m[39m[90m 84 |[39m       
console[33m.[39mwarn([32m'Login failed - user not 
found:'[39m[33m,[39m {
     [90m    |[39m               [31m[1m^[22m[39m
     [90m 85 |[39m         email[33m,[39m
     [90m 86 |[39m         timestamp[33m:[39m [36mnew[39m 
[33mDate[39m()[33m.[39mtoISOString()[33m,[39m
     [90m 87 |[39m         reason[33m:[39m [32m'User does 
not exist'[39m[33m,[39m[0m

      at Object.login (src/services/auth.service.ts:84:15)
      at async login (src/controllers/auth.controller.ts:96:20)

    console.log
      [AUTH ROUTE] POST /login {
        method: 'POST',
        path: '/login',
        originalUrl: '/api/auth/login',
        params: {},
        query: [Object: null prototype] {},
        body: { email: 'testuser-auth@example.com', password: 
'wrongpassword' },
        timestamp: '2025-10-13T06:49:16.533Z'
      }

      at src/routes/auth.routes.ts:432:11

    console.log
      Login attempt: {
        email: 'testuser-auth@example.com',
        timestamp: '2025-10-13T06:49:16.533Z',
        passwordLength: 13
      }

      at Object.login (src/services/auth.service.ts:75:13)

    console.warn
      Login failed - invalid password: {
        email: 'testuser-auth@example.com',
        userId: 'f35cec13-cf06-4d7d-a79b-eaf601cbd5d6',
        timestamp: '2025-10-13T06:49:16.587Z',
        reason: 'Password verification failed',
        passwordLength: 13
      }

    [0m [90m 128 |[39m
     [90m 129 |[39m     [36mif[39m 
([33m![39misPasswordValid) {
    [31m[1m>[22m[39m[90m 130 |[39m       
console[33m.[39mwarn([32m'Login failed - invalid 
password:'[39m[33m,[39m {
     [90m     |[39m               [31m[1m^[22m[39m
     [90m 131 |[39m         email[33m,[39m
     [90m 132 |[39m         userId[33m:[39m 
user[33m.[39mid[33m,[39m
     [90m 133 |[39m         timestamp[33m:[39m [36mnew[39m 
[33mDate[39m()[33m.[39mtoISOString()[33m,[39m[0m

      at Object.login (src/services/auth.service.ts:130:15)
      at async login (src/controllers/auth.controller.ts:96:20)

    console.log
      [AUTH ROUTE] POST /login {
        method: 'POST',
        path: '/login',
        originalUrl: '/api/auth/login',
        params: {},
        query: [Object: null prototype] {},
        body: { password: 'testpassword123' },
        timestamp: '2025-10-13T06:49:16.592Z'
      }

      at src/routes/auth.routes.ts:432:11

    console.log
      [AUTH ROUTE] POST /login {
        method: 'POST',
        path: '/login',
        originalUrl: '/api/auth/login',
        params: {},
        query: [Object: null prototype] {},
        body: { email: 'testuser-auth@example.com' },
        timestamp: '2025-10-13T06:49:16.596Z'
      }

      at src/routes/auth.routes.ts:432:11

    console.log
      [AUTH ROUTE] POST /login {
        method: 'POST',
        path: '/login',
        originalUrl: '/api/auth/login',
        params: {},
        query: [Object: null prototype] {},
        body: {},
        timestamp: '2025-10-13T06:49:16.599Z'
      }

      at src/routes/auth.routes.ts:432:11

    console.log
      [AUTH ROUTE] POST /login {
        method: 'POST',
        path: '/login',
        originalUrl: '/api/auth/login',
        params: {},
        query: [Object: null prototype] {},
        body: { email: 'invalid-email', password: 
'testpassword123' },
        timestamp: '2025-10-13T06:49:16.603Z'
      }

      at src/routes/auth.routes.ts:432:11

    console.log
      [AUTH ROUTE] POST /login {
        method: 'POST',
        path: '/login',
        originalUrl: '/api/auth/login',
        params: {},
        query: [Object: null prototype] {},
        body: { email: 'deactivated@example.com', password: 
'testpassword123' },
        timestamp: '2025-10-13T06:49:16.663Z'
      }

      at src/routes/auth.routes.ts:432:11

    console.log
      Login attempt: {
        email: 'deactivated@example.com',
        timestamp: '2025-10-13T06:49:16.663Z',
        passwordLength: 15
      }

      at Object.login (src/services/auth.service.ts:75:13)

    console.warn
      Login failed - user inactive: {
        email: 'deactivated@example.com',
        userId: 'e34d22c2-d467-4b59-85af-f4187f09613c',
        timestamp: '2025-10-13T06:49:16.667Z',
        reason: 'Account is deactivated',
        verificationStatus: 'verified'
      }

    [0m [90m 115 |[39m       }
     [90m 116 |[39m
    [31m[1m>[22m[39m[90m 117 |[39m       
console[33m.[39mwarn([32m'Login failed - user 
inactive:'[39m[33m,[39m {
     [90m     |[39m               [31m[1m^[22m[39m
     [90m 118 |[39m         email[33m,[39m
     [90m 119 |[39m         userId[33m:[39m 
user[33m.[39mid[33m,[39m
     [90m 120 |[39m         timestamp[33m:[39m [36mnew[39m 
[33mDate[39m()[33m.[39mtoISOString()[33m,[39m[0m

      at Object.login (src/services/auth.service.ts:117:15)
      at async login (src/controllers/auth.controller.ts:96:20)

    console.log
      [AUTH ROUTE] GET /me {
        method: 'GET',
        path: '/me',
        originalUrl: '/api/auth/me',
        params: {},
        query: [Object: null prototype] {},
        body: undefined,
        timestamp: '2025-10-13T06:49:16.682Z'
      }

      at src/routes/auth.routes.ts:432:11

    console.log
      getMe isSuperAdmin calculation: {
        userId: 'f35cec13-cf06-4d7d-a79b-eaf601cbd5d6',
        email: 'testuser-auth@example.com',
        storedIsSuperAdmin: false,
        calculatedIsSuperAdmin: true,
        windbooksAppResourceId: 'cmgorvyhm000xn3l4ia2sfzpy',
        resourceRoles: [
          { resourceId: 'cmgorvyhm000xn3l4ia2sfzpy', roleName: 
'SUPERADMIN' }
        ],
        hasSuperAdminRole: true,
        timestamp: '2025-10-13T06:49:16.690Z'
      }

      at Object.getMe (src/services/auth.service.ts:284:13)

    console.log
      getMe SUPERADMIN user - returning empty resources array 
(has access to all) {
        userId: 'f35cec13-cf06-4d7d-a79b-eaf601cbd5d6',
        email: 'testuser-auth@example.com',
        timestamp: '2025-10-13T06:49:16.690Z'
      }

      at Object.getMe (src/services/auth.service.ts:306:15)

    console.log
      [AUTH ROUTE] GET /me {
        method: 'GET',
        path: '/me',
        originalUrl: '/api/auth/me',
        params: {},
        query: [Object: null prototype] {},
        body: undefined,
        timestamp: '2025-10-13T06:49:16.694Z'
      }

      at src/routes/auth.routes.ts:432:11

    console.log
      [AUTH ROUTE] GET /me {
        method: 'GET',
        path: '/me',
        originalUrl: '/api/auth/me',
        params: {},
        query: [Object: null prototype] {},
        body: undefined,
        timestamp: '2025-10-13T06:49:16.698Z'
      }

      at src/routes/auth.routes.ts:432:11

    console.error
      Auth guard error: JsonWebTokenError {
        name: 'JsonWebTokenError',
        message: 'jwt malformed'
      }

    [0m [90m 105 |[39m       method[33m:[39m 
req[33m.[39mmethod[33m,[39m
     [90m 106 |[39m     })[33m;[39m
    [31m[1m>[22m[39m[90m 107 |[39m     
console[33m.[39merror([32m'Auth guard error:'[39m[33m,[39m 
error)[33m;[39m
     [90m     |[39m             [31m[1m^[22m[39m
     [90m 108 |[39m     
res[33m.[39mstatus([35m401[39m)[33m.[39mjson({ 
message[33m:[39m [32m'Invalid token'[39m })[33m;[39m
     [90m 109 |[39m   }
     [90m 110 |[39m }[33m;[39m[0m

      at authGuard (src/middleware/auth.middleware.ts:107:13)
      at Layer.handleRequest 
(node_modules/router/lib/layer.js:152:17)
      at next (node_modules/router/lib/route.js:157:13)
      at Route.dispatch (node_modules/router/lib/route.js:117:3)
      at handle (node_modules/router/index.js:435:11)
      at Layer.handleRequest 
(node_modules/router/lib/layer.js:152:17)
      at node_modules/router/index.js:295:15
      at processParams (node_modules/router/index.js:582:12)
      at next (node_modules/router/index.js:291:5)
      at src/routes/auth.routes.ts:441:3
      at Layer.handleRequest 
(node_modules/router/lib/layer.js:152:17)
      at trimPrefix (node_modules/router/index.js:342:13)
      at node_modules/router/index.js:297:9
      at processParams (node_modules/router/index.js:582:12)
      at next (node_modules/router/index.js:291:5)
      at Function.handle (node_modules/router/index.js:186:3)
      at router (node_modules/router/index.js:60:12)
      at Layer.handleRequest 
(node_modules/router/lib/layer.js:152:17)
      at trimPrefix (node_modules/router/index.js:342:13)
      at node_modules/router/index.js:297:9
      at processParams (node_modules/router/index.js:582:12)
      at next (node_modules/router/index.js:291:5)
      at src/app.ts:92:3
      at Layer.handleRequest 
(node_modules/router/lib/layer.js:152:17)
      at trimPrefix (node_modules/router/index.js:342:13)
      at node_modules/router/index.js:297:9
      at processParams (node_modules/router/index.js:582:12)
      at next (node_modules/router/index.js:291:5)
      at urlencodedParser 
(node_modules/body-parser/lib/types/urlencoded.js:68:7)
      at Layer.handleRequest 
(node_modules/router/lib/layer.js:152:17)
      at trimPrefix (node_modules/router/index.js:342:13)
      at node_modules/router/index.js:297:9
      at processParams (node_modules/router/index.js:582:12)
      at next (node_modules/router/index.js:291:5)
      at jsonParser 
(node_modules/body-parser/lib/types/json.js:100:7)
      at Layer.handleRequest 
(node_modules/router/lib/layer.js:152:17)
      at trimPrefix (node_modules/router/index.js:342:13)
      at node_modules/router/index.js:297:9
      at processParams (node_modules/router/index.js:582:12)
      at next (node_modules/router/index.js:291:5)
      at cors (node_modules/cors/lib/index.js:188:7)
      at node_modules/cors/lib/index.js:224:17
      at originCallback (node_modules/cors/lib/index.js:214:15)
      at node_modules/cors/lib/index.js:219:13
      at optionsCallback (node_modules/cors/lib/index.js:199:9)
      at corsMiddleware (node_modules/cors/lib/index.js:204:7)
      at Layer.handleRequest 
(node_modules/router/lib/layer.js:152:17)
      at trimPrefix (node_modules/router/index.js:342:13)
      at node_modules/router/index.js:297:9
      at processParams (node_modules/router/index.js:582:12)
      at next (node_modules/router/index.js:291:5)
      at src/app.ts:37:3
      at Layer.handleRequest 
(node_modules/router/lib/layer.js:152:17)
      at trimPrefix (node_modules/router/index.js:342:13)
      at node_modules/router/index.js:297:9
      at processParams (node_modules/router/index.js:582:12)
      at next (node_modules/router/index.js:291:5)
      at Function.handle (node_modules/router/index.js:186:3)
      at Function.handle 
(node_modules/express/lib/application.js:177:15)
      at Server.app (node_modules/express/lib/express.js:38:9)

    console.log
      [AUTH ROUTE] GET /me {
        method: 'GET',
        path: '/me',
        originalUrl: '/api/auth/me',
        params: {},
        query: [Object: null prototype] {},
        body: undefined,
        timestamp: '2025-10-13T06:49:16.704Z'
      }

      at src/routes/auth.routes.ts:432:11

    console.log
      [AUTH ROUTE] GET /me {
        method: 'GET',
        path: '/me',
        originalUrl: '/api/auth/me',
        params: {},
        query: [Object: null prototype] {},
        body: undefined,
        timestamp: '2025-10-13T06:49:16.708Z'
      }

      at src/routes/auth.routes.ts:432:11

    console.error
      Auth guard error: TokenExpiredError {
        name: 'TokenExpiredError',
        message: 'jwt expired',
        expiredAt: 2025-10-13T05:49:16.000Z
      }

    [0m [90m 105 |[39m       method[33m:[39m 
req[33m.[39mmethod[33m,[39m
     [90m 106 |[39m     })[33m;[39m
    [31m[1m>[22m[39m[90m 107 |[39m     
console[33m.[39merror([32m'Auth guard error:'[39m[33m,[39m 
error)[33m;[39m
     [90m     |[39m             [31m[1m^[22m[39m
     [90m 108 |[39m     
res[33m.[39mstatus([35m401[39m)[33m.[39mjson({ 
message[33m:[39m [32m'Invalid token'[39m })[33m;[39m
     [90m 109 |[39m   }
     [90m 110 |[39m }[33m;[39m[0m

      at authGuard (src/middleware/auth.middleware.ts:107:13)
      at Layer.handleRequest 
(node_modules/router/lib/layer.js:152:17)
      at next (node_modules/router/lib/route.js:157:13)
      at Route.dispatch (node_modules/router/lib/route.js:117:3)
      at handle (node_modules/router/index.js:435:11)
      at Layer.handleRequest 
(node_modules/router/lib/layer.js:152:17)
      at node_modules/router/index.js:295:15
      at processParams (node_modules/router/index.js:582:12)
      at next (node_modules/router/index.js:291:5)
      at src/routes/auth.routes.ts:441:3
      at Layer.handleRequest 
(node_modules/router/lib/layer.js:152:17)
      at trimPrefix (node_modules/router/index.js:342:13)
      at node_modules/router/index.js:297:9
      at processParams (node_modules/router/index.js:582:12)
      at next (node_modules/router/index.js:291:5)
      at Function.handle (node_modules/router/index.js:186:3)
      at router (node_modules/router/index.js:60:12)
      at Layer.handleRequest 
(node_modules/router/lib/layer.js:152:17)
      at trimPrefix (node_modules/router/index.js:342:13)
      at node_modules/router/index.js:297:9
      at processParams (node_modules/router/index.js:582:12)
      at next (node_modules/router/index.js:291:5)
      at src/app.ts:92:3
      at Layer.handleRequest 
(node_modules/router/lib/layer.js:152:17)
      at trimPrefix (node_modules/router/index.js:342:13)
      at node_modules/router/index.js:297:9
      at processParams (node_modules/router/index.js:582:12)
      at next (node_modules/router/index.js:291:5)
      at urlencodedParser 
(node_modules/body-parser/lib/types/urlencoded.js:68:7)
      at Layer.handleRequest 
(node_modules/router/lib/layer.js:152:17)
      at trimPrefix (node_modules/router/index.js:342:13)
      at node_modules/router/index.js:297:9
      at processParams (node_modules/router/index.js:582:12)
      at next (node_modules/router/index.js:291:5)
      at jsonParser 
(node_modules/body-parser/lib/types/json.js:100:7)
      at Layer.handleRequest 
(node_modules/router/lib/layer.js:152:17)
      at trimPrefix (node_modules/router/index.js:342:13)
      at node_modules/router/index.js:297:9
      at processParams (node_modules/router/index.js:582:12)
      at next (node_modules/router/index.js:291:5)
      at cors (node_modules/cors/lib/index.js:188:7)
      at node_modules/cors/lib/index.js:224:17
      at originCallback (node_modules/cors/lib/index.js:214:15)
      at node_modules/cors/lib/index.js:219:13
      at optionsCallback (node_modules/cors/lib/index.js:199:9)
      at corsMiddleware (node_modules/cors/lib/index.js:204:7)
      at Layer.handleRequest 
(node_modules/router/lib/layer.js:152:17)
      at trimPrefix (node_modules/router/index.js:342:13)
      at node_modules/router/index.js:297:9
      at processParams (node_modules/router/index.js:582:12)
      at next (node_modules/router/index.js:291:5)
      at src/app.ts:37:3
      at Layer.handleRequest 
(node_modules/router/lib/layer.js:152:17)
      at trimPrefix (node_modules/router/index.js:342:13)
      at node_modules/router/index.js:297:9
      at processParams (node_modules/router/index.js:582:12)
      at next (node_modules/router/index.js:291:5)
      at Function.handle (node_modules/router/index.js:186:3)
      at Function.handle 
(node_modules/express/lib/application.js:177:15)
      at Server.app (node_modules/express/lib/express.js:38:9)

    console.log
      [AUTH ROUTE] POST /logout {
        method: 'POST',
        path: '/logout',
        originalUrl: '/api/auth/logout',
        params: {},
        query: [Object: null prototype] {},
        body: {
          refreshToken: 'eyJhbGciOiJIUzI1NiIsInR5cCI6IkpXVCJ9.eyJ1
c2VySWQiOiJmMzVjZWMxMy1jZjA2LTRkN2QtYTc5Yi1lYWY2MDFjYmQ1ZDYiLCJqdG
kiOiJjbWdvcnZ5bGYwMDEzbjNsNHM5YjNtY2k1IiwiaWF0IjoxNzYwMzM4MTU2LCJl
eHAiOjE3NjA5NDI5NTZ9.PFPjB0XCALHwnykK1ep5FtR1IVHMyl7we2Vl7yNAoOQ'
        },
        timestamp: '2025-10-13T06:49:16.713Z'
      }

      at src/routes/auth.routes.ts:432:11

    console.log
      [AUTH ROUTE] POST /logout {
        method: 'POST',
        path: '/logout',
        originalUrl: '/api/auth/logout',
        params: {},
        query: [Object: null prototype] {},
        body: { refreshToken: 'invalid-refresh-token' },
        timestamp: '2025-10-13T06:49:16.720Z'
      }

      at src/routes/auth.routes.ts:432:11

    console.warn
      Logout attempted with invalid token: { error: 'jwt 
malformed', timestamp: '2025-10-13T06:49:16.721Z' }

    [0m [90m 191 |[39m     [90m// If token verification 
fails, we still consider logout successful[39m
     [90m 192 |[39m     [90m// since the token is effectively 
invalid[39m
    [31m[1m>[22m[39m[90m 193 |[39m     
console[33m.[39mwarn([32m'Logout attempted with invalid 
token:'[39m[33m,[39m {
     [90m     |[39m             [31m[1m^[22m[39m
     [90m 194 |[39m       error[33m:[39m error 
[36minstanceof[39m [33mError[39m [33m?[39m 
error[33m.[39mmessage [33m:[39m [32m'Unknown 
error'[39m[33m,[39m
     [90m 195 |[39m       timestamp[33m:[39m [36mnew[39m 
[33mDate[39m()[33m.[39mtoISOString()[33m,[39m
     [90m 196 |[39m     })[33m;[39m[0m

      at Object.logout (src/services/auth.service.ts:193:13)
      at logout (src/controllers/auth.controller.ts:136:23)
      at Layer.handleRequest 
(node_modules/router/lib/layer.js:152:17)
      at next (node_modules/router/lib/route.js:157:13)
      at src/middleware/validate.ts:11:12

    console.log
      [AUTH ROUTE] POST /logout {
        method: 'POST',
        path: '/logout',
        originalUrl: '/api/auth/logout',
        params: {},
        query: [Object: null prototype] {},
        body: {},
        timestamp: '2025-10-13T06:49:16.723Z'
      }

      at src/routes/auth.routes.ts:432:11

    console.log
      [AUTH ROUTE] POST /logout {
        method: 'POST',
        path: '/logout',
        originalUrl: '/api/auth/logout',
        params: {},
        query: [Object: null prototype] {},
        body: {
          refreshToken: 'eyJhbGciOiJIUzI1NiIsInR5cCI6IkpXVCJ9.eyJ1
c2VySWQiOiJmMzVjZWMxMy1jZjA2LTRkN2QtYTc5Yi1lYWY2MDFjYmQ1ZDYiLCJqdG
kiOiJjbWdvcnZ5bGYwMDEzbjNsNHM5YjNtY2k1IiwiaWF0IjoxNzYwMzM4MTU2LCJl
eHAiOjE3NjA5NDI5NTZ9.PFPjB0XCALHwnykK1ep5FtR1IVHMyl7we2Vl7yNAoOQ'
        },
        timestamp: '2025-10-13T06:49:16.729Z'
      }

      at src/routes/auth.routes.ts:432:11

    console.log
      [AUTH ROUTE] POST /login {
        method: 'POST',
        path: '/login',
        originalUrl: '/api/auth/login',
        params: {},
        query: [Object: null prototype] {},
        body: { email: 'testuser-auth@example.com', password: 
'testpassword123' },
        timestamp: '2025-10-13T06:49:16.736Z'
      }

      at src/routes/auth.routes.ts:432:11

    console.log
      Login attempt: {
        email: 'testuser-auth@example.com',
        timestamp: '2025-10-13T06:49:16.736Z',
        passwordLength: 15
      }

      at Object.login (src/services/auth.service.ts:75:13)

    console.log
      Login history recorded: {
        userId: 'f35cec13-cf06-4d7d-a79b-eaf601cbd5d6',
        email: 'testuser-auth@example.com',
        ipAddress: '::ffff:127.0.0.1',
        timestamp: '2025-10-13T06:49:16.796Z'
      }

      at Object.login (src/services/auth.service.ts:154:15)

    console.log
      Login successful: {
        email: 'testuser-auth@example.com',
        userId: 'f35cec13-cf06-4d7d-a79b-eaf601cbd5d6',
        isSuperAdmin: false,
        timestamp: '2025-10-13T06:49:16.797Z'
      }

      at Object.login (src/services/auth.service.ts:171:13)

    console.log
      [AUTH ROUTE] POST /refresh {
        method: 'POST',
        path: '/refresh',
        originalUrl: '/api/auth/refresh',
        params: {},
        query: [Object: null prototype] {},
        body: {
          refreshToken: 'eyJhbGciOiJIUzI1NiIsInR5cCI6IkpXVCJ9.eyJ1
c2VySWQiOiJmMzVjZWMxMy1jZjA2LTRkN2QtYTc5Yi1lYWY2MDFjYmQ1ZDYiLCJqdG
kiOiJjbWdvcnZ5dDYwMDE4bjNsNHo5ZWs3ZWRzIiwiaWF0IjoxNzYwMzM4MTU2LCJl
eHAiOjE3NjA5NDI5NTZ9.VmT_-_zC4meKynZ9n4eztEfkRutMeg7cDNUsf3cmsSM'
        },
        timestamp: '2025-10-13T06:49:16.800Z'
      }

      at src/routes/auth.routes.ts:432:11

    console.log
      [AUTH ROUTE] POST /refresh {
        method: 'POST',
        path: '/refresh',
        originalUrl: '/api/auth/refresh',
        params: {},
        query: [Object: null prototype] {},
        body: { refreshToken: 'invalid-refresh-token' },
        timestamp: '2025-10-13T06:49:16.809Z'
      }

      at src/routes/auth.routes.ts:432:11

    console.log
      [AUTH ROUTE] POST /refresh {
        method: 'POST',
        path: '/refresh',
        originalUrl: '/api/auth/refresh',
        params: {},
        query: [Object: null prototype] {},
        body: {},
        timestamp: '2025-10-13T06:49:16.814Z'
      }

      at src/routes/auth.routes.ts:432:11

    console.log
      [AUTH ROUTE] POST /refresh {
        method: 'POST',
        path: '/refresh',
        originalUrl: '/api/auth/refresh',
        params: {},
        query: [Object: null prototype] {},
        body: {
          refreshToken: 'eyJhbGciOiJIUzI1NiIsInR5cCI6IkpXVCJ9.eyJ1
c2VySWQiOiJmMzVjZWMxMy1jZjA2LTRkN2QtYTc5Yi1lYWY2MDFjYmQ1ZDYiLCJqdG
kiOiJjbWdvcnZ5dDYwMDE4bjNsNHo5ZWs3ZWRzIiwiaWF0IjoxNzYwMzM4MTU2LCJl
eHAiOjE3NjA5NDI5NTZ9.VmT_-_zC4meKynZ9n4eztEfkRutMeg7cDNUsf3cmsSM'
        },
        timestamp: '2025-10-13T06:49:16.817Z'
      }

      at src/routes/auth.routes.ts:432:11

    console.log
      [AUTH ROUTE] POST /login {
        method: 'POST',
        path: '/login',
        originalUrl: '/api/auth/login',
        params: {},
        query: [Object: null prototype] {},
        body: { email: 'testuser-auth@example.com', password: 
'testpassword123' },
        timestamp: '2025-10-13T06:49:16.823Z'
      }

      at src/routes/auth.routes.ts:432:11

    console.log
      Login attempt: {
        email: 'testuser-auth@example.com',
        timestamp: '2025-10-13T06:49:16.824Z',
        passwordLength: 15
      }

      at Object.login (src/services/auth.service.ts:75:13)

    console.log
      Login history recorded: {
        userId: 'f35cec13-cf06-4d7d-a79b-eaf601cbd5d6',
        email: 'testuser-auth@example.com',
        ipAddress: '::ffff:127.0.0.1',
        timestamp: '2025-10-13T06:49:16.883Z'
      }

      at Object.login (src/services/auth.service.ts:154:15)

    console.log
      Login successful: {
        email: 'testuser-auth@example.com',
        userId: 'f35cec13-cf06-4d7d-a79b-eaf601cbd5d6',
        isSuperAdmin: false,
        timestamp: '2025-10-13T06:49:16.883Z'
      }

      at Object.login (src/services/auth.service.ts:171:13)

    console.log
      [AUTH ROUTE] GET /me {
        method: 'GET',
        path: '/me',
        originalUrl: '/api/auth/me',
        params: {},
        query: [Object: null prototype] {},
        body: undefined,
        timestamp: '2025-10-13T06:49:16.886Z'
      }

      at src/routes/auth.routes.ts:432:11

    console.log
      getMe isSuperAdmin calculation: {
        userId: 'f35cec13-cf06-4d7d-a79b-eaf601cbd5d6',
        email: 'testuser-auth@example.com',
        storedIsSuperAdmin: false,
        calculatedIsSuperAdmin: true,
        windbooksAppResourceId: 'cmgorvyhm000xn3l4ia2sfzpy',
        resourceRoles: [
          { resourceId: 'cmgorvyhm000xn3l4ia2sfzpy', roleName: 
'SUPERADMIN' }
        ],
        hasSuperAdminRole: true,
        timestamp: '2025-10-13T06:49:16.893Z'
      }

      at Object.getMe (src/services/auth.service.ts:284:13)

    console.log
      getMe SUPERADMIN user - returning empty resources array 
(has access to all) {
        userId: 'f35cec13-cf06-4d7d-a79b-eaf601cbd5d6',
        email: 'testuser-auth@example.com',
        timestamp: '2025-10-13T06:49:16.893Z'
      }

      at Object.getMe (src/services/auth.service.ts:306:15)

    console.log
      [AUTH ROUTE] POST /refresh {
        method: 'POST',
        path: '/refresh',
        originalUrl: '/api/auth/refresh',
        params: {},
        query: [Object: null prototype] {},
        body: {
          refreshToken: 'eyJhbGciOiJIUzI1NiIsInR5cCI6IkpXVCJ9.eyJ1
c2VySWQiOiJmMzVjZWMxMy1jZjA2LTRkN2QtYTc5Yi1lYWY2MDFjYmQ1ZDYiLCJqdG
kiOiJjbWdvcnZ5dmwwMDFjbjNsNGNrYm1zcmp2IiwiaWF0IjoxNzYwMzM4MTU2LCJl
eHAiOjE3NjA5NDI5NTZ9.N8w3zLC5TPbKrUcBHec-ogIzbEz69-tBczvOKVwrfUw'
        },
        timestamp: '2025-10-13T06:49:16.896Z'
      }

      at src/routes/auth.routes.ts:432:11

    console.log
      [AUTH ROUTE] GET /me {
        method: 'GET',
        path: '/me',
        originalUrl: '/api/auth/me',
        params: {},
        query: [Object: null prototype] {},
        body: undefined,
        timestamp: '2025-10-13T06:49:16.905Z'
      }

      at src/routes/auth.routes.ts:432:11

    console.log
      getMe isSuperAdmin calculation: {
        userId: 'f35cec13-cf06-4d7d-a79b-eaf601cbd5d6',
        email: 'testuser-auth@example.com',
        storedIsSuperAdmin: false,
        calculatedIsSuperAdmin: true,
        windbooksAppResourceId: 'cmgorvyhm000xn3l4ia2sfzpy',
        resourceRoles: [
          { resourceId: 'cmgorvyhm000xn3l4ia2sfzpy', roleName: 
'SUPERADMIN' }
        ],
        hasSuperAdminRole: true,
        timestamp: '2025-10-13T06:49:16.910Z'
      }

      at Object.getMe (src/services/auth.service.ts:284:13)

    console.log
      getMe SUPERADMIN user - returning empty resources array 
(has access to all) {
        userId: 'f35cec13-cf06-4d7d-a79b-eaf601cbd5d6',
        email: 'testuser-auth@example.com',
        timestamp: '2025-10-13T06:49:16.910Z'
      }

      at Object.getMe (src/services/auth.service.ts:306:15)

    console.log
      [AUTH ROUTE] POST /logout {
        method: 'POST',
        path: '/logout',
        originalUrl: '/api/auth/logout',
        params: {},
        query: [Object: null prototype] {},
        body: {
          refreshToken: 'eyJhbGciOiJIUzI1NiIsInR5cCI6IkpXVCJ9.eyJ1
c2VySWQiOiJmMzVjZWMxMy1jZjA2LTRkN2QtYTc5Yi1lYWY2MDFjYmQ1ZDYiLCJqdG
kiOiJjbWdvcnZ5dzUwMDFlbjNsNGJsODVxYzYxIiwiaWF0IjoxNzYwMzM4MTU2LCJl
eHAiOjE3NjA5NDI5NTZ9.tH6hFAkQYdPScb_DpsfMZr-dyjZ7TImsGckyqp2Tle0'
        },
        timestamp: '2025-10-13T06:49:16.913Z'
      }

      at src/routes/auth.routes.ts:432:11

    console.log
      [AUTH ROUTE] POST /refresh {
        method: 'POST',
        path: '/refresh',
        originalUrl: '/api/auth/refresh',
        params: {},
        query: [Object: null prototype] {},
        body: {
          refreshToken: 'eyJhbGciOiJIUzI1NiIsInR5cCI6IkpXVCJ9.eyJ1
c2VySWQiOiJmMzVjZWMxMy1jZjA2LTRkN2QtYTc5Yi1lYWY2MDFjYmQ1ZDYiLCJqdG
kiOiJjbWdvcnZ5dzUwMDFlbjNsNGJsODVxYzYxIiwiaWF0IjoxNzYwMzM4MTU2LCJl
eHAiOjE3NjA5NDI5NTZ9.tH6hFAkQYdPScb_DpsfMZr-dyjZ7TImsGckyqp2Tle0'
        },
        timestamp: '2025-10-13T06:49:16.918Z'
      }

      at src/routes/auth.routes.ts:432:11

    console.log
      [AUTH ROUTE] POST /login {
        method: 'POST',
        path: '/login',
        originalUrl: '/api/auth/login',
        params: {},
        query: [Object: null prototype] {},
        body: {
          email: 'superadmin-auth@example.com',
          password: 'superadminpass123'
        },
        timestamp: '2025-10-13T06:49:16.981Z'
      }

      at src/routes/auth.routes.ts:432:11

    console.log
      Login attempt: {
        email: 'superadmin-auth@example.com',
        timestamp: '2025-10-13T06:49:16.983Z',
        passwordLength: 17
      }

      at Object.login (src/services/auth.service.ts:75:13)

    console.log
      Login history recorded: {
        userId: '3b96fe99-3954-4f59-ba32-21ec262a9dbb',
        email: 'superadmin-auth@example.com',
        ipAddress: '::ffff:127.0.0.1',
        timestamp: '2025-10-13T06:49:17.045Z'
      }

      at Object.login (src/services/auth.service.ts:154:15)

    console.log
      Login successful: {
        email: 'superadmin-auth@example.com',
        userId: '3b96fe99-3954-4f59-ba32-21ec262a9dbb',
        isSuperAdmin: true,
        timestamp: '2025-10-13T06:49:17.045Z'
      }

      at Object.login (src/services/auth.service.ts:171:13)

    console.log
      [AUTH ROUTE] GET /me {
        method: 'GET',
        path: '/me',
        originalUrl: '/api/auth/me',
        params: {},
        query: [Object: null prototype] {},
        body: undefined,
        timestamp: '2025-10-13T06:49:17.048Z'
      }

      at src/routes/auth.routes.ts:432:11

    console.log
      getMe isSuperAdmin calculation: {
        userId: '3b96fe99-3954-4f59-ba32-21ec262a9dbb',
        email: 'superadmin-auth@example.com',
        storedIsSuperAdmin: true,
        calculatedIsSuperAdmin: true,
        windbooksAppResourceId: 'cmgorvyhm000xn3l4ia2sfzpy',
        resourceRoles: [
          { resourceId: 'cmgorvyhm000xn3l4ia2sfzpy', roleName: 
'SUPERADMIN' }
        ],
        hasSuperAdminRole: true,
        timestamp: '2025-10-13T06:49:17.053Z'
      }

      at Object.getMe (src/services/auth.service.ts:284:13)

    console.log
      getMe SUPERADMIN user - returning empty resources array 
(has access to all) {
        userId: '3b96fe99-3954-4f59-ba32-21ec262a9dbb',
        email: 'superadmin-auth@example.com',
        timestamp: '2025-10-13T06:49:17.053Z'
      }

      at Object.getMe (src/services/auth.service.ts:306:15)

    console.log
      [AUTH ROUTE] POST /register {
        method: 'POST',
        path: '/register',
        originalUrl: '/api/auth/register',
        params: {},
        query: [Object: null prototype] {},
        body: { email: 'verify-test@example.com', password: 
'testpassword123' },
        timestamp: '2025-10-13T06:49:17.061Z'
      }

      at src/routes/auth.routes.ts:432:11

    console.log
      Registration attempt: {
        email: 'verify-test@example.com',
        timestamp: '2025-10-13T06:49:17.062Z',
        passwordLength: 15
      }

      at Object.register (src/services/auth.service.ts:13:13)

    console.log
      Generated verification code: {
        userId: '3e8e81b9-6250-45e8-8575-04b5c55e79a7',
        verificationCode: 'f4b284d9...',
        verificationCodeLength: 32,
        verificationCodeFormat: '32-character-hexadecimal',
        exampleValidCode: 'fd7c3069a9c92896ad9a11a8f4ec8f1d',
        timestamp: '2025-10-13T06:49:17.119Z'
      }

      at generateVerificationCode 
(src/services/emailVerification.service.ts:8:11)

    console.log
      Attempting to send verification email: {
        to: 'verify-test@example.com',
        from: 'windbooks@dvconsultingph.com',
        timestamp: '2025-10-13T06:49:17.122Z'
      }

      at sendVerificationEmail 
(src/services/email.service.ts:326:13)

    console.log
      Test environment detected - skipping actual email send: {
        to: 'verify-test@example.com',
        verificationCode: 'f4b284d9...',
        timestamp: '2025-10-13T06:49:17.122Z'
      }

      at sendVerificationEmail 
(src/services/email.service.ts:334:15)

    console.log
      Verification email sent successfully (mocked): {
        to: 'verify-test@example.com',
        messageId: 'mock-message-id-xu99',
        statusCode: 202,
        timestamp: '2025-10-13T06:49:17.140Z'
      }

      at sendVerificationEmail 
(src/services/email.service.ts:343:15)

    console.log
      Verification email sent successfully: {
        email: 'verify-test@example.com',
        userId: '3e8e81b9-6250-45e8-8575-04b5c55e79a7',
        verificationCode: 'f4b284d9...',
        timestamp: '2025-10-13T06:49:17.140Z'
      }

      at Object.register (src/services/auth.service.ts:42:15)

    console.log
      Registration successful: {
        email: 'verify-test@example.com',
        userId: '3e8e81b9-6250-45e8-8575-04b5c55e79a7',
        timestamp: '2025-10-13T06:49:17.140Z'
      }

      at Object.register (src/services/auth.service.ts:59:13)

    console.log
      [AUTH ROUTE] POST /login {
        method: 'POST',
        path: '/login',
        originalUrl: '/api/auth/login',
        params: {},
        query: [Object: null prototype] {},
        body: { email: 'verify-test@example.com', password: 
'testpassword123' },
        timestamp: '2025-10-13T06:49:17.146Z'
      }

      at src/routes/auth.routes.ts:432:11

    console.log
      Login attempt: {
        email: 'verify-test@example.com',
        timestamp: '2025-10-13T06:49:17.147Z',
        passwordLength: 15
      }

      at Object.login (src/services/auth.service.ts:75:13)

    console.warn
      Login failed - user inactive: {
        email: 'verify-test@example.com',
        userId: '3e8e81b9-6250-45e8-8575-04b5c55e79a7',
        timestamp: '2025-10-13T06:49:17.148Z',
        reason: 'User account is not active and unverified',
        verificationStatus: 'unverified'
      }

    [0m [90m 115 |[39m       }
     [90m 116 |[39m
    [31m[1m>[22m[39m[90m 117 |[39m       
console[33m.[39mwarn([32m'Login failed - user 
inactive:'[39m[33m,[39m {
     [90m     |[39m               [31m[1m^[22m[39m
     [90m 118 |[39m         email[33m,[39m
     [90m 119 |[39m         userId[33m:[39m 
user[33m.[39mid[33m,[39m
     [90m 120 |[39m         timestamp[33m:[39m [36mnew[39m 
[33mDate[39m()[33m.[39mtoISOString()[33m,[39m[0m

      at Object.login (src/services/auth.service.ts:117:15)
      at async login (src/controllers/auth.controller.ts:96:20)

    console.log
      [AUTH ROUTE] POST /verify/f4b284d9dd6a2efd900f57a8f5981448 {
        method: 'POST',
        path: '/verify/f4b284d9dd6a2efd900f57a8f5981448',
        originalUrl: 
'/api/auth/verify/f4b284d9dd6a2efd900f57a8f5981448',
        params: {},
        query: [Object: null prototype] {},
        body: {},
        timestamp: '2025-10-13T06:49:17.151Z'
      }

      at src/routes/auth.routes.ts:432:11

    console.log
      [EMAIL VERIFICATION ROUTE MATCHED] {
        method: 'POST',
        path: '/verify/f4b284d9dd6a2efd900f57a8f5981448',
        originalUrl: 
'/api/auth/verify/f4b284d9dd6a2efd900f57a8f5981448',
        params: [Object: null prototype] {
          verificationCode: 'f4b284d9dd6a2efd900f57a8f5981448'
        },
        verificationCode: 'f4b284d9dd6a2efd900f57a8f5981448',
        verificationCodeLength: 32,
        timestamp: '2025-10-13T06:49:17.152Z'
      }

      at src/routes/auth.routes.ts:455:11

    console.log
      [CONTROLLER] verifyEmail controller called {
        method: 'POST',
        path: '/verify/f4b284d9dd6a2efd900f57a8f5981448',
        originalUrl: 
'/api/auth/verify/f4b284d9dd6a2efd900f57a8f5981448',
        params: [Object: null prototype] {
          verificationCode: 'f4b284d9dd6a2efd900f57a8f5981448'
        },
        timestamp: '2025-10-13T06:49:17.153Z'
      }

      at verifyEmail (src/controllers/auth.controller.ts:320:11)

    console.log
      [CONTROLLER] Email verification controller details {
        verificationCode: 'f4b284d9...',
        verificationCodeLength: 32,
        verificationCodePresent: true,
        paramsObject: [Object: null prototype] {
          verificationCode: 'f4b284d9dd6a2efd900f57a8f5981448'
        },
        paramsKeys: [ 'verificationCode' ],
        method: 'POST',
        path: '/verify/f4b284d9dd6a2efd900f57a8f5981448',
        originalUrl: 
'/api/auth/verify/f4b284d9dd6a2efd900f57a8f5981448',
        timestamp: '2025-10-13T06:49:17.154Z'
      }

      at verifyEmail (src/controllers/auth.controller.ts:331:11)

    console.log
      [CONTROLLER] Calling authService.verifyEmail {
        verificationCode: 'f4b284d9...',
        timestamp: '2025-10-13T06:49:17.155Z'
      }

      at verifyEmail (src/controllers/auth.controller.ts:370:13)

    console.log
      Email verification attempt: {
        verificationCode: 'f4b284d9...',
        verificationCodeLength: 32,
        verificationCodeFormat: 'valid-hex-32',
        timestamp: '2025-10-13T06:49:17.156Z'
      }

      at Object.verifyEmail (src/services/auth.service.ts:371:13)

    console.log
      Email verification successful: {
        userId: '3e8e81b9-6250-45e8-8575-04b5c55e79a7',
        verificationCode: 'f4b284d9...',
        timestamp: '2025-10-13T06:49:17.161Z'
      }

      at Object.verifyEmail (src/services/auth.service.ts:445:13)

    console.log
      [CONTROLLER] authService.verifyEmail successful {
        verificationCode: 'f4b284d9...',
        result: { message: 'Email verified successfully' },
        timestamp: '2025-10-13T06:49:17.162Z'
      }

      at verifyEmail (src/controllers/auth.controller.ts:377:13)

    console.log
      [AUTH ROUTE] POST /login {
        method: 'POST',
        path: '/login',
        originalUrl: '/api/auth/login',
        params: {},
        query: [Object: null prototype] {},
        body: { email: 'verify-test@example.com', password: 
'testpassword123' },
        timestamp: '2025-10-13T06:49:17.170Z'
      }

      at src/routes/auth.routes.ts:432:11

    console.log
      Login attempt: {
        email: 'verify-test@example.com',
        timestamp: '2025-10-13T06:49:17.171Z',
        passwordLength: 15
      }

      at Object.login (src/services/auth.service.ts:75:13)

    console.log
      Login history recorded: {
        userId: '3e8e81b9-6250-45e8-8575-04b5c55e79a7',
        email: 'verify-test@example.com',
        ipAddress: '::ffff:127.0.0.1',
        timestamp: '2025-10-13T06:49:17.234Z'
      }

      at Object.login (src/services/auth.service.ts:154:15)

    console.log
      Login successful: {
        email: 'verify-test@example.com',
        userId: '3e8e81b9-6250-45e8-8575-04b5c55e79a7',
        isSuperAdmin: false,
        timestamp: '2025-10-13T06:49:17.234Z'
      }

      at Object.login (src/services/auth.service.ts:171:13)

    console.log
      [AUTH ROUTE] POST /verify/invalid-code-12345 {
        method: 'POST',
        path: '/verify/invalid-code-12345',
        originalUrl: '/api/auth/verify/invalid-code-12345',
        params: {},
        query: [Object: null prototype] {},
        body: {},
        timestamp: '2025-10-13T06:49:17.238Z'
      }

      at src/routes/auth.routes.ts:432:11

    console.log
      [EMAIL VERIFICATION ROUTE MATCHED] {
        method: 'POST',
        path: '/verify/invalid-code-12345',
        originalUrl: '/api/auth/verify/invalid-code-12345',
        params: [Object: null prototype] { verificationCode: 
'invalid-code-12345' },
        verificationCode: 'invalid-code-12345',
        verificationCodeLength: 18,
        timestamp: '2025-10-13T06:49:17.239Z'
      }

      at src/routes/auth.routes.ts:455:11

    console.log
      [CONTROLLER] verifyEmail controller called {
        method: 'POST',
        path: '/verify/invalid-code-12345',
        originalUrl: '/api/auth/verify/invalid-code-12345',
        params: [Object: null prototype] { verificationCode: 
'invalid-code-12345' },
        timestamp: '2025-10-13T06:49:17.240Z'
      }

      at verifyEmail (src/controllers/auth.controller.ts:320:11)

    console.log
      [CONTROLLER] Email verification controller details {
        verificationCode: 'invalid-...',
        verificationCodeLength: 18,
        verificationCodePresent: true,
        paramsObject: [Object: null prototype] { 
verificationCode: 'invalid-code-12345' },
        paramsKeys: [ 'verificationCode' ],
        method: 'POST',
        path: '/verify/invalid-code-12345',
        originalUrl: '/api/auth/verify/invalid-code-12345',
        timestamp: '2025-10-13T06:49:17.240Z'
      }

      at verifyEmail (src/controllers/auth.controller.ts:331:11)

    console.log
      [CONTROLLER] Calling authService.verifyEmail {
        verificationCode: 'invalid-...',
        timestamp: '2025-10-13T06:49:17.241Z'
      }

      at verifyEmail (src/controllers/auth.controller.ts:370:13)

    console.log
      Email verification attempt: {
        verificationCode: 'invalid-...',
        verificationCodeLength: 18,
        verificationCodeFormat: 'invalid-format',
        timestamp: '2025-10-13T06:49:17.242Z'
      }

      at Object.verifyEmail (src/services/auth.service.ts:371:13)

    console.warn
      Email verification failed - invalid code format: {
        verificationCode: 'invalid-...',
        expectedFormat: '32-character hexadecimal string (a-f, 
0-9)',
        actualLength: 18,
        actualFormat: 'contains-non-hex',
        timestamp: '2025-10-13T06:49:17.243Z'
      }

    [0m [90m 378 |[39m     [90m// Validate verification code 
format[39m
     [90m 379 |[39m     [36mif[39m ([33m![39m[35m/^[a-f0-9]
{32}$/[39m[33m.[39mtest(verificationCode)) {
    [31m[1m>[22m[39m[90m 380 |[39m       
console[33m.[39mwarn([32m'Email verification failed - invalid 
code format:'[39m[33m,[39m {
     [90m     |[39m               [31m[1m^[22m[39m
     [90m 381 |[39m         verificationCode[33m:[39m 
verificationCode[33m.[39msubstring([35m0[39m[33m,[39m 
[35m8[39m) [33m+[39m [32m'...'[39m[33m,[39m
     [90m 382 |[39m         expectedFormat[33m:[39m 
[32m'32-character hexadecimal string (a-f, 0-9)'[39m[33m,[39m
     [90m 383 |[39m         actualLength[33m:[39m 
verificationCode[33m.[39mlength[33m,[39m[0m

      at Object.verifyEmail (src/services/auth.service.ts:380:15)
      at verifyEmail (src/controllers/auth.controller.ts:375:38)
      at Layer.handleRequest 
(node_modules/router/lib/layer.js:152:17)
      at next (node_modules/router/lib/route.js:157:13)
      at src/routes/auth.routes.ts:464:3
      at Layer.handleRequest 
(node_modules/router/lib/layer.js:152:17)
      at next (node_modules/router/lib/route.js:157:13)
      at Route.dispatch (node_modules/router/lib/route.js:117:3)
      at handle (node_modules/router/index.js:435:11)
      at Layer.handleRequest 
(node_modules/router/lib/layer.js:152:17)
      at node_modules/router/index.js:295:15
      at param (node_modules/router/index.js:600:14)
      at param (node_modules/router/index.js:610:14)
      at processParams (node_modules/router/index.js:664:3)
      at next (node_modules/router/index.js:291:5)
      at src/routes/auth.routes.ts:441:3
      at Layer.handleRequest 
(node_modules/router/lib/layer.js:152:17)
      at trimPrefix (node_modules/router/index.js:342:13)
      at node_modules/router/index.js:297:9
      at processParams (node_modules/router/index.js:582:12)
      at next (node_modules/router/index.js:291:5)
      at Function.handle (node_modules/router/index.js:186:3)
      at router (node_modules/router/index.js:60:12)
      at Layer.handleRequest 
(node_modules/router/lib/layer.js:152:17)
      at trimPrefix (node_modules/router/index.js:342:13)
      at node_modules/router/index.js:297:9
      at processParams (node_modules/router/index.js:582:12)
      at next (node_modules/router/index.js:291:5)
      at src/app.ts:92:3
      at Layer.handleRequest 
(node_modules/router/lib/layer.js:152:17)
      at trimPrefix (node_modules/router/index.js:342:13)
      at node_modules/router/index.js:297:9
      at processParams (node_modules/router/index.js:582:12)
      at next (node_modules/router/index.js:291:5)
      at urlencodedParser 
(node_modules/body-parser/lib/types/urlencoded.js:77:7)
      at Layer.handleRequest 
(node_modules/router/lib/layer.js:152:17)
      at trimPrefix (node_modules/router/index.js:342:13)
      at node_modules/router/index.js:297:9
      at processParams (node_modules/router/index.js:582:12)
      at next (node_modules/router/index.js:291:5)
      at jsonParser 
(node_modules/body-parser/lib/types/json.js:109:7)
      at Layer.handleRequest 
(node_modules/router/lib/layer.js:152:17)
      at trimPrefix (node_modules/router/index.js:342:13)
      at node_modules/router/index.js:297:9
      at processParams (node_modules/router/index.js:582:12)
      at next (node_modules/router/index.js:291:5)
      at cors (node_modules/cors/lib/index.js:188:7)
      at node_modules/cors/lib/index.js:224:17
      at originCallback (node_modules/cors/lib/index.js:214:15)
      at node_modules/cors/lib/index.js:219:13
      at optionsCallback (node_modules/cors/lib/index.js:199:9)
      at corsMiddleware (node_modules/cors/lib/index.js:204:7)
      at Layer.handleRequest 
(node_modules/router/lib/layer.js:152:17)
      at trimPrefix (node_modules/router/index.js:342:13)
      at node_modules/router/index.js:297:9
      at processParams (node_modules/router/index.js:582:12)
      at next (node_modules/router/index.js:291:5)
      at src/app.ts:37:3
      at Layer.handleRequest 
(node_modules/router/lib/layer.js:152:17)
      at trimPrefix (node_modules/router/index.js:342:13)
      at node_modules/router/index.js:297:9
      at processParams (node_modules/router/index.js:582:12)
      at next (node_modules/router/index.js:291:5)
      at Function.handle (node_modules/router/index.js:186:3)
      at Function.handle 
(node_modules/express/lib/application.js:177:15)
      at Server.app (node_modules/express/lib/express.js:38:9)

    console.error
      Email verification error: {
        verificationCode: 'invalid-...',
        error: 'Invalid verification code format. Expected 
32-character hexadecimal string.',
        timestamp: '2025-10-13T06:49:17.244Z'
      }

    [0m [90m 451 |[39m     [36mreturn[39m { 
message[33m:[39m [32m'Email verified successfully'[39m 
}[33m;[39m
     [90m 452 |[39m   } [36mcatch[39m (error) {
    [31m[1m>[22m[39m[90m 453 |[39m     
console[33m.[39merror([32m'Email verification 
error:'[39m[33m,[39m {
     [90m     |[39m             [31m[1m^[22m[39m
     [90m 454 |[39m       verificationCode[33m:[39m 
verificationCode[33m.[39msubstring([35m0[39m[33m,[39m 
[35m8[39m) [33m+[39m [32m'...'[39m[33m,[39m
     [90m 455 |[39m       error[33m:[39m error 
[36minstanceof[39m [33mError[39m [33m?[39m 
error[33m.[39mmessage [33m:[39m [32m'Unknown 
error'[39m[33m,[39m
     [90m 456 |[39m       timestamp[33m:[39m [36mnew[39m 
[33mDate[39m()[33m.[39mtoISOString()[33m,[39m[0m

      at Object.verifyEmail (src/services/auth.service.ts:453:13)
      at verifyEmail (src/controllers/auth.controller.ts:375:38)
      at Layer.handleRequest 
(node_modules/router/lib/layer.js:152:17)
      at next (node_modules/router/lib/route.js:157:13)
      at src/routes/auth.routes.ts:464:3
      at Layer.handleRequest 
(node_modules/router/lib/layer.js:152:17)
      at next (node_modules/router/lib/route.js:157:13)
      at Route.dispatch (node_modules/router/lib/route.js:117:3)
      at handle (node_modules/router/index.js:435:11)
      at Layer.handleRequest 
(node_modules/router/lib/layer.js:152:17)
      at node_modules/router/index.js:295:15
      at param (node_modules/router/index.js:600:14)
      at param (node_modules/router/index.js:610:14)
      at processParams (node_modules/router/index.js:664:3)
      at next (node_modules/router/index.js:291:5)
      at src/routes/auth.routes.ts:441:3
      at Layer.handleRequest 
(node_modules/router/lib/layer.js:152:17)
      at trimPrefix (node_modules/router/index.js:342:13)
      at node_modules/router/index.js:297:9
      at processParams (node_modules/router/index.js:582:12)
      at next (node_modules/router/index.js:291:5)
      at Function.handle (node_modules/router/index.js:186:3)
      at router (node_modules/router/index.js:60:12)
      at Layer.handleRequest 
(node_modules/router/lib/layer.js:152:17)
      at trimPrefix (node_modules/router/index.js:342:13)
      at node_modules/router/index.js:297:9
      at processParams (node_modules/router/index.js:582:12)
      at next (node_modules/router/index.js:291:5)
      at src/app.ts:92:3
      at Layer.handleRequest 
(node_modules/router/lib/layer.js:152:17)
      at trimPrefix (node_modules/router/index.js:342:13)
      at node_modules/router/index.js:297:9
      at processParams (node_modules/router/index.js:582:12)
      at next (node_modules/router/index.js:291:5)
      at urlencodedParser 
(node_modules/body-parser/lib/types/urlencoded.js:77:7)
      at Layer.handleRequest 
(node_modules/router/lib/layer.js:152:17)
      at trimPrefix (node_modules/router/index.js:342:13)
      at node_modules/router/index.js:297:9
      at processParams (node_modules/router/index.js:582:12)
      at next (node_modules/router/index.js:291:5)
      at jsonParser 
(node_modules/body-parser/lib/types/json.js:109:7)
      at Layer.handleRequest 
(node_modules/router/lib/layer.js:152:17)
      at trimPrefix (node_modules/router/index.js:342:13)
      at node_modules/router/index.js:297:9
      at processParams (node_modules/router/index.js:582:12)
      at next (node_modules/router/index.js:291:5)
      at cors (node_modules/cors/lib/index.js:188:7)
      at node_modules/cors/lib/index.js:224:17
      at originCallback (node_modules/cors/lib/index.js:214:15)
      at node_modules/cors/lib/index.js:219:13
      at optionsCallback (node_modules/cors/lib/index.js:199:9)
      at corsMiddleware (node_modules/cors/lib/index.js:204:7)
      at Layer.handleRequest 
(node_modules/router/lib/layer.js:152:17)
      at trimPrefix (node_modules/router/index.js:342:13)
      at node_modules/router/index.js:297:9
      at processParams (node_modules/router/index.js:582:12)
      at next (node_modules/router/index.js:291:5)
      at src/app.ts:37:3
      at Layer.handleRequest 
(node_modules/router/lib/layer.js:152:17)
      at trimPrefix (node_modules/router/index.js:342:13)
      at node_modules/router/index.js:297:9
      at processParams (node_modules/router/index.js:582:12)
      at next (node_modules/router/index.js:291:5)
      at Function.handle (node_modules/router/index.js:186:3)
      at Function.handle 
(node_modules/express/lib/application.js:177:15)
      at Server.app (node_modules/express/lib/express.js:38:9)

    console.error
      [CONTROLLER] authService.verifyEmail failed {
        verificationCode: 'invalid-...',
        error: {
          name: 'Error',
          message: 'Invalid verification code format. Expected 
32-character hexadecimal string.',
          stack: 'Error: Invalid verification code format. 
Expected 32-character hexadecimal string.\n' +
            '    at Object.verifyEmail (C:\\Users\\Raenerys\\Docum
ents\\Windbooks\\user-authentication-api\\src\\services\\auth.serv
ice.ts:387:13)\n' +
            '    at verifyEmail (C:\\Users\\Raenerys\\Documents\\W
indbooks\\user-authentication-api\\src\\controllers\\auth.controll
er.ts:375:38)\n' +
            '    at Layer.handleRequest (C:\\Users\\Raenerys\\Docu
ments\\Windbooks\\user-authentication-api\\node_modules\\router\\l
ib\\layer.js:152:17)\n' +
            '    at next (C:\\Users\\Raenerys\\Documents\\Windbook
s\\user-authentication-api\\node_modules\\router\\lib\\route.js:15
7:13)\n' +
            '    at C:\\Users\\Raenerys\\Documents\\Windbooks\\use
r-authentication-api\\src\\routes\\auth.routes.ts:464:3\n' +
            '    at Layer.handleRequest (C:\\Users\\Raenerys\\Docu
ments\\Windbooks\\user-authentication-api\\node_modules\\router\\l
ib\\layer.js:152:17)\n' +
            '    at next (C:\\Users\\Raenerys\\Documents\\Windbook
s\\user-authentication-api\\node_modules\\router\\lib\\route.js:15
7:13)\n' +
            '    at Route.dispatch (C:\\Users\\Raenerys\\Documents
\\Windbooks\\user-authentication-api\\node_modules\\router\\lib\\r
oute.js:117:3)\n' +
            '    at handle (C:\\Users\\Raenerys\\Documents\\Windbo
oks\\user-authentication-api\\node_modules\\router\\index.js:435:1
1)\n' +
            '    at Layer.handleRequest (C:\\Users\\Raenerys\\Docu
ments\\Windbooks\\user-authentication-api\\node_modules\\router\\l
ib\\layer.js:152:17)\n' +
            '    at C:\\Users\\Raenerys\\Documents\\Windbooks\\use
r-authentication-api\\node_modules\\router\\index.js:295:15\n' +
            '    at param (C:\\Users\\Raenerys\\Documents\\Windboo
ks\\user-authentication-api\\node_modules\\router\\index.js:600:14
)\n' +
            '    at param (C:\\Users\\Raenerys\\Documents\\Windboo
ks\\user-authentication-api\\node_modules\\router\\index.js:610:14
)\n' +
            '    at processParams (C:\\Users\\Raenerys\\Documents\
\Windbooks\\user-authentication-api\\node_modules\\router\\index.j
s:664:3)\n' +
            '    at next (C:\\Users\\Raenerys\\Documents\\Windbook
s\\user-authentication-api\\node_modules\\router\\index.js:291:5)\
n' +
            '    at C:\\Users\\Raenerys\\Documents\\Windbooks\\use
r-authentication-api\\src\\routes\\auth.routes.ts:441:3\n' +
            '    at Layer.handleRequest (C:\\Users\\Raenerys\\Docu
ments\\Windbooks\\user-authentication-api\\node_modules\\router\\l
ib\\layer.js:152:17)\n' +
            '    at trimPrefix (C:\\Users\\Raenerys\\Documents\\Wi
ndbooks\\user-authentication-api\\node_modules\\router\\index.js:3
42:13)\n' +
            '    at C:\\Users\\Raenerys\\Documents\\Windbooks\\use
r-authentication-api\\node_modules\\router\\index.js:297:9\n' +
            '    at processParams (C:\\Users\\Raenerys\\Documents\
\Windbooks\\user-authentication-api\\node_modules\\router\\index.j
s:582:12)\n' +
            '    at next (C:\\Users\\Raenerys\\Documents\\Windbook
s\\user-authentication-api\\node_modules\\router\\index.js:291:5)\
n' +
            '    at Function.handle (C:\\Users\\Raenerys\\Document
s\\Windbooks\\user-authentication-api\\node_modules\\router\\index
.js:186:3)\n' +
            '    at router (C:\\Users\\Raenerys\\Documents\\Windbo
oks\\user-authentication-api\\node_modules\\router\\index.js:60:12
)\n' +
            '    at Layer.handleRequest (C:\\Users\\Raenerys\\Docu
ments\\Windbooks\\user-authentication-api\\node_modules\\router\\l
ib\\layer.js:152:17)\n' +
            '    at trimPrefix (C:\\Users\\Raenerys\\Documents\\Wi
ndbooks\\user-authentication-api\\node_modules\\router\\index.js:3
42:13)\n' +
            '    at C:\\Users\\Raenerys\\Documents\\Windbooks\\use
r-authentication-api\\node_modules\\router\\index.js:297:9\n' +
            '    at processParams (C:\\Users\\Raenerys\\Documents\
\Windbooks\\user-authentication-api\\node_modules\\router\\index.j
s:582:12)\n' +
            '    at next (C:\\Users\\Raenerys\\Documents\\Windbook
s\\user-authentication-api\\node_modules\\router\\index.js:291:5)\
n' +
            '    at C:\\Users\\Raenerys\\Documents\\Windbooks\\use
r-authentication-api\\src\\app.ts:92:3\n' +
            '    at Layer.handleRequest (C:\\Users\\Raenerys\\Docu
ments\\Windbooks\\user-authentication-api\\node_modules\\router\\l
ib\\layer.js:152:17)\n' +
            '    at trimPrefix (C:\\Users\\Raenerys\\Documents\\Wi
ndbooks\\user-authentication-api\\node_modules\\router\\index.js:3
42:13)\n' +
            '    at C:\\Users\\Raenerys\\Documents\\Windbooks\\use
r-authentication-api\\node_modules\\router\\index.js:297:9\n' +
            '    at processParams (C:\\Users\\Raenerys\\Documents\
\Windbooks\\user-authentication-api\\node_modules\\router\\index.j
s:582:12)\n' +
            '    at next (C:\\Users\\Raenerys\\Documents\\Windbook
s\\user-authentication-api\\node_modules\\router\\index.js:291:5)\
n' +
            '    at urlencodedParser (C:\\Users\\Raenerys\\Documen
ts\\Windbooks\\user-authentication-api\\node_modules\\body-parser\
\lib\\types\\urlencoded.js:77:7)\n' +
            '    at Layer.handleRequest (C:\\Users\\Raenerys\\Docu
ments\\Windbooks\\user-authentication-api\\node_modules\\router\\l
ib\\layer.js:152:17)\n' +
            '    at trimPrefix (C:\\Users\\Raenerys\\Documents\\Wi
ndbooks\\user-authentication-api\\node_modules\\router\\index.js:3
42:13)\n' +
            '    at C:\\Users\\Raenerys\\Documents\\Windbooks\\use
r-authentication-api\\node_modules\\router\\index.js:297:9\n' +
            '    at processParams (C:\\Users\\Raenerys\\Documents\
\Windbooks\\user-authentication-api\\node_modules\\router\\index.j
s:582:12)\n' +
            '    at next (C:\\Users\\Raenerys\\Documents\\Windbook
s\\user-authentication-api\\node_modules\\router\\index.js:291:5)\
n' +
            '    at jsonParser (C:\\Users\\Raenerys\\Documents\\Wi
ndbooks\\user-authentication-api\\node_modules\\body-parser\\lib\\
types\\json.js:109:7)\n' +
            '    at Layer.handleRequest (C:\\Users\\Raenerys\\Docu
ments\\Windbooks\\user-authentication-api\\node_modules\\router\\l
ib\\layer.js:152:17)\n' +
            '    at trimPrefix (C:\\Users\\Raenerys\\Documents\\Wi
ndbooks\\user-authentication-api\\node_modules\\router\\index.js:3
42:13)\n' +
            '    at C:\\Users\\Raenerys\\Documents\\Windbooks\\use
r-authentication-api\\node_modules\\router\\index.js:297:9\n' +
            '    at processParams (C:\\Users\\Raenerys\\Documents\
\Windbooks\\user-authentication-api\\node_modules\\router\\index.j
s:582:12)\n' +
            '    at next (C:\\Users\\Raenerys\\Documents\\Windbook
s\\user-authentication-api\\node_modules\\router\\index.js:291:5)\
n' +
            '    at cors (C:\\Users\\Raenerys\\Documents\\Windbook
s\\user-authentication-api\\node_modules\\cors\\lib\\index.js:188:
7)\n' +
            '    at C:\\Users\\Raenerys\\Documents\\Windbooks\\use
r-authentication-api\\node_modules\\cors\\lib\\index.js:224:17\n' 
+
            '    at originCallback (C:\\Users\\Raenerys\\Documents
\\Windbooks\\user-authentication-api\\node_modules\\cors\\lib\\ind
ex.js:214:15)\n' +
            '    at C:\\Users\\Raenerys\\Documents\\Windbooks\\use
r-authentication-api\\node_modules\\cors\\lib\\index.js:219:13\n' 
+
            '    at optionsCallback (C:\\Users\\Raenerys\\Document
s\\Windbooks\\user-authentication-api\\node_modules\\cors\\lib\\in
dex.js:199:9)\n' +
            '    at corsMiddleware (C:\\Users\\Raenerys\\Documents
\\Windbooks\\user-authentication-api\\node_modules\\cors\\lib\\ind
ex.js:204:7)\n' +
            '    at Layer.handleRequest (C:\\Users\\Raenerys\\Docu
ments\\Windbooks\\user-authentication-api\\node_modules\\router\\l
ib\\layer.js:152:17)\n' +
            '    at trimPrefix (C:\\Users\\Raenerys\\Documents\\Wi
ndbooks\\user-authentication-api\\node_modules\\router\\index.js:3
42:13)\n' +
            '    at C:\\Users\\Raenerys\\Documents\\Windbooks\\use
r-authentication-api\\node_modules\\router\\index.js:297:9\n' +
            '    at processParams (C:\\Users\\Raenerys\\Documents\
\Windbooks\\user-authentication-api\\node_modules\\router\\index.j
s:582:12)\n' +
            '    at next (C:\\Users\\Raenerys\\Documents\\Windbook
s\\user-authentication-api\\node_modules\\router\\index.js:291:5)\
n' +
            '    at C:\\Users\\Raenerys\\Documents\\Windbooks\\use
r-authentication-api\\src\\app.ts:37:3\n' +
            '    at Layer.handleRequest (C:\\Users\\Raenerys\\Docu
ments\\Windbooks\\user-authentication-api\\node_modules\\router\\l
ib\\layer.js:152:17)\n' +
            '    at trimPrefix (C:\\Users\\Raenerys\\Documents\\Wi
ndbooks\\user-authentication-api\\node_modules\\router\\index.js:3
42:13)\n' +
            '    at C:\\Users\\Raenerys\\Documents\\Windbooks\\use
r-authentication-api\\node_modules\\router\\index.js:297:9\n' +
            '    at processParams (C:\\Users\\Raenerys\\Documents\
\Windbooks\\user-authentication-api\\node_modules\\router\\index.j
s:582:12)\n' +
            '    at next (C:\\Users\\Raenerys\\Documents\\Windbook
s\\user-authentication-api\\node_modules\\router\\index.js:291:5)\
n' +
            '    at Function.handle (C:\\Users\\Raenerys\\Document
s\\Windbooks\\user-authentication-api\\node_modules\\router\\index
.js:186:3)\n' +
            '    at Function.handle (C:\\Users\\Raenerys\\Document
s\\Windbooks\\user-authentication-api\\node_modules\\express\\lib\
\application.js:177:15)\n' +
            '    at Server.app (C:\\Users\\Raenerys\\Documents\\Wi
ndbooks\\user-authentication-api\\node_modules\\express\\lib\\expr
ess.js:38:9)\n' +
            '    at Server.emit (node:events:518:28)\n' +
            '    at Server.emit (node:domain:489:12)\n' +
            '    at parserOnIncoming 
(node:_http_server:1153:12)\n' +
            '    at HTTPParser.parserOnHeadersComplete 
(node:_http_common:117:17)'
        },
        timestamp: '2025-10-13T06:49:17.250Z'
      }

    [0m [90m 401 |[39m     [36mconst[39m errorMessage 
[33m=[39m error [36minstanceof[39m [33mError[39m 
[33m?[39m error[33m.[39mmessage [33m:[39m [32m'Unknown 
error'[39m[33m;[39m
     [90m 402 |[39m
    [31m[1m>[22m[39m[90m 403 |[39m     
console[33m.[39merror([32m'[CONTROLLER] 
authService.verifyEmail failed'[39m[33m,[39m {
     [90m     |[39m             [31m[1m^[22m[39m
     [90m 404 |[39m       verificationCode[33m:[39m 
verificationCode[33m.[39msubstring([35m0[39m[33m,[39m 
[35m8[39m) [33m+[39m [32m'...'[39m[33m,[39m
     [90m 405 |[39m       error[33m:[39m error 
[36minstanceof[39m [33mError[39m [33m?[39m {
     [90m 406 |[39m         name[33m:[39m 
error[33m.[39mname[33m,[39m[0m

      at verifyEmail (src/controllers/auth.controller.ts:403:13)

    console.log
      [AUTH ROUTE] POST /verify/abcdef1234567890abcdef1234567890 {
        method: 'POST',
        path: '/verify/abcdef1234567890abcdef1234567890',
        originalUrl: 
'/api/auth/verify/abcdef1234567890abcdef1234567890',
        params: {},
        query: [Object: null prototype] {},
        body: {},
        timestamp: '2025-10-13T06:49:17.256Z'
      }

      at src/routes/auth.routes.ts:432:11

    console.log
      [EMAIL VERIFICATION ROUTE MATCHED] {
        method: 'POST',
        path: '/verify/abcdef1234567890abcdef1234567890',
        originalUrl: 
'/api/auth/verify/abcdef1234567890abcdef1234567890',
        params: [Object: null prototype] {
          verificationCode: 'abcdef1234567890abcdef1234567890'
        },
        verificationCode: 'abcdef1234567890abcdef1234567890',
        verificationCodeLength: 32,
        timestamp: '2025-10-13T06:49:17.257Z'
      }

      at src/routes/auth.routes.ts:455:11

    console.log
      [CONTROLLER] verifyEmail controller called {
        method: 'POST',
        path: '/verify/abcdef1234567890abcdef1234567890',
        originalUrl: 
'/api/auth/verify/abcdef1234567890abcdef1234567890',
        params: [Object: null prototype] {
          verificationCode: 'abcdef1234567890abcdef1234567890'
        },
        timestamp: '2025-10-13T06:49:17.258Z'
      }

      at verifyEmail (src/controllers/auth.controller.ts:320:11)

    console.log
      [CONTROLLER] Email verification controller details {
        verificationCode: 'abcdef12...',
        verificationCodeLength: 32,
        verificationCodePresent: true,
        paramsObject: [Object: null prototype] {
          verificationCode: 'abcdef1234567890abcdef1234567890'
        },
        paramsKeys: [ 'verificationCode' ],
        method: 'POST',
        path: '/verify/abcdef1234567890abcdef1234567890',
        originalUrl: 
'/api/auth/verify/abcdef1234567890abcdef1234567890',
        timestamp: '2025-10-13T06:49:17.258Z'
      }

      at verifyEmail (src/controllers/auth.controller.ts:331:11)

    console.log
      [CONTROLLER] Calling authService.verifyEmail {
        verificationCode: 'abcdef12...',
        timestamp: '2025-10-13T06:49:17.259Z'
      }

      at verifyEmail (src/controllers/auth.controller.ts:370:13)

    console.log
      Email verification attempt: {
        verificationCode: 'abcdef12...',
        verificationCodeLength: 32,
        verificationCodeFormat: 'valid-hex-32',
        timestamp: '2025-10-13T06:49:17.260Z'
      }

      at Object.verifyEmail (src/services/auth.service.ts:371:13)

    console.warn
      Email verification failed - code expired: {
        verificationCode: 'abcdef12...',
        expiresAt: 2025-10-13T06:29:17.253Z,
        currentTime: 2025-10-13T06:49:17.265Z,
        timestamp: '2025-10-13T06:49:17.265Z'
      }

    [0m [90m 401 |[39m     [36mconst[39m now [33m=[39m 
[36mnew[39m [33mDate[39m()[33m;[39m
     [90m 402 |[39m     [36mif[39m 
(verificationRecord[33m.[39mexpiresAt [33m<[39m now) {
    [31m[1m>[22m[39m[90m 403 |[39m       
console[33m.[39mwarn([32m'Email verification failed - code 
expired:'[39m[33m,[39m {
     [90m     |[39m               [31m[1m^[22m[39m
     [90m 404 |[39m         verificationCode[33m:[39m 
verificationCode[33m.[39msubstring([35m0[39m[33m,[39m 
[35m8[39m) [33m+[39m [32m'...'[39m[33m,[39m
     [90m 405 |[39m         expiresAt[33m:[39m 
verificationRecord[33m.[39mexpiresAt[33m,[39m
     [90m 406 |[39m         currentTime[33m:[39m 
now[33m,[39m[0m

      at Object.verifyEmail (src/services/auth.service.ts:403:15)
      at async verifyEmail 
(src/controllers/auth.controller.ts:375:20)

    console.error
      Email verification error: {
        verificationCode: 'abcdef12...',
        error: 'Verification code has expired',
        timestamp: '2025-10-13T06:49:17.265Z'
      }

    [0m [90m 451 |[39m     [36mreturn[39m { 
message[33m:[39m [32m'Email verified successfully'[39m 
}[33m;[39m
     [90m 452 |[39m   } [36mcatch[39m (error) {
    [31m[1m>[22m[39m[90m 453 |[39m     
console[33m.[39merror([32m'Email verification 
error:'[39m[33m,[39m {
     [90m     |[39m             [31m[1m^[22m[39m
     [90m 454 |[39m       verificationCode[33m:[39m 
verificationCode[33m.[39msubstring([35m0[39m[33m,[39m 
[35m8[39m) [33m+[39m [32m'...'[39m[33m,[39m
     [90m 455 |[39m       error[33m:[39m error 
[36minstanceof[39m [33mError[39m [33m?[39m 
error[33m.[39mmessage [33m:[39m [32m'Unknown 
error'[39m[33m,[39m
     [90m 456 |[39m       timestamp[33m:[39m [36mnew[39m 
[33mDate[39m()[33m.[39mtoISOString()[33m,[39m[0m

      at Object.verifyEmail (src/services/auth.service.ts:453:13)
      at async verifyEmail 
(src/controllers/auth.controller.ts:375:20)

    console.error
      [CONTROLLER] authService.verifyEmail failed {
        verificationCode: 'abcdef12...',
        error: {
          name: 'Error',
          message: 'Verification code has expired',
          stack: 'Error: Verification code has expired\n' +
            '    at Object.verifyEmail (C:\\Users\\Raenerys\\Docum
ents\\Windbooks\\user-authentication-api\\src\\services\\auth.serv
ice.ts:409:13)\n' +
            '    at async verifyEmail (C:\\Users\\Raenerys\\Docume
nts\\Windbooks\\user-authentication-api\\src\\controllers\\auth.co
ntroller.ts:375:20)'
        },
        timestamp: '2025-10-13T06:49:17.265Z'
      }

    [0m [90m 401 |[39m     [36mconst[39m errorMessage 
[33m=[39m error [36minstanceof[39m [33mError[39m 
[33m?[39m error[33m.[39mmessage [33m:[39m [32m'Unknown 
error'[39m[33m;[39m
     [90m 402 |[39m
    [31m[1m>[22m[39m[90m 403 |[39m     
console[33m.[39merror([32m'[CONTROLLER] 
authService.verifyEmail failed'[39m[33m,[39m {
     [90m     |[39m             [31m[1m^[22m[39m
     [90m 404 |[39m       verificationCode[33m:[39m 
verificationCode[33m.[39msubstring([35m0[39m[33m,[39m 
[35m8[39m) [33m+[39m [32m'...'[39m[33m,[39m
     [90m 405 |[39m       error[33m:[39m error 
[36minstanceof[39m [33mError[39m [33m?[39m {
     [90m 406 |[39m         name[33m:[39m 
error[33m.[39mname[33m,[39m[0m

      at verifyEmail (src/controllers/auth.controller.ts:403:13)

    console.log
      [AUTH ROUTE] POST /verify/f4b284d9dd6a2efd900f57a8f5981448 {
        method: 'POST',
        path: '/verify/f4b284d9dd6a2efd900f57a8f5981448',
        originalUrl: 
'/api/auth/verify/f4b284d9dd6a2efd900f57a8f5981448',
        params: {},
        query: [Object: null prototype] {},
        body: {},
        timestamp: '2025-10-13T06:49:17.269Z'
      }

      at src/routes/auth.routes.ts:432:11

    console.log
      [EMAIL VERIFICATION ROUTE MATCHED] {
        method: 'POST',
        path: '/verify/f4b284d9dd6a2efd900f57a8f5981448',
        originalUrl: 
'/api/auth/verify/f4b284d9dd6a2efd900f57a8f5981448',
        params: [Object: null prototype] {
          verificationCode: 'f4b284d9dd6a2efd900f57a8f5981448'
        },
        verificationCode: 'f4b284d9dd6a2efd900f57a8f5981448',
        verificationCodeLength: 32,
        timestamp: '2025-10-13T06:49:17.270Z'
      }

      at src/routes/auth.routes.ts:455:11

    console.log
      [CONTROLLER] verifyEmail controller called {
        method: 'POST',
        path: '/verify/f4b284d9dd6a2efd900f57a8f5981448',
        originalUrl: 
'/api/auth/verify/f4b284d9dd6a2efd900f57a8f5981448',
        params: [Object: null prototype] {
          verificationCode: 'f4b284d9dd6a2efd900f57a8f5981448'
        },
        timestamp: '2025-10-13T06:49:17.270Z'
      }

      at verifyEmail (src/controllers/auth.controller.ts:320:11)

    console.log
      [CONTROLLER] Email verification controller details {
        verificationCode: 'f4b284d9...',
        verificationCodeLength: 32,
        verificationCodePresent: true,
        paramsObject: [Object: null prototype] {
          verificationCode: 'f4b284d9dd6a2efd900f57a8f5981448'
        },
        paramsKeys: [ 'verificationCode' ],
        method: 'POST',
        path: '/verify/f4b284d9dd6a2efd900f57a8f5981448',
        originalUrl: 
'/api/auth/verify/f4b284d9dd6a2efd900f57a8f5981448',
        timestamp: '2025-10-13T06:49:17.271Z'
      }

      at verifyEmail (src/controllers/auth.controller.ts:331:11)

    console.log
      [CONTROLLER] Calling authService.verifyEmail {
        verificationCode: 'f4b284d9...',
        timestamp: '2025-10-13T06:49:17.272Z'
      }

      at verifyEmail (src/controllers/auth.controller.ts:370:13)

    console.log
      Email verification attempt: {
        verificationCode: 'f4b284d9...',
        verificationCodeLength: 32,
        verificationCodeFormat: 'valid-hex-32',
        timestamp: '2025-10-13T06:49:17.273Z'
      }

      at Object.verifyEmail (src/services/auth.service.ts:371:13)

    console.warn
      Email verification failed - code already used: {
        verificationCode: 'f4b284d9...',
        timestamp: '2025-10-13T06:49:17.275Z'
      }

    [0m [90m 412 |[39m     [90m// Check if code is already 
used[39m
     [90m 413 |[39m     [36mif[39m 
(verificationRecord[33m.[39misUsed) {
    [31m[1m>[22m[39m[90m 414 |[39m       
console[33m.[39mwarn([32m'Email verification failed - code 
already used:'[39m[33m,[39m {
     [90m     |[39m               [31m[1m^[22m[39m
     [90m 415 |[39m         verificationCode[33m:[39m 
verificationCode[33m.[39msubstring([35m0[39m[33m,[39m 
[35m8[39m) [33m+[39m [32m'...'[39m[33m,[39m
     [90m 416 |[39m         timestamp[33m:[39m [36mnew[39m 
[33mDate[39m()[33m.[39mtoISOString()[33m,[39m
     [90m 417 |[39m       })[33m;[39m[0m

      at Object.verifyEmail (src/services/auth.service.ts:414:15)
      at async verifyEmail 
(src/controllers/auth.controller.ts:375:20)

    console.error
      Email verification error: {
        verificationCode: 'f4b284d9...',
        error: 'Verification code has already been used',
        timestamp: '2025-10-13T06:49:17.275Z'
      }

    [0m [90m 451 |[39m     [36mreturn[39m { 
message[33m:[39m [32m'Email verified successfully'[39m 
}[33m;[39m
     [90m 452 |[39m   } [36mcatch[39m (error) {
    [31m[1m>[22m[39m[90m 453 |[39m     
console[33m.[39merror([32m'Email verification 
error:'[39m[33m,[39m {
     [90m     |[39m             [31m[1m^[22m[39m
     [90m 454 |[39m       verificationCode[33m:[39m 
verificationCode[33m.[39msubstring([35m0[39m[33m,[39m 
[35m8[39m) [33m+[39m [32m'...'[39m[33m,[39m
     [90m 455 |[39m       error[33m:[39m error 
[36minstanceof[39m [33mError[39m [33m?[39m 
error[33m.[39mmessage [33m:[39m [32m'Unknown 
error'[39m[33m,[39m
     [90m 456 |[39m       timestamp[33m:[39m [36mnew[39m 
[33mDate[39m()[33m.[39mtoISOString()[33m,[39m[0m

      at Object.verifyEmail (src/services/auth.service.ts:453:13)
      at async verifyEmail 
(src/controllers/auth.controller.ts:375:20)

    console.error
      [CONTROLLER] authService.verifyEmail failed {
        verificationCode: 'f4b284d9...',
        error: {
          name: 'Error',
          message: 'Verification code has already been used',
          stack: 'Error: Verification code has already been 
used\n' +
            '    at Object.verifyEmail (C:\\Users\\Raenerys\\Docum
ents\\Windbooks\\user-authentication-api\\src\\services\\auth.serv
ice.ts:418:13)\n' +
            '    at async verifyEmail (C:\\Users\\Raenerys\\Docume
nts\\Windbooks\\user-authentication-api\\src\\controllers\\auth.co
ntroller.ts:375:20)'
        },
        timestamp: '2025-10-13T06:49:17.275Z'
      }

    [0m [90m 401 |[39m     [36mconst[39m errorMessage 
[33m=[39m error [36minstanceof[39m [33mError[39m 
[33m?[39m error[33m.[39mmessage [33m:[39m [32m'Unknown 
error'[39m[33m;[39m
     [90m 402 |[39m
    [31m[1m>[22m[39m[90m 403 |[39m     
console[33m.[39merror([32m'[CONTROLLER] 
authService.verifyEmail failed'[39m[33m,[39m {
     [90m     |[39m             [31m[1m^[22m[39m
     [90m 404 |[39m       verificationCode[33m:[39m 
verificationCode[33m.[39msubstring([35m0[39m[33m,[39m 
[35m8[39m) [33m+[39m [32m'...'[39m[33m,[39m
     [90m 405 |[39m       error[33m:[39m error 
[36minstanceof[39m [33mError[39m [33m?[39m {
     [90m 406 |[39m         name[33m:[39m 
error[33m.[39mname[33m,[39m[0m

      at verifyEmail (src/controllers/auth.controller.ts:403:13)

    console.log
      [AUTH ROUTE] POST /register {
        method: 'POST',
        path: '/register',
        originalUrl: '/api/auth/register',
        params: {},
        query: [Object: null prototype] {},
        body: { email: 'resend-test@example.com', password: 
'testpassword123' },
        timestamp: '2025-10-13T06:49:17.283Z'
      }

      at src/routes/auth.routes.ts:432:11

    console.log
      Registration attempt: {
        email: 'resend-test@example.com',
        timestamp: '2025-10-13T06:49:17.284Z',
        passwordLength: 15
      }

      at Object.register (src/services/auth.service.ts:13:13)

    console.log
      Generated verification code: {
        userId: 'f1359045-1ae2-4149-9ad0-f6b580647080',
        verificationCode: '42121542...',
        verificationCodeLength: 32,
        verificationCodeFormat: '32-character-hexadecimal',
        exampleValidCode: 'fd7c3069a9c92896ad9a11a8f4ec8f1d',
        timestamp: '2025-10-13T06:49:17.341Z'
      }

      at generateVerificationCode 
(src/services/emailVerification.service.ts:8:11)

    console.log
      Attempting to send verification email: {
        to: 'resend-test@example.com',
        from: 'windbooks@dvconsultingph.com',
        timestamp: '2025-10-13T06:49:17.343Z'
      }

      at sendVerificationEmail 
(src/services/email.service.ts:326:13)

    console.log
      Test environment detected - skipping actual email send: {
        to: 'resend-test@example.com',
        verificationCode: '42121542...',
        timestamp: '2025-10-13T06:49:17.343Z'
      }

      at sendVerificationEmail 
(src/services/email.service.ts:334:15)

    console.log
      Verification email sent successfully (mocked): {
        to: 'resend-test@example.com',
        messageId: 'mock-message-id-1tawb',
        statusCode: 202,
        timestamp: '2025-10-13T06:49:17.358Z'
      }

      at sendVerificationEmail 
(src/services/email.service.ts:343:15)

    console.log
      Verification email sent successfully: {
        email: 'resend-test@example.com',
        userId: 'f1359045-1ae2-4149-9ad0-f6b580647080',
        verificationCode: '42121542...',
        timestamp: '2025-10-13T06:49:17.359Z'
      }

      at Object.register (src/services/auth.service.ts:42:15)

    console.log
      Registration successful: {
        email: 'resend-test@example.com',
        userId: 'f1359045-1ae2-4149-9ad0-f6b580647080',
        timestamp: '2025-10-13T06:49:17.359Z'
      }

      at Object.register (src/services/auth.service.ts:59:13)

    console.log
      [AUTH ROUTE] POST /resend-verification {
        method: 'POST',
        path: '/resend-verification',
        originalUrl: '/api/auth/resend-verification',
        params: {},
        query: [Object: null prototype] {},
        body: { email: 'resend-test@example.com' },
        timestamp: '2025-10-13T06:49:17.365Z'
      }

      at src/routes/auth.routes.ts:432:11

    console.log
      Resend verification attempt: {
        email: 'resend-test@example.com',
        timestamp: '2025-10-13T06:49:17.365Z'
      }

      at Object.resendVerification 
(src/services/auth.service.ts:464:13)

    console.log
      Reusing valid verification code: {
        email: 'resend-test@example.com',
        userId: 'f1359045-1ae2-4149-9ad0-f6b580647080',
        verificationCode: '42121542...',
        timestamp: '2025-10-13T06:49:17.368Z'
      }

      at Object.resendVerification 
(src/services/auth.service.ts:519:15)

    console.log
      Attempting to send verification email: {
        to: 'resend-test@example.com',
        from: 'windbooks@dvconsultingph.com',
        timestamp: '2025-10-13T06:49:17.368Z'
      }

      at sendVerificationEmail 
(src/services/email.service.ts:326:13)

    console.log
      Test environment detected - skipping actual email send: {
        to: 'resend-test@example.com',
        verificationCode: '42121542...',
        timestamp: '2025-10-13T06:49:17.368Z'
      }

      at sendVerificationEmail 
(src/services/email.service.ts:334:15)

    console.log
      Verification email sent successfully (mocked): {
        to: 'resend-test@example.com',
        messageId: 'mock-message-id-i5z8xo',
        statusCode: 202,
        timestamp: '2025-10-13T06:49:17.391Z'
      }

      at sendVerificationEmail 
(src/services/email.service.ts:343:15)

    console.log
      Verification email resent successfully: {
        email: 'resend-test@example.com',
        userId: 'f1359045-1ae2-4149-9ad0-f6b580647080',
        verificationCode: '42121542...',
        timestamp: '2025-10-13T06:49:17.392Z'
      }

      at Object.resendVerification 
(src/services/auth.service.ts:543:13)

    console.log
      [AUTH ROUTE] POST /verify/421215428f3b36dd80deab7d28b6797f {
        method: 'POST',
        path: '/verify/421215428f3b36dd80deab7d28b6797f',
        originalUrl: 
'/api/auth/verify/421215428f3b36dd80deab7d28b6797f',
        params: {},
        query: [Object: null prototype] {},
        body: {},
        timestamp: '2025-10-13T06:49:17.400Z'
      }

      at src/routes/auth.routes.ts:432:11

    console.log
      [EMAIL VERIFICATION ROUTE MATCHED] {
        method: 'POST',
        path: '/verify/421215428f3b36dd80deab7d28b6797f',
        originalUrl: 
'/api/auth/verify/421215428f3b36dd80deab7d28b6797f',
        params: [Object: null prototype] {
          verificationCode: '421215428f3b36dd80deab7d28b6797f'
        },
        verificationCode: '421215428f3b36dd80deab7d28b6797f',
        verificationCodeLength: 32,
        timestamp: '2025-10-13T06:49:17.401Z'
      }

      at src/routes/auth.routes.ts:455:11

    console.log
      [CONTROLLER] verifyEmail controller called {
        method: 'POST',
        path: '/verify/421215428f3b36dd80deab7d28b6797f',
        originalUrl: 
'/api/auth/verify/421215428f3b36dd80deab7d28b6797f',
        params: [Object: null prototype] {
          verificationCode: '421215428f3b36dd80deab7d28b6797f'
        },
        timestamp: '2025-10-13T06:49:17.401Z'
      }

      at verifyEmail (src/controllers/auth.controller.ts:320:11)

    console.log
      [CONTROLLER] Email verification controller details {
        verificationCode: '42121542...',
        verificationCodeLength: 32,
        verificationCodePresent: true,
        paramsObject: [Object: null prototype] {
          verificationCode: '421215428f3b36dd80deab7d28b6797f'
        },
        paramsKeys: [ 'verificationCode' ],
        method: 'POST',
        path: '/verify/421215428f3b36dd80deab7d28b6797f',
        originalUrl: 
'/api/auth/verify/421215428f3b36dd80deab7d28b6797f',
        timestamp: '2025-10-13T06:49:17.402Z'
      }

      at verifyEmail (src/controllers/auth.controller.ts:331:11)

    console.log
      [CONTROLLER] Calling authService.verifyEmail {
        verificationCode: '42121542...',
        timestamp: '2025-10-13T06:49:17.403Z'
      }

      at verifyEmail (src/controllers/auth.controller.ts:370:13)

    console.log
      Email verification attempt: {
        verificationCode: '42121542...',
        verificationCodeLength: 32,
        verificationCodeFormat: 'valid-hex-32',
        timestamp: '2025-10-13T06:49:17.404Z'
      }

      at Object.verifyEmail (src/services/auth.service.ts:371:13)

    console.log
      Email verification successful: {
        userId: 'f1359045-1ae2-4149-9ad0-f6b580647080',
        verificationCode: '42121542...',
        timestamp: '2025-10-13T06:49:17.410Z'
      }

      at Object.verifyEmail (src/services/auth.service.ts:445:13)

    console.log
      [CONTROLLER] authService.verifyEmail successful {
        verificationCode: '42121542...',
        result: { message: 'Email verified successfully' },
        timestamp: '2025-10-13T06:49:17.410Z'
      }

      at verifyEmail (src/controllers/auth.controller.ts:377:13)

    console.log
      [AUTH ROUTE] POST /resend-verification {
        method: 'POST',
        path: '/resend-verification',
        originalUrl: '/api/auth/resend-verification',
        params: {},
        query: [Object: null prototype] {},
        body: { email: 'resend-test@example.com' },
        timestamp: '2025-10-13T06:49:17.413Z'
      }

      at src/routes/auth.routes.ts:432:11

    console.log
      Resend verification attempt: {
        email: 'resend-test@example.com',
        timestamp: '2025-10-13T06:49:17.414Z'
      }

      at Object.resendVerification 
(src/services/auth.service.ts:464:13)

    console.warn
      Resend verification failed - user already verified: {
        email: 'resend-test@example.com',
        userId: 'f1359045-1ae2-4149-9ad0-f6b580647080',
        timestamp: '2025-10-13T06:49:17.416Z'
      }

    [0m [90m 493 |[39m     [90m// If user is already 
verified, return error[39m
     [90m 494 |[39m     [36mif[39m 
(userVerification[33m.[39misEmailVerified) {
    [31m[1m>[22m[39m[90m 495 |[39m       
console[33m.[39mwarn([32m'Resend verification failed - user 
already verified:'[39m[33m,[39m {
     [90m     |[39m               [31m[1m^[22m[39m
     [90m 496 |[39m         email[33m,[39m
     [90m 497 |[39m         userId[33m:[39m 
user[33m.[39mid[33m,[39m
     [90m 498 |[39m         timestamp[33m:[39m [36mnew[39m 
[33mDate[39m()[33m.[39mtoISOString()[33m,[39m[0m

      at Object.resendVerification 
(src/services/auth.service.ts:495:15)
      at async resendVerification 
(src/controllers/auth.controller.ts:458:20)

    console.error
      Resend verification error: {
        email: 'resend-test@example.com',
        error: 'Email is already verified',
        timestamp: '2025-10-13T06:49:17.416Z'
      }

    [0m [90m 550 |[39m     [36mreturn[39m { 
message[33m:[39m [32m'Verification email sent 
successfully'[39m }[33m;[39m
     [90m 551 |[39m   } [36mcatch[39m (error) {
    [31m[1m>[22m[39m[90m 552 |[39m     
console[33m.[39merror([32m'Resend verification 
error:'[39m[33m,[39m {
     [90m     |[39m             [31m[1m^[22m[39m
     [90m 553 |[39m       email[33m,[39m
     [90m 554 |[39m       error[33m:[39m error 
[36minstanceof[39m [33mError[39m [33m?[39m 
error[33m.[39mmessage [33m:[39m [32m'Unknown 
error'[39m[33m,[39m
     [90m 555 |[39m       timestamp[33m:[39m [36mnew[39m 
[33mDate[39m()[33m.[39mtoISOString()[33m,[39m[0m

      at Object.resendVerification 
(src/services/auth.service.ts:552:13)
      at async resendVerification 
(src/controllers/auth.controller.ts:458:20)

    console.log
      [AUTH ROUTE] POST /register {
        method: 'POST',
        path: '/register',
        originalUrl: '/api/auth/register',
        params: {},
        query: [Object: null prototype] {},
        body: { email: 'expired-resend@example.com', password: 
'testpassword123' },
        timestamp: '2025-10-13T06:49:17.420Z'
      }

      at src/routes/auth.routes.ts:432:11

    console.log
      Registration attempt: {
        email: 'expired-resend@example.com',
        timestamp: '2025-10-13T06:49:17.421Z',
        passwordLength: 15
      }

      at Object.register (src/services/auth.service.ts:13:13)

    console.log
      Generated verification code: {
        userId: '0d4d2674-bea2-4ca3-96b7-819d8377e142',
        verificationCode: '24ba9a74...',
        verificationCodeLength: 32,
        verificationCodeFormat: '32-character-hexadecimal',
        exampleValidCode: 'fd7c3069a9c92896ad9a11a8f4ec8f1d',
        timestamp: '2025-10-13T06:49:17.478Z'
      }

      at generateVerificationCode 
(src/services/emailVerification.service.ts:8:11)

    console.log
      Attempting to send verification email: {
        to: 'expired-resend@example.com',
        from: 'windbooks@dvconsultingph.com',
        timestamp: '2025-10-13T06:49:17.479Z'
      }

      at sendVerificationEmail 
(src/services/email.service.ts:326:13)

    console.log
      Test environment detected - skipping actual email send: {
        to: 'expired-resend@example.com',
        verificationCode: '24ba9a74...',
        timestamp: '2025-10-13T06:49:17.479Z'
      }

      at sendVerificationEmail 
(src/services/email.service.ts:334:15)

    console.log
      Verification email sent successfully (mocked): {
        to: 'expired-resend@example.com',
        messageId: 'mock-message-id-bzf9ah',
        statusCode: 202,
        timestamp: '2025-10-13T06:49:17.500Z'
      }

      at sendVerificationEmail 
(src/services/email.service.ts:343:15)

    console.log
      Verification email sent successfully: {
        email: 'expired-resend@example.com',
        userId: '0d4d2674-bea2-4ca3-96b7-819d8377e142',
        verificationCode: '24ba9a74...',
        timestamp: '2025-10-13T06:49:17.500Z'
      }

      at Object.register (src/services/auth.service.ts:42:15)

    console.log
      Registration successful: {
        email: 'expired-resend@example.com',
        userId: '0d4d2674-bea2-4ca3-96b7-819d8377e142',
        timestamp: '2025-10-13T06:49:17.500Z'
      }

      at Object.register (src/services/auth.service.ts:59:13)

    console.log
      [AUTH ROUTE] POST /resend-verification {
        method: 'POST',
        path: '/resend-verification',
        originalUrl: '/api/auth/resend-verification',
        params: {},
        query: [Object: null prototype] {},
        body: { email: 'expired-resend@example.com' },
        timestamp: '2025-10-13T06:49:17.506Z'
      }

      at src/routes/auth.routes.ts:432:11

    console.log
      Resend verification attempt: {
        email: 'expired-resend@example.com',
        timestamp: '2025-10-13T06:49:17.507Z'
      }

      at Object.resendVerification 
(src/services/auth.service.ts:464:13)

    console.log
      Generated verification code: {
        userId: '0d4d2674-bea2-4ca3-96b7-819d8377e142',
        verificationCode: 'bae34b07...',
        verificationCodeLength: 32,
        verificationCodeFormat: '32-character-hexadecimal',
        exampleValidCode: 'fd7c3069a9c92896ad9a11a8f4ec8f1d',
        timestamp: '2025-10-13T06:49:17.509Z'
      }

      at generateVerificationCode 
(src/services/emailVerification.service.ts:8:11)

    console.log
      Generated new verification code: {
        email: 'expired-resend@example.com',
        userId: '0d4d2674-bea2-4ca3-96b7-819d8377e142',
        verificationCode: 'bae34b07...',
        timestamp: '2025-10-13T06:49:17.510Z'
      }

      at Object.resendVerification 
(src/services/auth.service.ts:528:15)

    console.log
      Attempting to send verification email: {
        to: 'expired-resend@example.com',
        from: 'windbooks@dvconsultingph.com',
        timestamp: '2025-10-13T06:49:17.510Z'
      }

      at sendVerificationEmail 
(src/services/email.service.ts:326:13)

    console.log
      Test environment detected - skipping actual email send: {
        to: 'expired-resend@example.com',
        verificationCode: 'bae34b07...',
        timestamp: '2025-10-13T06:49:17.510Z'
      }

      at sendVerificationEmail 
(src/services/email.service.ts:334:15)

    console.log
      Verification email sent successfully (mocked): {
        to: 'expired-resend@example.com',
        messageId: 'mock-message-id-jb7a4',
        statusCode: 202,
        timestamp: '2025-10-13T06:49:17.532Z'
      }

      at sendVerificationEmail 
(src/services/email.service.ts:343:15)

    console.log
      Verification email resent successfully: {
        email: 'expired-resend@example.com',
        userId: '0d4d2674-bea2-4ca3-96b7-819d8377e142',
        verificationCode: 'bae34b07...',
        timestamp: '2025-10-13T06:49:17.532Z'
      }

      at Object.resendVerification 
(src/services/auth.service.ts:543:13)

    console.log
      [AUTH ROUTE] POST /resend-verification {
        method: 'POST',
        path: '/resend-verification',
        originalUrl: '/api/auth/resend-verification',
        params: {},
        query: [Object: null prototype] {},
        body: { email: 'nonexistent@example.com' },
        timestamp: '2025-10-13T06:49:17.539Z'
      }

      at src/routes/auth.routes.ts:432:11

    console.log
      Resend verification attempt: {
        email: 'nonexistent@example.com',
        timestamp: '2025-10-13T06:49:17.540Z'
      }

      at Object.resendVerification 
(src/services/auth.service.ts:464:13)

    console.warn
      Resend verification failed - user not found: {
        email: 'nonexistent@example.com',
        timestamp: '2025-10-13T06:49:17.541Z'
      }

    [0m [90m 470 |[39m     [36mconst[39m user [33m=[39m 
[36mawait[39m findUserByEmail(email)[33m;[39m
     [90m 471 |[39m     [36mif[39m ([33m![39muser) {
    [31m[1m>[22m[39m[90m 472 |[39m       
console[33m.[39mwarn([32m'Resend verification failed - user 
not found:'[39m[33m,[39m {
     [90m     |[39m               [31m[1m^[22m[39m
     [90m 473 |[39m         email[33m,[39m
     [90m 474 |[39m         timestamp[33m:[39m [36mnew[39m 
[33mDate[39m()[33m.[39mtoISOString()[33m,[39m
     [90m 475 |[39m       })[33m;[39m[0m

      at Object.resendVerification 
(src/services/auth.service.ts:472:15)
      at async resendVerification 
(src/controllers/auth.controller.ts:458:20)

    console.error
      Resend verification error: {
        email: 'nonexistent@example.com',
        error: 'User not found',
        timestamp: '2025-10-13T06:49:17.541Z'
      }

    [0m [90m 550 |[39m     [36mreturn[39m { 
message[33m:[39m [32m'Verification email sent 
successfully'[39m }[33m;[39m
     [90m 551 |[39m   } [36mcatch[39m (error) {
    [31m[1m>[22m[39m[90m 552 |[39m     
console[33m.[39merror([32m'Resend verification 
error:'[39m[33m,[39m {
     [90m     |[39m             [31m[1m^[22m[39m
     [90m 553 |[39m       email[33m,[39m
     [90m 554 |[39m       error[33m:[39m error 
[36minstanceof[39m [33mError[39m [33m?[39m 
error[33m.[39mmessage [33m:[39m [32m'Unknown 
error'[39m[33m,[39m
     [90m 555 |[39m       timestamp[33m:[39m [36mnew[39m 
[33mDate[39m()[33m.[39mtoISOString()[33m,[39m[0m

      at Object.resendVerification 
(src/services/auth.service.ts:552:13)
      at async resendVerification 
(src/controllers/auth.controller.ts:458:20)

    console.log
      [AUTH ROUTE] POST /resend-verification {
        method: 'POST',
        path: '/resend-verification',
        originalUrl: '/api/auth/resend-verification',
        params: {},
        query: [Object: null prototype] {},
        body: {},
        timestamp: '2025-10-13T06:49:17.545Z'
      }

      at src/routes/auth.routes.ts:432:11

    console.log
      [AUTH ROUTE] POST /resend-verification {
        method: 'POST',
        path: '/resend-verification',
        originalUrl: '/api/auth/resend-verification',
        params: {},
        query: [Object: null prototype] {},
        body: { email: 'invalid-email-format' },
        timestamp: '2025-10-13T06:49:17.551Z'
      }

      at src/routes/auth.routes.ts:432:11

    console.log
      [AUTH ROUTE] POST /register {
        method: 'POST',
        path: '/register',
        originalUrl: '/api/auth/register',
        params: {},
        query: [Object: null prototype] {},
        body: { email: 'no-code-resend@example.com', password: 
'testpassword123' },
        timestamp: '2025-10-13T06:49:17.554Z'
      }

      at src/routes/auth.routes.ts:432:11

    console.log
      Registration attempt: {
        email: 'no-code-resend@example.com',
        timestamp: '2025-10-13T06:49:17.555Z',
        passwordLength: 15
      }

      at Object.register (src/services/auth.service.ts:13:13)

    console.log
      Generated verification code: {
        userId: 'fb92e257-e0d4-4c92-a977-544f71d4ad33',
        verificationCode: '9e54cf06...',
        verificationCodeLength: 32,
        verificationCodeFormat: '32-character-hexadecimal',
        exampleValidCode: 'fd7c3069a9c92896ad9a11a8f4ec8f1d',
        timestamp: '2025-10-13T06:49:17.614Z'
      }

      at generateVerificationCode 
(src/services/emailVerification.service.ts:8:11)

    console.log
      Attempting to send verification email: {
        to: 'no-code-resend@example.com',
        from: 'windbooks@dvconsultingph.com',
        timestamp: '2025-10-13T06:49:17.615Z'
      }

      at sendVerificationEmail 
(src/services/email.service.ts:326:13)

    console.log
      Test environment detected - skipping actual email send: {
        to: 'no-code-resend@example.com',
        verificationCode: '9e54cf06...',
        timestamp: '2025-10-13T06:49:17.616Z'
      }

      at sendVerificationEmail 
(src/services/email.service.ts:334:15)

    console.log
      Verification email sent successfully (mocked): {
        to: 'no-code-resend@example.com',
        messageId: 'mock-message-id-id6sxp',
        statusCode: 202,
        timestamp: '2025-10-13T06:49:17.626Z'
      }

      at sendVerificationEmail 
(src/services/email.service.ts:343:15)

    console.log
      Verification email sent successfully: {
        email: 'no-code-resend@example.com',
        userId: 'fb92e257-e0d4-4c92-a977-544f71d4ad33',
        verificationCode: '9e54cf06...',
        timestamp: '2025-10-13T06:49:17.626Z'
      }

      at Object.register (src/services/auth.service.ts:42:15)

    console.log
      Registration successful: {
        email: 'no-code-resend@example.com',
        userId: 'fb92e257-e0d4-4c92-a977-544f71d4ad33',
        timestamp: '2025-10-13T06:49:17.626Z'
      }

      at Object.register (src/services/auth.service.ts:59:13)

    console.log
      [AUTH ROUTE] POST /resend-verification {
        method: 'POST',
        path: '/resend-verification',
        originalUrl: '/api/auth/resend-verification',
        params: {},
        query: [Object: null prototype] {},
        body: { email: 'no-code-resend@example.com' },
        timestamp: '2025-10-13T06:49:17.633Z'
      }

      at src/routes/auth.routes.ts:432:11

    console.log
      Resend verification attempt: {
        email: 'no-code-resend@example.com',
        timestamp: '2025-10-13T06:49:17.634Z'
      }

      at Object.resendVerification 
(src/services/auth.service.ts:464:13)

    console.log
      Generated verification code: {
        userId: 'fb92e257-e0d4-4c92-a977-544f71d4ad33',
        verificationCode: 'd1bc682b...',
        verificationCodeLength: 32,
        verificationCodeFormat: '32-character-hexadecimal',
        exampleValidCode: 'fd7c3069a9c92896ad9a11a8f4ec8f1d',
        timestamp: '2025-10-13T06:49:17.636Z'
      }

      at generateVerificationCode 
(src/services/emailVerification.service.ts:8:11)

    console.log
      Generated new verification code: {
        email: 'no-code-resend@example.com',
        userId: 'fb92e257-e0d4-4c92-a977-544f71d4ad33',
        verificationCode: 'd1bc682b...',
        timestamp: '2025-10-13T06:49:17.637Z'
      }

      at Object.resendVerification 
(src/services/auth.service.ts:528:15)

    console.log
      Attempting to send verification email: {
        to: 'no-code-resend@example.com',
        from: 'windbooks@dvconsultingph.com',
        timestamp: '2025-10-13T06:49:17.637Z'
      }

      at sendVerificationEmail 
(src/services/email.service.ts:326:13)

    console.log
      Test environment detected - skipping actual email send: {
        to: 'no-code-resend@example.com',
        verificationCode: 'd1bc682b...',
        timestamp: '2025-10-13T06:49:17.637Z'
      }

      at sendVerificationEmail 
(src/services/email.service.ts:334:15)

    console.log
      Verification email sent successfully (mocked): {
        to: 'no-code-resend@example.com',
        messageId: 'mock-message-id-8a5kn',
        statusCode: 202,
        timestamp: '2025-10-13T06:49:17.654Z'
      }

      at sendVerificationEmail 
(src/services/email.service.ts:343:15)

    console.log
      Verification email resent successfully: {
        email: 'no-code-resend@example.com',
        userId: 'fb92e257-e0d4-4c92-a977-544f71d4ad33',
        verificationCode: 'd1bc682b...',
        timestamp: '2025-10-13T06:49:17.655Z'
      }

      at Object.resendVerification 
(src/services/auth.service.ts:543:13)

    console.log
      [AUTH ROUTE] POST /register {
        method: 'POST',
        path: '/register',
        originalUrl: '/api/auth/register',
        params: {},
        query: [Object: null prototype] {},
        body: { email: 'duplicate-test@example.com', password: 
'anewpassword123' },
        timestamp: '2025-10-13T06:49:17.722Z'
      }

      at src/routes/auth.routes.ts:432:11

    console.log
      Registration attempt: {
        email: 'duplicate-test@example.com',
        timestamp: '2025-10-13T06:49:17.722Z',
        passwordLength: 15
      }

      at Object.register (src/services/auth.service.ts:13:13)

    console.warn
      Registration failed - user already exists: {
        email: 'duplicate-test@example.com',
        existingUserId: '0de7ca57-c062-4000-89e6-4d8e91381674',
        timestamp: '2025-10-13T06:49:17.724Z'
      }

    [0m [90m 19 |[39m     [36mconst[39m existingUser 
[33m=[39m [36mawait[39m findUserByEmail(email)[33m;[39m
     [90m 20 |[39m     [36mif[39m (existingUser) {
    [31m[1m>[22m[39m[90m 21 |[39m       
console[33m.[39mwarn([32m'Registration failed - user already 
exists:'[39m[33m,[39m {
     [90m    |[39m               [31m[1m^[22m[39m
     [90m 22 |[39m         email[33m,[39m
     [90m 23 |[39m         existingUserId[33m:[39m 
existingUser[33m.[39mid[33m,[39m
     [90m 24 |[39m         timestamp[33m:[39m [36mnew[39m 
[33mDate[39m()[33m.[39mtoISOString()[33m,[39m[0m

      at Object.register (src/services/auth.service.ts:21:15)
      at async register (src/controllers/auth.controller.ts:33:18)

    console.log
      [AUTH ROUTE] POST /register {
        method: 'POST',
        path: '/register',
        originalUrl: '/api/auth/register',
        params: {},
        query: [Object: null prototype] {},
        body: { email: 'duplicate-test@example.com', password: 
'anewpassword456' },
        timestamp: '2025-10-13T06:49:17.729Z'
      }

      at src/routes/auth.routes.ts:432:11

    console.log
      Registration attempt: {
        email: 'duplicate-test@example.com',
        timestamp: '2025-10-13T06:49:17.729Z',
        passwordLength: 15
      }

      at Object.register (src/services/auth.service.ts:13:13)

    console.warn
      Registration failed - user already exists: {
        email: 'duplicate-test@example.com',
        existingUserId: '0de7ca57-c062-4000-89e6-4d8e91381674',
        timestamp: '2025-10-13T06:49:17.730Z'
      }

    [0m [90m 19 |[39m     [36mconst[39m existingUser 
[33m=[39m [36mawait[39m findUserByEmail(email)[33m;[39m
     [90m 20 |[39m     [36mif[39m (existingUser) {
    [31m[1m>[22m[39m[90m 21 |[39m       
console[33m.[39mwarn([32m'Registration failed - user already 
exists:'[39m[33m,[39m {
     [90m    |[39m               [31m[1m^[22m[39m
     [90m 22 |[39m         email[33m,[39m
     [90m 23 |[39m         existingUserId[33m:[39m 
existingUser[33m.[39mid[33m,[39m
     [90m 24 |[39m         timestamp[33m:[39m [36mnew[39m 
[33mDate[39m()[33m.[39mtoISOString()[33m,[39m[0m

      at Object.register (src/services/auth.service.ts:21:15)
      at async register (src/controllers/auth.controller.ts:33:18)

    console.log
      [AUTH ROUTE] POST /register {
        method: 'POST',
        path: '/register',
        originalUrl: '/api/auth/register',
        params: {},
        query: [Object: null prototype] {},
        body: { email: 'DUPLICATE-TEST@EXAMPLE.COM', password: 
'anewpassword789' },
        timestamp: '2025-10-13T06:49:17.738Z'
      }

      at src/routes/auth.routes.ts:432:11

    console.log
      Registration attempt: {
        email: 'DUPLICATE-TEST@EXAMPLE.COM',
        timestamp: '2025-10-13T06:49:17.739Z',
        passwordLength: 15
      }

      at Object.register (src/services/auth.service.ts:13:13)

    console.warn
      Registration failed - user already exists: {
        email: 'DUPLICATE-TEST@EXAMPLE.COM',
        existingUserId: '0de7ca57-c062-4000-89e6-4d8e91381674',
        timestamp: '2025-10-13T06:49:17.740Z'
      }

    [0m [90m 19 |[39m     [36mconst[39m existingUser 
[33m=[39m [36mawait[39m findUserByEmail(email)[33m;[39m
     [90m 20 |[39m     [36mif[39m (existingUser) {
    [31m[1m>[22m[39m[90m 21 |[39m       
console[33m.[39mwarn([32m'Registration failed - user already 
exists:'[39m[33m,[39m {
     [90m    |[39m               [31m[1m^[22m[39m
     [90m 22 |[39m         email[33m,[39m
     [90m 23 |[39m         existingUserId[33m:[39m 
existingUser[33m.[39mid[33m,[39m
     [90m 24 |[39m         timestamp[33m:[39m [36mnew[39m 
[33mDate[39m()[33m.[39mtoISOString()[33m,[39m[0m

      at Object.register (src/services/auth.service.ts:21:15)
      at async register (src/controllers/auth.controller.ts:33:18)

[14:49:18.536] [34mDEBUG[39m (13720): [36mAuthGuard: Decoded userId from token[39m
    [35muserId[39m: "b494d081-1d24-4c2b-b71f-f5baf66198ad"
    [35mip[39m: "::ffff:127.0.0.1"
    [35mpath[39m: "/update/password"
[14:49:18.539] [34mDEBUG[39m (13720): [36mAuthGuard: User lookup result[39m
    [35muserId[39m: "b494d081-1d24-4c2b-b71f-f5baf66198ad"
    [35muserFound[39m: true
    [35misActive[39m: true
    [35mip[39m: "::ffff:127.0.0.1"
[14:49:18.539] [34mDEBUG[39m (13720): [36mAuthentication successful[39m
    [35muserId[39m: "b494d081-1d24-4c2b-b71f-f5baf66198ad"
    [35misSuperAdmin[39m: true
    [35mpermissionCount[39m: 1
    [35mip[39m: "::ffff:127.0.0.1"
[14:49:18.661] [34mDEBUG[39m (13720): [36mAuthGuard: Decoded userId from token[39m
    [35muserId[39m: "2a08cfab-35be-4aa5-bf85-d22597c448e0"
    [35mip[39m: "::ffff:127.0.0.1"
    [35mpath[39m: "/update/password"
[14:49:18.662] [34mDEBUG[39m (13720): [36mAuthGuard: User lookup result[39m
    [35muserId[39m: "2a08cfab-35be-4aa5-bf85-d22597c448e0"
    [35muserFound[39m: true
    [35misActive[39m: true
    [35mip[39m: "::ffff:127.0.0.1"
[14:49:18.662] [34mDEBUG[39m (13720): [36mAuthentication successful[39m
    [35muserId[39m: "2a08cfab-35be-4aa5-bf85-d22597c448e0"
    [35misSuperAdmin[39m: false
    [35mpermissionCount[39m: 0
    [35mip[39m: "::ffff:127.0.0.1"
[14:49:18.781] [34mDEBUG[39m (13720): [36mAuthGuard: Decoded userId from token[39m
    [35muserId[39m: "939fc25a-9855-44a7-bdd8-d2f985e3badf"
    [35mip[39m: "::ffff:127.0.0.1"
    [35mpath[39m: "/update/password"
[14:49:18.783] [34mDEBUG[39m (13720): [36mAuthGuard: User lookup result[39m
    [35muserId[39m: "939fc25a-9855-44a7-bdd8-d2f985e3badf"
    [35muserFound[39m: true
    [35misActive[39m: true
    [35mip[39m: "::ffff:127.0.0.1"
[14:49:18.783] [34mDEBUG[39m (13720): [36mAuthentication successful[39m
    [35muserId[39m: "939fc25a-9855-44a7-bdd8-d2f985e3badf"
    [35misSuperAdmin[39m: false
    [35mpermissionCount[39m: 0
    [35mip[39m: "::ffff:127.0.0.1"
[14:49:18.787] [34mDEBUG[39m (13720): [36mAuthGuard: Decoded userId from token[39m
    [35muserId[39m: "cb5074b0-041f-430b-b6da-2499ffba25f8"
    [35mip[39m: "::ffff:127.0.0.1"
    [35mpath[39m: "/update/password"
[14:49:18.788] [34mDEBUG[39m (13720): [36mAuthGuard: User lookup result[39m
    [35muserId[39m: "cb5074b0-041f-430b-b6da-2499ffba25f8"
    [35muserFound[39m: true
    [35misActive[39m: true
    [35mip[39m: "::ffff:127.0.0.1"
[14:49:18.788] [34mDEBUG[39m (13720): [36mAuthentication successful[39m
    [35muserId[39m: "cb5074b0-041f-430b-b6da-2499ffba25f8"
    [35misSuperAdmin[39m: false
    [35mpermissionCount[39m: 0
    [35mip[39m: "::ffff:127.0.0.1"
[14:49:18.846] [34mDEBUG[39m (13720): [36mAuthGuard: Decoded userId from token[39m
    [35muserId[39m: "cb5074b0-041f-430b-b6da-2499ffba25f8"
    [35mip[39m: "::ffff:127.0.0.1"
    [35mpath[39m: "/update/password"
[14:49:18.848] [34mDEBUG[39m (13720): [36mAuthGuard: User lookup result[39m
    [35muserId[39m: "cb5074b0-041f-430b-b6da-2499ffba25f8"
    [35muserFound[39m: true
    [35misActive[39m: true
    [35mip[39m: "::ffff:127.0.0.1"
[14:49:18.848] [34mDEBUG[39m (13720): [36mAuthentication successful[39m
    [35muserId[39m: "cb5074b0-041f-430b-b6da-2499ffba25f8"
    [35misSuperAdmin[39m: false
    [35mpermissionCount[39m: 0
    [35mip[39m: "::ffff:127.0.0.1"
[14:49:18.851] [34mDEBUG[39m (13720): [36mAuthGuard: Decoded userId from token[39m
    [35muserId[39m: "b494d081-1d24-4c2b-b71f-f5baf66198ad"
    [35mip[39m: "::ffff:127.0.0.1"
    [35mpath[39m: "/update/password"
[14:49:18.853] [34mDEBUG[39m (13720): [36mAuthGuard: User lookup result[39m
    [35muserId[39m: "b494d081-1d24-4c2b-b71f-f5baf66198ad"
    [35muserFound[39m: true
    [35misActive[39m: true
    [35mip[39m: "::ffff:127.0.0.1"
[14:49:18.853] [34mDEBUG[39m (13720): [36mAuthentication successful[39m
    [35muserId[39m: "b494d081-1d24-4c2b-b71f-f5baf66198ad"
    [35misSuperAdmin[39m: true
    [35mpermissionCount[39m: 1
    [35mip[39m: "::ffff:127.0.0.1"
[14:49:18.914] [34mDEBUG[39m (13720): [36mAuthGuard: Decoded userId from token[39m
    [35muserId[39m: "b494d081-1d24-4c2b-b71f-f5baf66198ad"
    [35mip[39m: "::ffff:127.0.0.1"
    [35mpath[39m: "/last-update/creds/cb5074b0-041f-430b-b6da-2499ffba25f8"
[14:49:18.915] [34mDEBUG[39m (13720): [36mAuthGuard: User lookup result[39m
    [35muserId[39m: "b494d081-1d24-4c2b-b71f-f5baf66198ad"
    [35muserFound[39m: true
    [35misActive[39m: true
    [35mip[39m: "::ffff:127.0.0.1"
[14:49:18.915] [34mDEBUG[39m (13720): [36mAuthentication successful[39m
    [35muserId[39m: "b494d081-1d24-4c2b-b71f-f5baf66198ad"
    [35misSuperAdmin[39m: true
    [35mpermissionCount[39m: 1
    [35mip[39m: "::ffff:127.0.0.1"
[14:49:18.933] [34mDEBUG[39m (13720): [36mAuthGuard: Decoded userId from token[39m
    [35muserId[39m: "b494d081-1d24-4c2b-b71f-f5baf66198ad"
    [35mip[39m: "::ffff:127.0.0.1"
    [35mpath[39m: "/last-update/creds/939fc25a-9855-44a7-bdd8-d2f985e3badf"
[14:49:18.935] [34mDEBUG[39m (13720): [36mAuthGuard: User lookup result[39m
    [35muserId[39m: "b494d081-1d24-4c2b-b71f-f5baf66198ad"
    [35muserFound[39m: true
    [35misActive[39m: true
    [35mip[39m: "::ffff:127.0.0.1"
[14:49:18.935] [34mDEBUG[39m (13720): [36mAuthentication successful[39m
    [35muserId[39m: "b494d081-1d24-4c2b-b71f-f5baf66198ad"
    [35misSuperAdmin[39m: true
    [35mpermissionCount[39m: 1
    [35mip[39m: "::ffff:127.0.0.1"
[14:49:18.940] [34mDEBUG[39m (13720): [36mAuthGuard: Decoded userId from token[39m
    [35muserId[39m: "b494d081-1d24-4c2b-b71f-f5baf66198ad"
    [35mip[39m: "::ffff:127.0.0.1"
    [35mpath[39m: "/last-update/creds/00000000-0000-0000-0000-000000000000"
[14:49:18.941] [34mDEBUG[39m (13720): [36mAuthGuard: User lookup result[39m
    [35muserId[39m: "b494d081-1d24-4c2b-b71f-f5baf66198ad"
    [35muserFound[39m: true
    [35misActive[39m: true
    [35mip[39m: "::ffff:127.0.0.1"
[14:49:18.941] [34mDEBUG[39m (13720): [36mAuthentication successful[39m
    [35muserId[39m: "b494d081-1d24-4c2b-b71f-f5baf66198ad"
    [35misSuperAdmin[39m: true
    [35mpermissionCount[39m: 1
    [35mip[39m: "::ffff:127.0.0.1"
[14:49:18.945] [34mDEBUG[39m (13720): [36mAuthGuard: Decoded userId from token[39m
    [35muserId[39m: "939fc25a-9855-44a7-bdd8-d2f985e3badf"
    [35mip[39m: "::ffff:127.0.0.1"
    [35mpath[39m: "/last-update/creds/cb5074b0-041f-430b-b6da-2499ffba25f8"
[14:49:18.946] [34mDEBUG[39m (13720): [36mAuthGuard: User lookup result[39m
    [35muserId[39m: "939fc25a-9855-44a7-bdd8-d2f985e3badf"
    [35muserFound[39m: true
    [35misActive[39m: true
    [35mip[39m: "::ffff:127.0.0.1"
[14:49:18.946] [34mDEBUG[39m (13720): [36mAuthentication successful[39m
    [35muserId[39m: "939fc25a-9855-44a7-bdd8-d2f985e3badf"
    [35misSuperAdmin[39m: false
    [35mpermissionCount[39m: 0
    [35mip[39m: "::ffff:127.0.0.1"
PASS tests/user-password-endpoints.test.ts
  ΓùÅ Console

    console.log
      [dotenv@17.2.2] injecting env (0) from .env -- tip: ≡ƒöÉ 
prevent building .env in docker: https://dotenvx.com/prebuild

      at _log (node_modules/dotenv/lib/main.js:139:11)

    console.log
      [dotenv@17.2.2] injecting env (0) from .env -- tip: ≡ƒ¢á∩╕Å 
 run anywhere with `dotenvx run -- yourcommand`

      at _log (node_modules/dotenv/lib/main.js:139:11)

    console.error
      Auth guard error: JsonWebTokenError {
        name: 'JsonWebTokenError',
        message: 'jwt malformed'
      }

    [0m [90m 105 |[39m       method[33m:[39m 
req[33m.[39mmethod[33m,[39m
     [90m 106 |[39m     })[33m;[39m
    [31m[1m>[22m[39m[90m 107 |[39m     
console[33m.[39merror([32m'Auth guard error:'[39m[33m,[39m 
error)[33m;[39m
     [90m     |[39m             [31m[1m^[22m[39m
     [90m 108 |[39m     
res[33m.[39mstatus([35m401[39m)[33m.[39mjson({ 
message[33m:[39m [32m'Invalid token'[39m })[33m;[39m
     [90m 109 |[39m   }
     [90m 110 |[39m }[33m;[39m[0m

      at authGuard (src/middleware/auth.middleware.ts:107:13)
      at Layer.handleRequest 
(node_modules/router/lib/layer.js:152:17)
      at next (node_modules/router/lib/route.js:157:13)
      at Route.dispatch (node_modules/router/lib/route.js:117:3)
      at handle (node_modules/router/index.js:435:11)
      at Layer.handleRequest 
(node_modules/router/lib/layer.js:152:17)
      at node_modules/router/index.js:295:15
      at processParams (node_modules/router/index.js:582:12)
      at next (node_modules/router/index.js:291:5)
      at Function.handle (node_modules/router/index.js:186:3)
      at router (node_modules/router/index.js:60:12)
      at Layer.handleRequest 
(node_modules/router/lib/layer.js:152:17)
      at trimPrefix (node_modules/router/index.js:342:13)
      at node_modules/router/index.js:297:9
      at processParams (node_modules/router/index.js:582:12)
      at next (node_modules/router/index.js:291:5)
      at node_modules/router/index.js:688:15
      at next (node_modules/router/index.js:276:14)
      at Function.handle (node_modules/router/index.js:186:3)
      at router (node_modules/router/index.js:60:12)
      at Layer.handleRequest 
(node_modules/router/lib/layer.js:152:17)
      at trimPrefix (node_modules/router/index.js:342:13)
      at node_modules/router/index.js:297:9
      at processParams (node_modules/router/index.js:582:12)
      at next (node_modules/router/index.js:291:5)
      at src/app.ts:92:3
      at Layer.handleRequest 
(node_modules/router/lib/layer.js:152:17)
      at trimPrefix (node_modules/router/index.js:342:13)
      at node_modules/router/index.js:297:9
      at processParams (node_modules/router/index.js:582:12)
      at next (node_modules/router/index.js:291:5)
      at urlencodedParser 
(node_modules/body-parser/lib/types/urlencoded.js:57:7)
      at Layer.handleRequest 
(node_modules/router/lib/layer.js:152:17)
      at trimPrefix (node_modules/router/index.js:342:13)
      at node_modules/router/index.js:297:9
      at processParams (node_modules/router/index.js:582:12)
      at next (node_modules/router/index.js:291:5)
      at node_modules/body-parser/lib/read.js:132:5
      at invokeCallback (node_modules/raw-body/index.js:238:16)
      at done (node_modules/raw-body/index.js:227:7)
      at IncomingMessage.onEnd 
(node_modules/raw-body/index.js:287:7)

[14:49:19.154] [34mDEBUG[39m (13720): [36mAuthGuard: Decoded userId from token[39m
    [35muserId[39m: "bb66af40-a018-4e68-9923-79f16e0a8c33"
    [35mip[39m: "::ffff:127.0.0.1"
    [35mpath[39m: "/reset-password"
[14:49:19.155] [34mDEBUG[39m (13720): [36mAuthGuard: User lookup result[39m
    [35muserId[39m: "bb66af40-a018-4e68-9923-79f16e0a8c33"
    [35muserFound[39m: true
    [35misActive[39m: true
    [35mip[39m: "::ffff:127.0.0.1"
[14:49:19.155] [34mDEBUG[39m (13720): [36mAuthentication successful[39m
    [35muserId[39m: "bb66af40-a018-4e68-9923-79f16e0a8c33"
    [35misSuperAdmin[39m: false
    [35mpermissionCount[39m: 0
    [35mip[39m: "::ffff:127.0.0.1"
[14:49:19.213] [34mDEBUG[39m (13720): [36mAuthentication failed: No token provided[39m
    [35mip[39m: "::ffff:127.0.0.1"
    [35mpath[39m: "/reset-password"
    [35mmethod[39m: "POST"
[14:49:19.217] [34mDEBUG[39m (13720): [36mAuthentication failed: Token verification error[39m
    [35mip[39m: "::ffff:127.0.0.1"
    [35mpath[39m: "/reset-password"
    [35mmethod[39m: "POST"
    error: "jwt malformed"
[14:49:19.221] [34mDEBUG[39m (13720): [36mAuthGuard: Decoded userId from token[39m
    [35muserId[39m: "bb66af40-a018-4e68-9923-79f16e0a8c33"
    [35mip[39m: "::ffff:127.0.0.1"
    [35mpath[39m: "/reset-password"
[14:49:19.223] [34mDEBUG[39m (13720): [36mAuthGuard: User lookup result[39m
    [35muserId[39m: "bb66af40-a018-4e68-9923-79f16e0a8c33"
    [35muserFound[39m: true
    [35misActive[39m: true
    [35mip[39m: "::ffff:127.0.0.1"
[14:49:19.223] [34mDEBUG[39m (13720): [36mAuthentication successful[39m
    [35muserId[39m: "bb66af40-a018-4e68-9923-79f16e0a8c33"
    [35misSuperAdmin[39m: false
    [35mpermissionCount[39m: 0
    [35mip[39m: "::ffff:127.0.0.1"
[14:49:19.689] [34mDEBUG[39m (13720): [36mAuthGuard: Decoded userId from token[39m
    [35muserId[39m: "8f5b6803-ba38-412e-b57e-7ff03a784aa1"
    [35mip[39m: "::ffff:127.0.0.1"
    [35mpath[39m: "/"
[14:49:19.693] [34mDEBUG[39m (13720): [36mAuthGuard: User lookup result[39m
    [35muserId[39m: "8f5b6803-ba38-412e-b57e-7ff03a784aa1"
    [35muserFound[39m: true
    [35misActive[39m: true
    [35mip[39m: "::ffff:127.0.0.1"
[14:49:19.693] [34mDEBUG[39m (13720): [36mAuthentication successful[39m
    [35muserId[39m: "8f5b6803-ba38-412e-b57e-7ff03a784aa1"
    [35misSuperAdmin[39m: false
    [35mpermissionCount[39m: 2
    [35mip[39m: "::ffff:127.0.0.1"
[14:49:19.707] [34mDEBUG[39m (13720): [36mAuthGuard: Decoded userId from token[39m
    [35muserId[39m: "09fe4af4-394a-42c3-9932-813bac0cc71b"
    [35mip[39m: "::ffff:127.0.0.1"
    [35mpath[39m: "/"
[14:49:19.709] [34mDEBUG[39m (13720): [36mAuthGuard: User lookup result[39m
    [35muserId[39m: "09fe4af4-394a-42c3-9932-813bac0cc71b"
    [35muserFound[39m: true
    [35misActive[39m: true
    [35mip[39m: "::ffff:127.0.0.1"
[14:49:19.709] [34mDEBUG[39m (13720): [36mAuthentication successful[39m
    [35muserId[39m: "09fe4af4-394a-42c3-9932-813bac0cc71b"
    [35misSuperAdmin[39m: true
    [35mpermissionCount[39m: 1
    [35mip[39m: "::ffff:127.0.0.1"
[14:49:19.773] [34mDEBUG[39m (13720): [36mAuthGuard: Decoded userId from token[39m
    [35muserId[39m: "d7cf2abc-1e82-4917-acb5-16a16ea04114"
    [35mip[39m: "::ffff:127.0.0.1"
    [35mpath[39m: "/"
[14:49:19.775] [34mDEBUG[39m (13720): [36mAuthGuard: User lookup result[39m
    [35muserId[39m: "d7cf2abc-1e82-4917-acb5-16a16ea04114"
    [35muserFound[39m: true
    [35misActive[39m: true
    [35mip[39m: "::ffff:127.0.0.1"
[14:49:19.775] [34mDEBUG[39m (13720): [36mAuthentication successful[39m
    [35muserId[39m: "d7cf2abc-1e82-4917-acb5-16a16ea04114"
    [35misSuperAdmin[39m: false
    [35mpermissionCount[39m: 0
    [35mip[39m: "::ffff:127.0.0.1"
[14:49:19.792] [34mDEBUG[39m (13720): [36mAuthentication failed: No token provided[39m
    [35mip[39m: "::ffff:127.0.0.1"
    [35mpath[39m: "/"
    [35mmethod[39m: "GET"
[14:49:19.796] [34mDEBUG[39m (13720): [36mAuthentication failed: Token verification error[39m
    [35mip[39m: "::ffff:127.0.0.1"
    [35mpath[39m: "/"
    [35mmethod[39m: "GET"
    error: "jwt malformed"
[14:49:19.800] [34mDEBUG[39m (13720): [36mAuthGuard: Decoded userId from token[39m
    [35muserId[39m: "8f5b6803-ba38-412e-b57e-7ff03a784aa1"
    [35mip[39m: "::ffff:127.0.0.1"
    [35mpath[39m: "/"
[14:49:19.802] [34mDEBUG[39m (13720): [36mAuthGuard: User lookup result[39m
    [35muserId[39m: "8f5b6803-ba38-412e-b57e-7ff03a784aa1"
    [35muserFound[39m: true
    [35misActive[39m: true
    [35mip[39m: "::ffff:127.0.0.1"
[14:49:19.802] [34mDEBUG[39m (13720): [36mAuthentication successful[39m
    [35muserId[39m: "8f5b6803-ba38-412e-b57e-7ff03a784aa1"
    [35misSuperAdmin[39m: false
    [35mpermissionCount[39m: 2
    [35mip[39m: "::ffff:127.0.0.1"
[14:49:19.810] [34mDEBUG[39m (13720): [36mAuthGuard: Decoded userId from token[39m
    [35muserId[39m: "8f5b6803-ba38-412e-b57e-7ff03a784aa1"
    [35mip[39m: "::ffff:127.0.0.1"
    [35mpath[39m: "/cmgorw0y00022n3l49qmnfpid/user-role"
[14:49:19.812] [34mDEBUG[39m (13720): [36mAuthGuard: User lookup result[39m
    [35muserId[39m: "8f5b6803-ba38-412e-b57e-7ff03a784aa1"
    [35muserFound[39m: true
    [35misActive[39m: true
    [35mip[39m: "::ffff:127.0.0.1"
[14:49:19.812] [34mDEBUG[39m (13720): [36mAuthentication successful[39m
    [35muserId[39m: "8f5b6803-ba38-412e-b57e-7ff03a784aa1"
    [35misSuperAdmin[39m: false
    [35mpermissionCount[39m: 2
    [35mip[39m: "::ffff:127.0.0.1"
[14:49:19.819] [34mDEBUG[39m (13720): [36mAuthGuard: Decoded userId from token[39m
    [35muserId[39m: "8f5b6803-ba38-412e-b57e-7ff03a784aa1"
    [35mip[39m: "::ffff:127.0.0.1"
    [35mpath[39m: "/non-existent-resource/user-role"
[14:49:19.821] [34mDEBUG[39m (13720): [36mAuthGuard: User lookup result[39m
    [35muserId[39m: "8f5b6803-ba38-412e-b57e-7ff03a784aa1"
    [35muserFound[39m: true
    [35misActive[39m: true
    [35mip[39m: "::ffff:127.0.0.1"
[14:49:19.821] [34mDEBUG[39m (13720): [36mAuthentication successful[39m
    [35muserId[39m: "8f5b6803-ba38-412e-b57e-7ff03a784aa1"
    [35misSuperAdmin[39m: false
    [35mpermissionCount[39m: 2
    [35mip[39m: "::ffff:127.0.0.1"
[14:49:19.827] [34mDEBUG[39m (13720): [36mAuthentication failed: No token provided[39m
    [35mip[39m: "::ffff:127.0.0.1"
    [35mpath[39m: "/cmgorw0y00022n3l49qmnfpid/user-role"
    [35mmethod[39m: "GET"
[14:49:19.829] [34mDEBUG[39m (13720): [36mAuthentication failed: Token verification error[39m
    [35mip[39m: "::ffff:127.0.0.1"
    [35mpath[39m: "/test-resource-1/user-role"
    [35mmethod[39m: "GET"
    error: "jwt malformed"
[14:49:19.833] [34mDEBUG[39m (13720): [36mAuthGuard: Decoded userId from token[39m
    [35muserId[39m: "8f5b6803-ba38-412e-b57e-7ff03a784aa1"
    [35mip[39m: "::ffff:127.0.0.1"
    [35mpath[39m: "/8f5b6803-ba38-412e-b57e-7ff03a784aa1"
[14:49:19.835] [34mDEBUG[39m (13720): [36mAuthGuard: User lookup result[39m
    [35muserId[39m: "8f5b6803-ba38-412e-b57e-7ff03a784aa1"
    [35muserFound[39m: true
    [35misActive[39m: true
    [35mip[39m: "::ffff:127.0.0.1"
[14:49:19.835] [34mDEBUG[39m (13720): [36mAuthentication successful[39m
    [35muserId[39m: "8f5b6803-ba38-412e-b57e-7ff03a784aa1"
    [35misSuperAdmin[39m: false
    [35mpermissionCount[39m: 2
    [35mip[39m: "::ffff:127.0.0.1"
[14:49:19.843] [34mDEBUG[39m (13720): [36mAuthGuard: Decoded userId from token[39m
    [35muserId[39m: "09fe4af4-394a-42c3-9932-813bac0cc71b"
    [35mip[39m: "::ffff:127.0.0.1"
    [35mpath[39m: "/8f5b6803-ba38-412e-b57e-7ff03a784aa1"
[14:49:19.844] [34mDEBUG[39m (13720): [36mAuthGuard: User lookup result[39m
    [35muserId[39m: "09fe4af4-394a-42c3-9932-813bac0cc71b"
    [35muserFound[39m: true
    [35misActive[39m: true
    [35mip[39m: "::ffff:127.0.0.1"
[14:49:19.844] [34mDEBUG[39m (13720): [36mAuthentication successful[39m
    [35muserId[39m: "09fe4af4-394a-42c3-9932-813bac0cc71b"
    [35misSuperAdmin[39m: true
    [35mpermissionCount[39m: 1
    [35mip[39m: "::ffff:127.0.0.1"
[14:49:19.906] [34mDEBUG[39m (13720): [36mAuthGuard: Decoded userId from token[39m
    [35muserId[39m: "09fe4af4-394a-42c3-9932-813bac0cc71b"
    [35mip[39m: "::ffff:127.0.0.1"
    [35mpath[39m: "/cbe43abb-6839-42d4-a623-175e2e3aaa83"
[14:49:19.908] [34mDEBUG[39m (13720): [36mAuthGuard: User lookup result[39m
    [35muserId[39m: "09fe4af4-394a-42c3-9932-813bac0cc71b"
    [35muserFound[39m: true
    [35misActive[39m: true
    [35mip[39m: "::ffff:127.0.0.1"
[14:49:19.908] [34mDEBUG[39m (13720): [36mAuthentication successful[39m
    [35muserId[39m: "09fe4af4-394a-42c3-9932-813bac0cc71b"
    [35misSuperAdmin[39m: true
    [35mpermissionCount[39m: 1
    [35mip[39m: "::ffff:127.0.0.1"
[14:49:19.969] [34mDEBUG[39m (13720): [36mAuthGuard: Decoded userId from token[39m
    [35muserId[39m: "8f5b6803-ba38-412e-b57e-7ff03a784aa1"
    [35mip[39m: "::ffff:127.0.0.1"
    [35mpath[39m: "/34353a23-ad34-4f2e-b65f-68e164aec49a"
[14:49:19.970] [34mDEBUG[39m (13720): [36mAuthGuard: User lookup result[39m
    [35muserId[39m: "8f5b6803-ba38-412e-b57e-7ff03a784aa1"
    [35muserFound[39m: true
    [35misActive[39m: true
    [35mip[39m: "::ffff:127.0.0.1"
[14:49:19.970] [34mDEBUG[39m (13720): [36mAuthentication successful[39m
    [35muserId[39m: "8f5b6803-ba38-412e-b57e-7ff03a784aa1"
    [35misSuperAdmin[39m: false
    [35mpermissionCount[39m: 2
    [35mip[39m: "::ffff:127.0.0.1"
[14:49:19.974] [34mDEBUG[39m (13720): [36mAuthentication failed: No token provided[39m
    [35mip[39m: "::ffff:127.0.0.1"
    [35mpath[39m: "/8f5b6803-ba38-412e-b57e-7ff03a784aa1"
    [35mmethod[39m: "GET"
[14:49:19.976] [34mDEBUG[39m (13720): [36mAuthentication failed: Token verification error[39m
    [35mip[39m: "::ffff:127.0.0.1"
    [35mpath[39m: "/8f5b6803-ba38-412e-b57e-7ff03a784aa1"
    [35mmethod[39m: "GET"
    error: "jwt malformed"
[14:49:19.979] [34mDEBUG[39m (13720): [36mAuthGuard: Decoded userId from token[39m
    [35muserId[39m: "09fe4af4-394a-42c3-9932-813bac0cc71b"
    [35mip[39m: "::ffff:127.0.0.1"
    [35mpath[39m: "/00000000-0000-0000-0000-000000000000"
[14:49:19.982] [34mDEBUG[39m (13720): [36mAuthGuard: User lookup result[39m
    [35muserId[39m: "09fe4af4-394a-42c3-9932-813bac0cc71b"
    [35muserFound[39m: true
    [35misActive[39m: true
    [35mip[39m: "::ffff:127.0.0.1"
[14:49:19.982] [34mDEBUG[39m (13720): [36mAuthentication successful[39m
    [35muserId[39m: "09fe4af4-394a-42c3-9932-813bac0cc71b"
    [35misSuperAdmin[39m: true
    [35mpermissionCount[39m: 1
    [35mip[39m: "::ffff:127.0.0.1"
[14:49:19.986] [34mDEBUG[39m (13720): [36mAuthGuard: Decoded userId from token[39m
    [35muserId[39m: "8f5b6803-ba38-412e-b57e-7ff03a784aa1"
    [35mip[39m: "::ffff:127.0.0.1"
    [35mpath[39m: "/v2"
[14:49:19.987] [34mDEBUG[39m (13720): [36mAuthGuard: User lookup result[39m
    [35muserId[39m: "8f5b6803-ba38-412e-b57e-7ff03a784aa1"
    [35muserFound[39m: true
    [35misActive[39m: true
    [35mip[39m: "::ffff:127.0.0.1"
[14:49:19.987] [34mDEBUG[39m (13720): [36mAuthentication successful[39m
    [35muserId[39m: "8f5b6803-ba38-412e-b57e-7ff03a784aa1"
    [35misSuperAdmin[39m: false
    [35mpermissionCount[39m: 2
    [35mip[39m: "::ffff:127.0.0.1"
[14:49:20.036] [34mDEBUG[39m (13720): [36mAuthGuard: Decoded userId from token[39m
    [35muserId[39m: "09fe4af4-394a-42c3-9932-813bac0cc71b"
    [35mip[39m: "::ffff:127.0.0.1"
    [35mpath[39m: "/v2"
[14:49:20.042] [34mDEBUG[39m (13720): [36mAuthGuard: User lookup result[39m
    [35muserId[39m: "09fe4af4-394a-42c3-9932-813bac0cc71b"
    [35muserFound[39m: true
    [35misActive[39m: true
    [35mip[39m: "::ffff:127.0.0.1"
[14:49:20.042] [34mDEBUG[39m (13720): [36mAuthentication successful[39m
    [35muserId[39m: "09fe4af4-394a-42c3-9932-813bac0cc71b"
    [35misSuperAdmin[39m: true
    [35mpermissionCount[39m: 1
    [35mip[39m: "::ffff:127.0.0.1"
[14:49:20.111] [34mDEBUG[39m (13720): [36mAuthGuard: Decoded userId from token[39m
    [35muserId[39m: "b99b4748-fd25-4aad-992f-abcf77b9bead"
    [35mip[39m: "::ffff:127.0.0.1"
    [35mpath[39m: "/v2"
[14:49:20.113] [34mDEBUG[39m (13720): [36mAuthGuard: User lookup result[39m
    [35muserId[39m: "b99b4748-fd25-4aad-992f-abcf77b9bead"
    [35muserFound[39m: true
    [35misActive[39m: true
    [35mip[39m: "::ffff:127.0.0.1"
[14:49:20.113] [34mDEBUG[39m (13720): [36mAuthentication successful[39m
    [35muserId[39m: "b99b4748-fd25-4aad-992f-abcf77b9bead"
    [35misSuperAdmin[39m: true
    [35mpermissionCount[39m: 1
    [35mip[39m: "::ffff:127.0.0.1"
[14:49:20.131] [34mDEBUG[39m (13720): [36mAuthGuard: Decoded userId from token[39m
    [35muserId[39m: "09fe4af4-394a-42c3-9932-813bac0cc71b"
    [35mip[39m: "::ffff:127.0.0.1"
    [35mpath[39m: "/v2"
[14:49:20.133] [34mDEBUG[39m (13720): [36mAuthGuard: User lookup result[39m
    [35muserId[39m: "09fe4af4-394a-42c3-9932-813bac0cc71b"
    [35muserFound[39m: true
    [35misActive[39m: true
    [35mip[39m: "::ffff:127.0.0.1"
[14:49:20.133] [34mDEBUG[39m (13720): [36mAuthentication successful[39m
    [35muserId[39m: "09fe4af4-394a-42c3-9932-813bac0cc71b"
    [35misSuperAdmin[39m: true
    [35mpermissionCount[39m: 1
    [35mip[39m: "::ffff:127.0.0.1"
[14:49:20.140] [34mDEBUG[39m (13720): [36mAuthGuard: Decoded userId from token[39m
    [35muserId[39m: "09fe4af4-394a-42c3-9932-813bac0cc71b"
    [35mip[39m: "::ffff:127.0.0.1"
    [35mpath[39m: "/v2"
[14:49:20.142] [34mDEBUG[39m (13720): [36mAuthGuard: User lookup result[39m
    [35muserId[39m: "09fe4af4-394a-42c3-9932-813bac0cc71b"
    [35muserFound[39m: true
    [35misActive[39m: true
    [35mip[39m: "::ffff:127.0.0.1"
[14:49:20.142] [34mDEBUG[39m (13720): [36mAuthentication successful[39m
    [35muserId[39m: "09fe4af4-394a-42c3-9932-813bac0cc71b"
    [35misSuperAdmin[39m: true
    [35mpermissionCount[39m: 1
    [35mip[39m: "::ffff:127.0.0.1"
[14:49:20.148] [34mDEBUG[39m (13720): [36mAuthGuard: Decoded userId from token[39m
    [35muserId[39m: "09fe4af4-394a-42c3-9932-813bac0cc71b"
    [35mip[39m: "::ffff:127.0.0.1"
    [35mpath[39m: "/v2"
[14:49:20.150] [34mDEBUG[39m (13720): [36mAuthGuard: User lookup result[39m
    [35muserId[39m: "09fe4af4-394a-42c3-9932-813bac0cc71b"
    [35muserFound[39m: true
    [35misActive[39m: true
    [35mip[39m: "::ffff:127.0.0.1"
[14:49:20.150] [34mDEBUG[39m (13720): [36mAuthentication successful[39m
    [35muserId[39m: "09fe4af4-394a-42c3-9932-813bac0cc71b"
    [35misSuperAdmin[39m: true
    [35mpermissionCount[39m: 1
    [35mip[39m: "::ffff:127.0.0.1"
[14:49:20.157] [34mDEBUG[39m (13720): [36mAuthGuard: Decoded userId from token[39m
    [35muserId[39m: "09fe4af4-394a-42c3-9932-813bac0cc71b"
    [35mip[39m: "::ffff:127.0.0.1"
    [35mpath[39m: "/v2"
[14:49:20.159] [34mDEBUG[39m (13720): [36mAuthGuard: User lookup result[39m
    [35muserId[39m: "09fe4af4-394a-42c3-9932-813bac0cc71b"
    [35muserFound[39m: true
    [35misActive[39m: true
    [35mip[39m: "::ffff:127.0.0.1"
[14:49:20.159] [34mDEBUG[39m (13720): [36mAuthentication successful[39m
    [35muserId[39m: "09fe4af4-394a-42c3-9932-813bac0cc71b"
    [35misSuperAdmin[39m: true
    [35mpermissionCount[39m: 1
    [35mip[39m: "::ffff:127.0.0.1"
[14:49:20.165] [34mDEBUG[39m (13720): [36mAuthGuard: Decoded userId from token[39m
    [35muserId[39m: "09fe4af4-394a-42c3-9932-813bac0cc71b"
    [35mip[39m: "::ffff:127.0.0.1"
    [35mpath[39m: "/v2"
[14:49:20.167] [34mDEBUG[39m (13720): [36mAuthGuard: User lookup result[39m
    [35muserId[39m: "09fe4af4-394a-42c3-9932-813bac0cc71b"
    [35muserFound[39m: true
    [35misActive[39m: true
    [35mip[39m: "::ffff:127.0.0.1"
[14:49:20.167] [34mDEBUG[39m (13720): [36mAuthentication successful[39m
    [35muserId[39m: "09fe4af4-394a-42c3-9932-813bac0cc71b"
    [35misSuperAdmin[39m: true
    [35mpermissionCount[39m: 1
    [35mip[39m: "::ffff:127.0.0.1"
[14:49:20.174] [34mDEBUG[39m (13720): [36mAuthGuard: Decoded userId from token[39m
    [35muserId[39m: "09fe4af4-394a-42c3-9932-813bac0cc71b"
    [35mip[39m: "::ffff:127.0.0.1"
    [35mpath[39m: "/v2"
[14:49:20.175] [34mDEBUG[39m (13720): [36mAuthGuard: User lookup result[39m
    [35muserId[39m: "09fe4af4-394a-42c3-9932-813bac0cc71b"
    [35muserFound[39m: true
    [35misActive[39m: true
    [35mip[39m: "::ffff:127.0.0.1"
[14:49:20.175] [34mDEBUG[39m (13720): [36mAuthentication successful[39m
    [35muserId[39m: "09fe4af4-394a-42c3-9932-813bac0cc71b"
    [35misSuperAdmin[39m: true
    [35mpermissionCount[39m: 1
    [35mip[39m: "::ffff:127.0.0.1"
[14:49:20.182] [34mDEBUG[39m (13720): [36mAuthentication failed: No token provided[39m
    [35mip[39m: "::ffff:127.0.0.1"
    [35mpath[39m: "/v2"
    [35mmethod[39m: "GET"
[14:49:20.190] [34mDEBUG[39m (13720): [36mAuthGuard: Decoded userId from token[39m
    [35muserId[39m: "09fe4af4-394a-42c3-9932-813bac0cc71b"
    [35mip[39m: "::ffff:127.0.0.1"
    [35mpath[39m: "/"
[14:49:20.191] [34mDEBUG[39m (13720): [36mAuthGuard: User lookup result[39m
    [35muserId[39m: "09fe4af4-394a-42c3-9932-813bac0cc71b"
    [35muserFound[39m: true
    [35misActive[39m: true
    [35mip[39m: "::ffff:127.0.0.1"
[14:49:20.191] [34mDEBUG[39m (13720): [36mAuthentication successful[39m
    [35muserId[39m: "09fe4af4-394a-42c3-9932-813bac0cc71b"
    [35misSuperAdmin[39m: true
    [35mpermissionCount[39m: 1
    [35mip[39m: "::ffff:127.0.0.1"
[14:49:20.199] [34mDEBUG[39m (13720): [36mAuthGuard: Decoded userId from token[39m
    [35muserId[39m: "09fe4af4-394a-42c3-9932-813bac0cc71b"
    [35mip[39m: "::ffff:127.0.0.1"
    [35mpath[39m: "/"
[14:49:20.200] [34mDEBUG[39m (13720): [36mAuthGuard: User lookup result[39m
    [35muserId[39m: "09fe4af4-394a-42c3-9932-813bac0cc71b"
    [35muserFound[39m: true
    [35misActive[39m: true
    [35mip[39m: "::ffff:127.0.0.1"
[14:49:20.200] [34mDEBUG[39m (13720): [36mAuthentication successful[39m
    [35muserId[39m: "09fe4af4-394a-42c3-9932-813bac0cc71b"
    [35misSuperAdmin[39m: true
    [35mpermissionCount[39m: 1
    [35mip[39m: "::ffff:127.0.0.1"
[14:49:20.206] [34mDEBUG[39m (13720): [36mAuthGuard: Decoded userId from token[39m
    [35muserId[39m: "09fe4af4-394a-42c3-9932-813bac0cc71b"
    [35mip[39m: "::ffff:127.0.0.1"
    [35mpath[39m: "/"
[14:49:20.208] [34mDEBUG[39m (13720): [36mAuthGuard: User lookup result[39m
    [35muserId[39m: "09fe4af4-394a-42c3-9932-813bac0cc71b"
    [35muserFound[39m: true
    [35misActive[39m: true
    [35mip[39m: "::ffff:127.0.0.1"
[14:49:20.208] [34mDEBUG[39m (13720): [36mAuthentication successful[39m
    [35muserId[39m: "09fe4af4-394a-42c3-9932-813bac0cc71b"
    [35misSuperAdmin[39m: true
    [35mpermissionCount[39m: 1
    [35mip[39m: "::ffff:127.0.0.1"
[14:49:20.213] [34mDEBUG[39m (13720): [36mAuthGuard: Decoded userId from token[39m
    [35muserId[39m: "09fe4af4-394a-42c3-9932-813bac0cc71b"
    [35mip[39m: "::ffff:127.0.0.1"
    [35mpath[39m: "/"
[14:49:20.215] [34mDEBUG[39m (13720): [36mAuthGuard: User lookup result[39m
    [35muserId[39m: "09fe4af4-394a-42c3-9932-813bac0cc71b"
    [35muserFound[39m: true
    [35misActive[39m: true
    [35mip[39m: "::ffff:127.0.0.1"
[14:49:20.215] [34mDEBUG[39m (13720): [36mAuthentication successful[39m
    [35muserId[39m: "09fe4af4-394a-42c3-9932-813bac0cc71b"
    [35misSuperAdmin[39m: true
    [35mpermissionCount[39m: 1
    [35mip[39m: "::ffff:127.0.0.1"
[14:49:20.222] [34mDEBUG[39m (13720): [36mAuthGuard: Decoded userId from token[39m
    [35muserId[39m: "09fe4af4-394a-42c3-9932-813bac0cc71b"
    [35mip[39m: "::ffff:127.0.0.1"
    [35mpath[39m: "/"
[14:49:20.224] [34mDEBUG[39m (13720): [36mAuthGuard: User lookup result[39m
    [35muserId[39m: "09fe4af4-394a-42c3-9932-813bac0cc71b"
    [35muserFound[39m: true
    [35misActive[39m: true
    [35mip[39m: "::ffff:127.0.0.1"
[14:49:20.224] [34mDEBUG[39m (13720): [36mAuthentication successful[39m
    [35muserId[39m: "09fe4af4-394a-42c3-9932-813bac0cc71b"
    [35misSuperAdmin[39m: true
    [35mpermissionCount[39m: 1
    [35mip[39m: "::ffff:127.0.0.1"
[14:49:20.253] [34mDEBUG[39m (13720): [36mAuthGuard: Decoded userId from token[39m
    [35muserId[39m: "09fe4af4-394a-42c3-9932-813bac0cc71b"
    [35mip[39m: "::ffff:127.0.0.1"
    [35mpath[39m: "/"
[14:49:20.255] [34mDEBUG[39m (13720): [36mAuthGuard: User lookup result[39m
    [35muserId[39m: "09fe4af4-394a-42c3-9932-813bac0cc71b"
    [35muserFound[39m: true
    [35misActive[39m: true
    [35mip[39m: "::ffff:127.0.0.1"
[14:49:20.255] [34mDEBUG[39m (13720): [36mAuthentication successful[39m
    [35muserId[39m: "09fe4af4-394a-42c3-9932-813bac0cc71b"
    [35misSuperAdmin[39m: true
    [35mpermissionCount[39m: 1
    [35mip[39m: "::ffff:127.0.0.1"
[14:49:20.258] [34mDEBUG[39m (13720): [36mAuthentication failed: No token provided[39m
    [35mip[39m: "::ffff:127.0.0.1"
    [35mpath[39m: "/"
    [35mmethod[39m: "POST"
[14:49:20.260] [34mDEBUG[39m (13720): [36mAuthentication failed: Token verification error[39m
    [35mip[39m: "::ffff:127.0.0.1"
    [35mpath[39m: "/"
    [35mmethod[39m: "POST"
    error: "jwt malformed"
[14:49:20.264] [34mDEBUG[39m (13720): [36mAuthGuard: Decoded userId from token[39m
    [35muserId[39m: "8f5b6803-ba38-412e-b57e-7ff03a784aa1"
    [35mip[39m: "::ffff:127.0.0.1"
    [35mpath[39m: "/"
[14:49:20.267] [34mDEBUG[39m (13720): [36mAuthGuard: User lookup result[39m
    [35muserId[39m: "8f5b6803-ba38-412e-b57e-7ff03a784aa1"
    [35muserFound[39m: true
    [35misActive[39m: true
    [35mip[39m: "::ffff:127.0.0.1"
[14:49:20.267] [34mDEBUG[39m (13720): [36mAuthentication successful[39m
    [35muserId[39m: "8f5b6803-ba38-412e-b57e-7ff03a784aa1"
    [35misSuperAdmin[39m: false
    [35mpermissionCount[39m: 2
    [35mip[39m: "::ffff:127.0.0.1"
[14:49:20.271] [34mDEBUG[39m (13720): [36mAuthGuard: Decoded userId from token[39m
    [35muserId[39m: "09fe4af4-394a-42c3-9932-813bac0cc71b"
    [35mip[39m: "::ffff:127.0.0.1"
    [35mpath[39m: "/"
[14:49:20.273] [34mDEBUG[39m (13720): [36mAuthGuard: User lookup result[39m
    [35muserId[39m: "09fe4af4-394a-42c3-9932-813bac0cc71b"
    [35muserFound[39m: true
    [35misActive[39m: true
    [35mip[39m: "::ffff:127.0.0.1"
[14:49:20.273] [34mDEBUG[39m (13720): [36mAuthentication successful[39m
    [35muserId[39m: "09fe4af4-394a-42c3-9932-813bac0cc71b"
    [35misSuperAdmin[39m: true
    [35mpermissionCount[39m: 1
    [35mip[39m: "::ffff:127.0.0.1"
[14:49:20.278] [34mDEBUG[39m (13720): [36mAuthGuard: Decoded userId from token[39m
    [35muserId[39m: "09fe4af4-394a-42c3-9932-813bac0cc71b"
    [35mip[39m: "::ffff:127.0.0.1"
    [35mpath[39m: "/"
[14:49:20.280] [34mDEBUG[39m (13720): [36mAuthGuard: User lookup result[39m
    [35muserId[39m: "09fe4af4-394a-42c3-9932-813bac0cc71b"
    [35muserFound[39m: true
    [35misActive[39m: true
    [35mip[39m: "::ffff:127.0.0.1"
[14:49:20.280] [34mDEBUG[39m (13720): [36mAuthentication successful[39m
    [35muserId[39m: "09fe4af4-394a-42c3-9932-813bac0cc71b"
    [35misSuperAdmin[39m: true
    [35mpermissionCount[39m: 1
    [35mip[39m: "::ffff:127.0.0.1"
[14:49:20.287] [34mDEBUG[39m (13720): [36mAuthGuard: Decoded userId from token[39m
    [35muserId[39m: "8f5b6803-ba38-412e-b57e-7ff03a784aa1"
    [35mip[39m: "::ffff:127.0.0.1"
    [35mpath[39m: "/user-roles"
[14:49:20.288] [34mDEBUG[39m (13720): [36mAuthGuard: User lookup result[39m
    [35muserId[39m: "8f5b6803-ba38-412e-b57e-7ff03a784aa1"
    [35muserFound[39m: true
    [35misActive[39m: true
    [35mip[39m: "::ffff:127.0.0.1"
[14:49:20.288] [34mDEBUG[39m (13720): [36mAuthentication successful[39m
    [35muserId[39m: "8f5b6803-ba38-412e-b57e-7ff03a784aa1"
    [35misSuperAdmin[39m: false
    [35mpermissionCount[39m: 2
    [35mip[39m: "::ffff:127.0.0.1"
[14:49:20.295] [34mDEBUG[39m (13720): [36mAuthGuard: Decoded userId from token[39m
    [35muserId[39m: "8f5b6803-ba38-412e-b57e-7ff03a784aa1"
    [35mip[39m: "::ffff:127.0.0.1"
    [35mpath[39m: "/user-roles"
[14:49:20.297] [34mDEBUG[39m (13720): [36mAuthGuard: User lookup result[39m
    [35muserId[39m: "8f5b6803-ba38-412e-b57e-7ff03a784aa1"
    [35muserFound[39m: true
    [35misActive[39m: true
    [35mip[39m: "::ffff:127.0.0.1"
[14:49:20.297] [34mDEBUG[39m (13720): [36mAuthentication successful[39m
    [35muserId[39m: "8f5b6803-ba38-412e-b57e-7ff03a784aa1"
    [35misSuperAdmin[39m: false
    [35mpermissionCount[39m: 2
    [35mip[39m: "::ffff:127.0.0.1"
[14:49:20.304] [34mDEBUG[39m (13720): [36mAuthGuard: Decoded userId from token[39m
    [35muserId[39m: "8f5b6803-ba38-412e-b57e-7ff03a784aa1"
    [35mip[39m: "::ffff:127.0.0.1"
    [35mpath[39m: "/user-roles"
[14:49:20.305] [34mDEBUG[39m (13720): [36mAuthGuard: User lookup result[39m
    [35muserId[39m: "8f5b6803-ba38-412e-b57e-7ff03a784aa1"
    [35muserFound[39m: true
    [35misActive[39m: true
    [35mip[39m: "::ffff:127.0.0.1"
[14:49:20.306] [34mDEBUG[39m (13720): [36mAuthentication successful[39m
    [35muserId[39m: "8f5b6803-ba38-412e-b57e-7ff03a784aa1"
    [35misSuperAdmin[39m: false
    [35mpermissionCount[39m: 2
    [35mip[39m: "::ffff:127.0.0.1"
[14:49:20.311] [34mDEBUG[39m (13720): [36mAuthGuard: Decoded userId from token[39m
    [35muserId[39m: "09fe4af4-394a-42c3-9932-813bac0cc71b"
    [35mip[39m: "::ffff:127.0.0.1"
    [35mpath[39m: "/user-roles"
[14:49:20.313] [34mDEBUG[39m (13720): [36mAuthGuard: User lookup result[39m
    [35muserId[39m: "09fe4af4-394a-42c3-9932-813bac0cc71b"
    [35muserFound[39m: true
    [35misActive[39m: true
    [35mip[39m: "::ffff:127.0.0.1"
[14:49:20.313] [34mDEBUG[39m (13720): [36mAuthentication successful[39m
    [35muserId[39m: "09fe4af4-394a-42c3-9932-813bac0cc71b"
    [35misSuperAdmin[39m: true
    [35mpermissionCount[39m: 1
    [35mip[39m: "::ffff:127.0.0.1"
[14:49:20.322] [34mDEBUG[39m (13720): [36mAuthGuard: Decoded userId from token[39m
    [35muserId[39m: "8f5b6803-ba38-412e-b57e-7ff03a784aa1"
    [35mip[39m: "::ffff:127.0.0.1"
    [35mpath[39m: "/user-roles"
[14:49:20.324] [34mDEBUG[39m (13720): [36mAuthGuard: User lookup result[39m
    [35muserId[39m: "8f5b6803-ba38-412e-b57e-7ff03a784aa1"
    [35muserFound[39m: true
    [35misActive[39m: true
    [35mip[39m: "::ffff:127.0.0.1"
[14:49:20.324] [34mDEBUG[39m (13720): [36mAuthentication successful[39m
    [35muserId[39m: "8f5b6803-ba38-412e-b57e-7ff03a784aa1"
    [35misSuperAdmin[39m: false
    [35mpermissionCount[39m: 2
    [35mip[39m: "::ffff:127.0.0.1"
[14:49:20.328] [34mDEBUG[39m (13720): [36mAuthGuard: Decoded userId from token[39m
    [35muserId[39m: "8f5b6803-ba38-412e-b57e-7ff03a784aa1"
    [35mip[39m: "::ffff:127.0.0.1"
    [35mpath[39m: "/user-roles"
[14:49:20.330] [34mDEBUG[39m (13720): [36mAuthGuard: User lookup result[39m
    [35muserId[39m: "8f5b6803-ba38-412e-b57e-7ff03a784aa1"
    [35muserFound[39m: true
    [35misActive[39m: true
    [35mip[39m: "::ffff:127.0.0.1"
[14:49:20.330] [34mDEBUG[39m (13720): [36mAuthentication successful[39m
    [35muserId[39m: "8f5b6803-ba38-412e-b57e-7ff03a784aa1"
    [35misSuperAdmin[39m: false
    [35mpermissionCount[39m: 2
    [35mip[39m: "::ffff:127.0.0.1"
[14:49:20.334] [34mDEBUG[39m (13720): [36mAuthentication failed: No token provided[39m
    [35mip[39m: "::ffff:127.0.0.1"
    [35mpath[39m: "/user-roles"
    [35mmethod[39m: "POST"
[14:49:20.337] [34mDEBUG[39m (13720): [36mAuthentication failed: Token verification error[39m
    [35mip[39m: "::ffff:127.0.0.1"
    [35mpath[39m: "/user-roles"
    [35mmethod[39m: "POST"
    error: "jwt malformed"
[14:49:20.340] [34mDEBUG[39m (13720): [36mAuthGuard: Decoded userId from token[39m
    [35muserId[39m: "8f5b6803-ba38-412e-b57e-7ff03a784aa1"
    [35mip[39m: "::ffff:127.0.0.1"
    [35mpath[39m: "/user-roles"
[14:49:20.342] [34mDEBUG[39m (13720): [36mAuthGuard: User lookup result[39m
    [35muserId[39m: "8f5b6803-ba38-412e-b57e-7ff03a784aa1"
    [35muserFound[39m: true
    [35misActive[39m: true
    [35mip[39m: "::ffff:127.0.0.1"
[14:49:20.342] [34mDEBUG[39m (13720): [36mAuthentication successful[39m
    [35muserId[39m: "8f5b6803-ba38-412e-b57e-7ff03a784aa1"
    [35misSuperAdmin[39m: false
    [35mpermissionCount[39m: 2
    [35mip[39m: "::ffff:127.0.0.1"
[14:49:20.346] [34mDEBUG[39m (13720): [36mAuthGuard: Decoded userId from token[39m
    [35muserId[39m: "8f5b6803-ba38-412e-b57e-7ff03a784aa1"
    [35mip[39m: "::ffff:127.0.0.1"
    [35mpath[39m: "/user-roles"
[14:49:20.348] [34mDEBUG[39m (13720): [36mAuthGuard: User lookup result[39m
    [35muserId[39m: "8f5b6803-ba38-412e-b57e-7ff03a784aa1"
    [35muserFound[39m: true
    [35misActive[39m: true
    [35mip[39m: "::ffff:127.0.0.1"
[14:49:20.348] [34mDEBUG[39m (13720): [36mAuthentication successful[39m
    [35muserId[39m: "8f5b6803-ba38-412e-b57e-7ff03a784aa1"
    [35misSuperAdmin[39m: false
    [35mpermissionCount[39m: 2
    [35mip[39m: "::ffff:127.0.0.1"
[14:49:20.351] [34mDEBUG[39m (13720): [36mAuthGuard: Decoded userId from token[39m
    [35muserId[39m: "09fe4af4-394a-42c3-9932-813bac0cc71b"
    [35mip[39m: "::ffff:127.0.0.1"
    [35mpath[39m: "/cmgorw0y00022n3l49qmnfpid"
[14:49:20.352] [34mDEBUG[39m (13720): [36mAuthGuard: User lookup result[39m
    [35muserId[39m: "09fe4af4-394a-42c3-9932-813bac0cc71b"
    [35muserFound[39m: true
    [35misActive[39m: true
    [35mip[39m: "::ffff:127.0.0.1"
[14:49:20.352] [34mDEBUG[39m (13720): [36mAuthentication successful[39m
    [35muserId[39m: "09fe4af4-394a-42c3-9932-813bac0cc71b"
    [35misSuperAdmin[39m: true
    [35mpermissionCount[39m: 1
    [35mip[39m: "::ffff:127.0.0.1"
[14:49:20.358] [34mDEBUG[39m (13720): [36mAuthGuard: Decoded userId from token[39m
    [35muserId[39m: "09fe4af4-394a-42c3-9932-813bac0cc71b"
    [35mip[39m: "::ffff:127.0.0.1"
    [35mpath[39m: "/"
[14:49:20.360] [34mDEBUG[39m (13720): [36mAuthGuard: User lookup result[39m
    [35muserId[39m: "09fe4af4-394a-42c3-9932-813bac0cc71b"
    [35muserFound[39m: true
    [35misActive[39m: true
    [35mip[39m: "::ffff:127.0.0.1"
[14:49:20.360] [34mDEBUG[39m (13720): [36mAuthentication successful[39m
    [35muserId[39m: "09fe4af4-394a-42c3-9932-813bac0cc71b"
    [35misSuperAdmin[39m: true
    [35mpermissionCount[39m: 1
    [35mip[39m: "::ffff:127.0.0.1"
[14:49:20.366] [34mDEBUG[39m (13720): [36mAuthGuard: Decoded userId from token[39m
    [35muserId[39m: "8f5b6803-ba38-412e-b57e-7ff03a784aa1"
    [35mip[39m: "::ffff:127.0.0.1"
    [35mpath[39m: "/cmgorw0y20025n3l4785cpc48"
[14:49:20.367] [34mDEBUG[39m (13720): [36mAuthGuard: User lookup result[39m
    [35muserId[39m: "8f5b6803-ba38-412e-b57e-7ff03a784aa1"
    [35muserFound[39m: true
    [35misActive[39m: true
    [35mip[39m: "::ffff:127.0.0.1"
[14:49:20.367] [34mDEBUG[39m (13720): [36mAuthentication successful[39m
    [35muserId[39m: "8f5b6803-ba38-412e-b57e-7ff03a784aa1"
    [35misSuperAdmin[39m: false
    [35mpermissionCount[39m: 2
    [35mip[39m: "::ffff:127.0.0.1"
[14:49:20.370] [34mDEBUG[39m (13720): [36mAuthGuard: Decoded userId from token[39m
    [35muserId[39m: "09fe4af4-394a-42c3-9932-813bac0cc71b"
    [35mip[39m: "::ffff:127.0.0.1"
    [35mpath[39m: "/00000000-0000-0000-0000-000000000000"
[14:49:20.371] [34mDEBUG[39m (13720): [36mAuthGuard: User lookup result[39m
    [35muserId[39m: "09fe4af4-394a-42c3-9932-813bac0cc71b"
    [35muserFound[39m: true
    [35misActive[39m: true
    [35mip[39m: "::ffff:127.0.0.1"
[14:49:20.371] [34mDEBUG[39m (13720): [36mAuthentication successful[39m
    [35muserId[39m: "09fe4af4-394a-42c3-9932-813bac0cc71b"
    [35misSuperAdmin[39m: true
    [35mpermissionCount[39m: 1
    [35mip[39m: "::ffff:127.0.0.1"
[14:49:20.375] [34mDEBUG[39m (13720): [36mAuthentication failed: No token provided[39m
    [35mip[39m: "::ffff:127.0.0.1"
    [35mpath[39m: "/cmgorw0y20025n3l4785cpc48"
    [35mmethod[39m: "DELETE"
[14:49:20.378] [34mDEBUG[39m (13720): [36mAuthentication failed: Token verification error[39m
    [35mip[39m: "::ffff:127.0.0.1"
    [35mpath[39m: "/cmgorw0y20025n3l4785cpc48"
    [35mmethod[39m: "DELETE"
    error: "jwt malformed"
[14:49:20.382] [34mDEBUG[39m (13720): [36mAuthGuard: Decoded userId from token[39m
    [35muserId[39m: "09fe4af4-394a-42c3-9932-813bac0cc71b"
    [35mip[39m: "::ffff:127.0.0.1"
    [35mpath[39m: "/cmgorw0y30028n3l4yp4tupi8"
[14:49:20.384] [34mDEBUG[39m (13720): [36mAuthGuard: User lookup result[39m
    [35muserId[39m: "09fe4af4-394a-42c3-9932-813bac0cc71b"
    [35muserFound[39m: true
    [35misActive[39m: true
    [35mip[39m: "::ffff:127.0.0.1"
[14:49:20.384] [34mDEBUG[39m (13720): [36mAuthentication successful[39m
    [35muserId[39m: "09fe4af4-394a-42c3-9932-813bac0cc71b"
    [35misSuperAdmin[39m: true
    [35mpermissionCount[39m: 1
    [35mip[39m: "::ffff:127.0.0.1"
[14:49:20.390] [34mDEBUG[39m (13720): [36mAuthGuard: Decoded userId from token[39m
    [35muserId[39m: "09fe4af4-394a-42c3-9932-813bac0cc71b"
    [35mip[39m: "::ffff:127.0.0.1"
    [35mpath[39m: "/cmgorw1l0003bn3l43zghhte6"
[14:49:20.392] [34mDEBUG[39m (13720): [36mAuthGuard: User lookup result[39m
    [35muserId[39m: "09fe4af4-394a-42c3-9932-813bac0cc71b"
    [35muserFound[39m: true
    [35misActive[39m: true
    [35mip[39m: "::ffff:127.0.0.1"
[14:49:20.392] [34mDEBUG[39m (13720): [36mAuthentication successful[39m
    [35muserId[39m: "09fe4af4-394a-42c3-9932-813bac0cc71b"
    [35misSuperAdmin[39m: true
    [35mpermissionCount[39m: 1
    [35mip[39m: "::ffff:127.0.0.1"
[14:49:20.396] [34mDEBUG[39m (13720): [36mAuthGuard: Decoded userId from token[39m
    [35muserId[39m: "09fe4af4-394a-42c3-9932-813bac0cc71b"
    [35mip[39m: "::ffff:127.0.0.1"
    [35mpath[39m: "/cmgorw1l0003bn3l43zghhte6"
[14:49:20.398] [34mDEBUG[39m (13720): [36mAuthGuard: User lookup result[39m
    [35muserId[39m: "09fe4af4-394a-42c3-9932-813bac0cc71b"
    [35muserFound[39m: true
    [35misActive[39m: true
    [35mip[39m: "::ffff:127.0.0.1"
[14:49:20.398] [34mDEBUG[39m (13720): [36mAuthentication successful[39m
    [35muserId[39m: "09fe4af4-394a-42c3-9932-813bac0cc71b"
    [35misSuperAdmin[39m: true
    [35mpermissionCount[39m: 1
    [35mip[39m: "::ffff:127.0.0.1"
[14:49:20.403] [34mDEBUG[39m (13720): [36mAuthGuard: Decoded userId from token[39m
    [35muserId[39m: "09fe4af4-394a-42c3-9932-813bac0cc71b"
    [35mip[39m: "::ffff:127.0.0.1"
    [35mpath[39m: "/cmgorw1le003en3l46bcvmghv"
[14:49:20.405] [34mDEBUG[39m (13720): [36mAuthGuard: User lookup result[39m
    [35muserId[39m: "09fe4af4-394a-42c3-9932-813bac0cc71b"
    [35muserFound[39m: true
    [35misActive[39m: true
    [35mip[39m: "::ffff:127.0.0.1"
[14:49:20.405] [34mDEBUG[39m (13720): [36mAuthentication successful[39m
    [35muserId[39m: "09fe4af4-394a-42c3-9932-813bac0cc71b"
    [35misSuperAdmin[39m: true
    [35mpermissionCount[39m: 1
    [35mip[39m: "::ffff:127.0.0.1"
PASS tests/resources-endpoints.test.ts
  ΓùÅ Console

    console.log
      [dotenv@17.2.2] injecting env (0) from .env -- tip: ΓÜÖ∩╕Å  
write to custom object with { processEnv: myObject }

      at _log (node_modules/dotenv/lib/main.js:139:11)

    console.log
      SendGrid environment variables loaded: {
        apiKeyPresent: true,
        apiKeyLength: 69,
        apiKeyPrefix: 'SG.sXytAeD...',
        fromEmail: 'windbooks@dvconsultingph.com',
        timestamp: '2025-10-13T06:49:19.377Z'
      }

      at Object.<anonymous> (src/services/email.service.ts:8:9)

    console.log
      [dotenv@17.2.2] injecting env (0) from .env -- tip: ≡ƒöÉ 
prevent committing .env to code: https://dotenvx.com/precommit

      at _log (node_modules/dotenv/lib/main.js:139:11)

    console.log
      ≡ƒöì DEBUG: GET /resources request received

      at getResources (src/controllers/rbac.controller.ts:28:13)

    console.log
         Method: GET

      at getResources (src/controllers/rbac.controller.ts:29:13)

    console.log
         URL: /

      at getResources (src/controllers/rbac.controller.ts:30:13)

    console.log
         Query params: [Object: null prototype] {}

      at getResources (src/controllers/rbac.controller.ts:31:13)

    console.log
         Headers: {
        authorization: '[PRESENT]',
        'user-agent': undefined,
        'content-type': undefined
      }

      at getResources (src/controllers/rbac.controller.ts:32:13)

    console.log
         User from token: {
        userId: '8f5b6803-ba38-412e-b57e-7ff03a784aa1',
        isSuperAdmin: false,
        permissions: [ 'resource:read', 'resource:update' ]
      }

      at getResources (src/controllers/rbac.controller.ts:37:13)

    console.log
      Γ£à DEBUG: Proceeding with userId: 
8f5b6803-ba38-412e-b57e-7ff03a784aa1

      at getResources (src/controllers/rbac.controller.ts:45:13)

    console.log
      ≡ƒôè DEBUG: Resources fetched: 2 items

      at getResources (src/controllers/rbac.controller.ts:47:13)

    console.log
      ≡ƒöì DEBUG: GET /resources request received

      at getResources (src/controllers/rbac.controller.ts:28:13)

    console.log
         Method: GET

      at getResources (src/controllers/rbac.controller.ts:29:13)

    console.log
         URL: /

      at getResources (src/controllers/rbac.controller.ts:30:13)

    console.log
         Query params: [Object: null prototype] {}

      at getResources (src/controllers/rbac.controller.ts:31:13)

    console.log
         Headers: {
        authorization: '[PRESENT]',
        'user-agent': undefined,
        'content-type': undefined
      }

      at getResources (src/controllers/rbac.controller.ts:32:13)

    console.log
         User from token: {
        userId: '09fe4af4-394a-42c3-9932-813bac0cc71b',
        isSuperAdmin: true,
        permissions: [ '*' ]
      }

      at getResources (src/controllers/rbac.controller.ts:37:13)

    console.log
      Γ£à DEBUG: Proceeding with userId: 
09fe4af4-394a-42c3-9932-813bac0cc71b

      at getResources (src/controllers/rbac.controller.ts:45:13)

    console.log
      ≡ƒôè DEBUG: Resources fetched: 4 items

      at getResources (src/controllers/rbac.controller.ts:47:13)

    console.log
      ≡ƒöì DEBUG: GET /resources request received

      at getResources (src/controllers/rbac.controller.ts:28:13)

    console.log
         Method: GET

      at getResources (src/controllers/rbac.controller.ts:29:13)

    console.log
         URL: /

      at getResources (src/controllers/rbac.controller.ts:30:13)

    console.log
         Query params: [Object: null prototype] {}

      at getResources (src/controllers/rbac.controller.ts:31:13)

    console.log
         Headers: {
        authorization: '[PRESENT]',
        'user-agent': undefined,
        'content-type': undefined
      }

      at getResources (src/controllers/rbac.controller.ts:32:13)

    console.log
         User from token: {
        userId: 'd7cf2abc-1e82-4917-acb5-16a16ea04114',
        isSuperAdmin: false,
        permissions: []
      }

      at getResources (src/controllers/rbac.controller.ts:37:13)

    console.log
      Γ£à DEBUG: Proceeding with userId: 
d7cf2abc-1e82-4917-acb5-16a16ea04114

      at getResources (src/controllers/rbac.controller.ts:45:13)

    console.log
      ≡ƒôè DEBUG: Resources fetched: 0 items

      at getResources (src/controllers/rbac.controller.ts:47:13)

    console.error
      Auth guard error: JsonWebTokenError {
        name: 'JsonWebTokenError',
        message: 'jwt malformed'
      }

    [0m [90m 105 |[39m       method[33m:[39m 
req[33m.[39mmethod[33m,[39m
     [90m 106 |[39m     })[33m;[39m
    [31m[1m>[22m[39m[90m 107 |[39m     
console[33m.[39merror([32m'Auth guard error:'[39m[33m,[39m 
error)[33m;[39m
     [90m     |[39m             [31m[1m^[22m[39m
     [90m 108 |[39m     
res[33m.[39mstatus([35m401[39m)[33m.[39mjson({ 
message[33m:[39m [32m'Invalid token'[39m })[33m;[39m
     [90m 109 |[39m   }
     [90m 110 |[39m }[33m;[39m[0m

      at authGuard (src/middleware/auth.middleware.ts:107:13)
      at Layer.handleRequest 
(node_modules/router/lib/layer.js:152:17)
      at next (node_modules/router/lib/route.js:157:13)
      at Route.dispatch (node_modules/router/lib/route.js:117:3)
      at handle (node_modules/router/index.js:435:11)
      at Layer.handleRequest 
(node_modules/router/lib/layer.js:152:17)
      at node_modules/router/index.js:295:15
      at processParams (node_modules/router/index.js:582:12)
      at next (node_modules/router/index.js:291:5)
      at Function.handle (node_modules/router/index.js:186:3)
      at router (node_modules/router/index.js:60:12)
      at Layer.handleRequest 
(node_modules/router/lib/layer.js:152:17)
      at trimPrefix (node_modules/router/index.js:342:13)
      at node_modules/router/index.js:297:9
      at processParams (node_modules/router/index.js:582:12)
      at next (node_modules/router/index.js:291:5)
      at src/app.ts:92:3
      at Layer.handleRequest 
(node_modules/router/lib/layer.js:152:17)
      at trimPrefix (node_modules/router/index.js:342:13)
      at node_modules/router/index.js:297:9
      at processParams (node_modules/router/index.js:582:12)
      at next (node_modules/router/index.js:291:5)
      at urlencodedParser 
(node_modules/body-parser/lib/types/urlencoded.js:68:7)
      at Layer.handleRequest 
(node_modules/router/lib/layer.js:152:17)
      at trimPrefix (node_modules/router/index.js:342:13)
      at node_modules/router/index.js:297:9
      at processParams (node_modules/router/index.js:582:12)
      at next (node_modules/router/index.js:291:5)
      at jsonParser 
(node_modules/body-parser/lib/types/json.js:100:7)
      at Layer.handleRequest 
(node_modules/router/lib/layer.js:152:17)
      at trimPrefix (node_modules/router/index.js:342:13)
      at node_modules/router/index.js:297:9
      at processParams (node_modules/router/index.js:582:12)
      at next (node_modules/router/index.js:291:5)
      at cors (node_modules/cors/lib/index.js:188:7)
      at node_modules/cors/lib/index.js:224:17
      at originCallback (node_modules/cors/lib/index.js:214:15)
      at node_modules/cors/lib/index.js:219:13
      at optionsCallback (node_modules/cors/lib/index.js:199:9)
      at corsMiddleware (node_modules/cors/lib/index.js:204:7)
      at Layer.handleRequest 
(node_modules/router/lib/layer.js:152:17)
      at trimPrefix (node_modules/router/index.js:342:13)
      at node_modules/router/index.js:297:9
      at processParams (node_modules/router/index.js:582:12)
      at next (node_modules/router/index.js:291:5)
      at src/app.ts:37:3
      at Layer.handleRequest 
(node_modules/router/lib/layer.js:152:17)
      at trimPrefix (node_modules/router/index.js:342:13)
      at node_modules/router/index.js:297:9
      at processParams (node_modules/router/index.js:582:12)
      at next (node_modules/router/index.js:291:5)
      at Function.handle (node_modules/router/index.js:186:3)
      at Function.handle 
(node_modules/express/lib/application.js:177:15)
      at Server.app (node_modules/express/lib/express.js:38:9)

    console.log
      ≡ƒöì DEBUG: GET /resources request received

      at getResources (src/controllers/rbac.controller.ts:28:13)

    console.log
         Method: GET

      at getResources (src/controllers/rbac.controller.ts:29:13)

    console.log
         URL: /

      at getResources (src/controllers/rbac.controller.ts:30:13)

    console.log
         Query params: [Object: null prototype] {}

      at getResources (src/controllers/rbac.controller.ts:31:13)

    console.log
         Headers: {
        authorization: '[PRESENT]',
        'user-agent': undefined,
        'content-type': undefined
      }

      at getResources (src/controllers/rbac.controller.ts:32:13)

    console.log
         User from token: {
        userId: '8f5b6803-ba38-412e-b57e-7ff03a784aa1',
        isSuperAdmin: false,
        permissions: [ 'resource:read', 'resource:update' ]
      }

      at getResources (src/controllers/rbac.controller.ts:37:13)

    console.log
      Γ£à DEBUG: Proceeding with userId: 
8f5b6803-ba38-412e-b57e-7ff03a784aa1

      at getResources (src/controllers/rbac.controller.ts:45:13)

    console.log
      ≡ƒôè DEBUG: Resources fetched: 2 items

      at getResources (src/controllers/rbac.controller.ts:47:13)

    console.error
      Auth guard error: JsonWebTokenError {
        name: 'JsonWebTokenError',
        message: 'jwt malformed'
      }

    [0m [90m 105 |[39m       method[33m:[39m 
req[33m.[39mmethod[33m,[39m
     [90m 106 |[39m     })[33m;[39m
    [31m[1m>[22m[39m[90m 107 |[39m     
console[33m.[39merror([32m'Auth guard error:'[39m[33m,[39m 
error)[33m;[39m
     [90m     |[39m             [31m[1m^[22m[39m
     [90m 108 |[39m     
res[33m.[39mstatus([35m401[39m)[33m.[39mjson({ 
message[33m:[39m [32m'Invalid token'[39m })[33m;[39m
     [90m 109 |[39m   }
     [90m 110 |[39m }[33m;[39m[0m

      at authGuard (src/middleware/auth.middleware.ts:107:13)
      at Layer.handleRequest 
(node_modules/router/lib/layer.js:152:17)
      at next (node_modules/router/lib/route.js:157:13)
      at Route.dispatch (node_modules/router/lib/route.js:117:3)
      at handle (node_modules/router/index.js:435:11)
      at Layer.handleRequest 
(node_modules/router/lib/layer.js:152:17)
      at node_modules/router/index.js:295:15
      at param (node_modules/router/index.js:600:14)
      at param (node_modules/router/index.js:610:14)
      at processParams (node_modules/router/index.js:664:3)
      at next (node_modules/router/index.js:291:5)
      at Function.handle (node_modules/router/index.js:186:3)
      at router (node_modules/router/index.js:60:12)
      at Layer.handleRequest 
(node_modules/router/lib/layer.js:152:17)
      at trimPrefix (node_modules/router/index.js:342:13)
      at node_modules/router/index.js:297:9
      at processParams (node_modules/router/index.js:582:12)
      at next (node_modules/router/index.js:291:5)
      at src/app.ts:92:3
      at Layer.handleRequest 
(node_modules/router/lib/layer.js:152:17)
      at trimPrefix (node_modules/router/index.js:342:13)
      at node_modules/router/index.js:297:9
      at processParams (node_modules/router/index.js:582:12)
      at next (node_modules/router/index.js:291:5)
      at urlencodedParser 
(node_modules/body-parser/lib/types/urlencoded.js:68:7)
      at Layer.handleRequest 
(node_modules/router/lib/layer.js:152:17)
      at trimPrefix (node_modules/router/index.js:342:13)
      at node_modules/router/index.js:297:9
      at processParams (node_modules/router/index.js:582:12)
      at next (node_modules/router/index.js:291:5)
      at jsonParser 
(node_modules/body-parser/lib/types/json.js:100:7)
      at Layer.handleRequest 
(node_modules/router/lib/layer.js:152:17)
      at trimPrefix (node_modules/router/index.js:342:13)
      at node_modules/router/index.js:297:9
      at processParams (node_modules/router/index.js:582:12)
      at next (node_modules/router/index.js:291:5)
      at cors (node_modules/cors/lib/index.js:188:7)
      at node_modules/cors/lib/index.js:224:17
      at originCallback (node_modules/cors/lib/index.js:214:15)
      at node_modules/cors/lib/index.js:219:13
      at optionsCallback (node_modules/cors/lib/index.js:199:9)
      at corsMiddleware (node_modules/cors/lib/index.js:204:7)
      at Layer.handleRequest 
(node_modules/router/lib/layer.js:152:17)
      at trimPrefix (node_modules/router/index.js:342:13)
      at node_modules/router/index.js:297:9
      at processParams (node_modules/router/index.js:582:12)
      at next (node_modules/router/index.js:291:5)
      at src/app.ts:37:3
      at Layer.handleRequest 
(node_modules/router/lib/layer.js:152:17)
      at trimPrefix (node_modules/router/index.js:342:13)
      at node_modules/router/index.js:297:9
      at processParams (node_modules/router/index.js:582:12)
      at next (node_modules/router/index.js:291:5)
      at Function.handle (node_modules/router/index.js:186:3)
      at Function.handle 
(node_modules/express/lib/application.js:177:15)
      at Server.app (node_modules/express/lib/express.js:38:9)

    console.error
      Auth guard error: JsonWebTokenError {
        name: 'JsonWebTokenError',
        message: 'jwt malformed'
      }

    [0m [90m 105 |[39m       method[33m:[39m 
req[33m.[39mmethod[33m,[39m
     [90m 106 |[39m     })[33m;[39m
    [31m[1m>[22m[39m[90m 107 |[39m     
console[33m.[39merror([32m'Auth guard error:'[39m[33m,[39m 
error)[33m;[39m
     [90m     |[39m             [31m[1m^[22m[39m
     [90m 108 |[39m     
res[33m.[39mstatus([35m401[39m)[33m.[39mjson({ 
message[33m:[39m [32m'Invalid token'[39m })[33m;[39m
     [90m 109 |[39m   }
     [90m 110 |[39m }[33m;[39m[0m

      at authGuard (src/middleware/auth.middleware.ts:107:13)
      at Layer.handleRequest 
(node_modules/router/lib/layer.js:152:17)
      at next (node_modules/router/lib/route.js:157:13)
      at Route.dispatch (node_modules/router/lib/route.js:117:3)
      at handle (node_modules/router/index.js:435:11)
      at Layer.handleRequest 
(node_modules/router/lib/layer.js:152:17)
      at node_modules/router/index.js:295:15
      at param (node_modules/router/index.js:600:14)
      at param (node_modules/router/index.js:610:14)
      at processParams (node_modules/router/index.js:664:3)
      at next (node_modules/router/index.js:291:5)
      at Function.handle (node_modules/router/index.js:186:3)
      at router (node_modules/router/index.js:60:12)
      at Layer.handleRequest 
(node_modules/router/lib/layer.js:152:17)
      at trimPrefix (node_modules/router/index.js:342:13)
      at node_modules/router/index.js:297:9
      at processParams (node_modules/router/index.js:582:12)
      at next (node_modules/router/index.js:291:5)
      at src/app.ts:92:3
      at Layer.handleRequest 
(node_modules/router/lib/layer.js:152:17)
      at trimPrefix (node_modules/router/index.js:342:13)
      at node_modules/router/index.js:297:9
      at processParams (node_modules/router/index.js:582:12)
      at next (node_modules/router/index.js:291:5)
      at urlencodedParser 
(node_modules/body-parser/lib/types/urlencoded.js:68:7)
      at Layer.handleRequest 
(node_modules/router/lib/layer.js:152:17)
      at trimPrefix (node_modules/router/index.js:342:13)
      at node_modules/router/index.js:297:9
      at processParams (node_modules/router/index.js:582:12)
      at next (node_modules/router/index.js:291:5)
      at jsonParser 
(node_modules/body-parser/lib/types/json.js:100:7)
      at Layer.handleRequest 
(node_modules/router/lib/layer.js:152:17)
      at trimPrefix (node_modules/router/index.js:342:13)
      at node_modules/router/index.js:297:9
      at processParams (node_modules/router/index.js:582:12)
      at next (node_modules/router/index.js:291:5)
      at cors (node_modules/cors/lib/index.js:188:7)
      at node_modules/cors/lib/index.js:224:17
      at originCallback (node_modules/cors/lib/index.js:214:15)
      at node_modules/cors/lib/index.js:219:13
      at optionsCallback (node_modules/cors/lib/index.js:199:9)
      at corsMiddleware (node_modules/cors/lib/index.js:204:7)
      at Layer.handleRequest 
(node_modules/router/lib/layer.js:152:17)
      at trimPrefix (node_modules/router/index.js:342:13)
      at node_modules/router/index.js:297:9
      at processParams (node_modules/router/index.js:582:12)
      at next (node_modules/router/index.js:291:5)
      at src/app.ts:37:3
      at Layer.handleRequest 
(node_modules/router/lib/layer.js:152:17)
      at trimPrefix (node_modules/router/index.js:342:13)
      at node_modules/router/index.js:297:9
      at processParams (node_modules/router/index.js:582:12)
      at next (node_modules/router/index.js:291:5)
      at Function.handle (node_modules/router/index.js:186:3)
      at Function.handle 
(node_modules/express/lib/application.js:177:15)
      at Server.app (node_modules/express/lib/express.js:38:9)

    console.log
      ≡ƒöì DEBUG: GET /resources/v2 request received

      at getResourcesV2 
(src/controllers/rbac.controller.ts:192:13)

    console.log
         Method: GET

      at getResourcesV2 
(src/controllers/rbac.controller.ts:193:13)

    console.log
         URL: /v2

      at getResourcesV2 
(src/controllers/rbac.controller.ts:194:13)

    console.log
         Query params: [Object: null prototype] {}

      at getResourcesV2 
(src/controllers/rbac.controller.ts:195:13)

    console.log
         Headers: {
        authorization: '[PRESENT]',
        'user-agent': undefined,
        'content-type': undefined
      }

      at getResourcesV2 
(src/controllers/rbac.controller.ts:196:13)

    console.log
         User from token: {
        userId: '8f5b6803-ba38-412e-b57e-7ff03a784aa1',
        isSuperAdmin: false,
        permissions: [ 'resource:read', 'resource:update' ]
      }

      at getResourcesV2 
(src/controllers/rbac.controller.ts:201:13)

    console.log
      Γ£à DEBUG: Proceeding with userId: 
8f5b6803-ba38-412e-b57e-7ff03a784aa1

      at getResourcesV2 
(src/controllers/rbac.controller.ts:209:13)

    console.log
      ≡ƒôï DEBUG: Filter params - page: 1 limit: 10 resourceName: 
undefined resourceId: undefined q: undefined

      at getResourcesV2 
(src/controllers/rbac.controller.ts:212:13)

    console.log
      ≡ƒôè DEBUG: Resources fetched: 2 items, total: 2 pages: 1

      at getResourcesV2 
(src/controllers/rbac.controller.ts:226:13)

    console.log
      ≡ƒöì DEBUG: GET /resources/v2 request received

      at getResourcesV2 
(src/controllers/rbac.controller.ts:192:13)

    console.log
         Method: GET

      at getResourcesV2 
(src/controllers/rbac.controller.ts:193:13)

    console.log
         URL: /v2

      at getResourcesV2 
(src/controllers/rbac.controller.ts:194:13)

    console.log
         Query params: [Object: null prototype] {}

      at getResourcesV2 
(src/controllers/rbac.controller.ts:195:13)

    console.log
         Headers: {
        authorization: '[PRESENT]',
        'user-agent': undefined,
        'content-type': undefined
      }

      at getResourcesV2 
(src/controllers/rbac.controller.ts:196:13)

    console.log
         User from token: {
        userId: '09fe4af4-394a-42c3-9932-813bac0cc71b',
        isSuperAdmin: true,
        permissions: [ '*' ]
      }

      at getResourcesV2 
(src/controllers/rbac.controller.ts:201:13)

    console.log
      Γ£à DEBUG: Proceeding with userId: 
09fe4af4-394a-42c3-9932-813bac0cc71b

      at getResourcesV2 
(src/controllers/rbac.controller.ts:209:13)

    console.log
      ≡ƒôï DEBUG: Filter params - page: 1 limit: 10 resourceName: 
undefined resourceId: undefined q: undefined

      at getResourcesV2 
(src/controllers/rbac.controller.ts:212:13)

    console.log
      ≡ƒôè DEBUG: Resources fetched: 4 items, total: 4 pages: 1

      at getResourcesV2 
(src/controllers/rbac.controller.ts:226:13)

    console.log
      ≡ƒöì DEBUG: GET /resources/v2 request received

      at getResourcesV2 
(src/controllers/rbac.controller.ts:192:13)

    console.log
         Method: GET

      at getResourcesV2 
(src/controllers/rbac.controller.ts:193:13)

    console.log
         URL: /v2

      at getResourcesV2 
(src/controllers/rbac.controller.ts:194:13)

    console.log
         Query params: [Object: null prototype] {}

      at getResourcesV2 
(src/controllers/rbac.controller.ts:195:13)

    console.log
         Headers: {
        authorization: '[PRESENT]',
        'user-agent': undefined,
        'content-type': undefined
      }

      at getResourcesV2 
(src/controllers/rbac.controller.ts:196:13)

    console.log
         User from token: {
        userId: 'b99b4748-fd25-4aad-992f-abcf77b9bead',
        isSuperAdmin: true,
        permissions: [ '*' ]
      }

      at getResourcesV2 
(src/controllers/rbac.controller.ts:201:13)

    console.log
      Γ£à DEBUG: Proceeding with userId: 
b99b4748-fd25-4aad-992f-abcf77b9bead

      at getResourcesV2 
(src/controllers/rbac.controller.ts:209:13)

    console.log
      ≡ƒôï DEBUG: Filter params - page: 1 limit: 10 resourceName: 
undefined resourceId: undefined q: undefined

      at getResourcesV2 
(src/controllers/rbac.controller.ts:212:13)

    console.log
      ≡ƒôè DEBUG: Resources fetched: 1 items, total: 1 pages: 1

      at getResourcesV2 
(src/controllers/rbac.controller.ts:226:13)

    console.log
      ≡ƒöì DEBUG: GET /resources/v2 request received

      at getResourcesV2 
(src/controllers/rbac.controller.ts:192:13)

    console.log
         Method: GET

      at getResourcesV2 
(src/controllers/rbac.controller.ts:193:13)

    console.log
         URL: /v2?resourceName=resource%201

      at getResourcesV2 
(src/controllers/rbac.controller.ts:194:13)

    console.log
         Query params: [Object: null prototype] { resourceName: 
'resource 1' }

      at getResourcesV2 
(src/controllers/rbac.controller.ts:195:13)

    console.log
         Headers: {
        authorization: '[PRESENT]',
        'user-agent': undefined,
        'content-type': undefined
      }

      at getResourcesV2 
(src/controllers/rbac.controller.ts:196:13)

    console.log
         User from token: {
        userId: '09fe4af4-394a-42c3-9932-813bac0cc71b',
        isSuperAdmin: true,
        permissions: [ '*' ]
      }

      at getResourcesV2 
(src/controllers/rbac.controller.ts:201:13)

    console.log
      Γ£à DEBUG: Proceeding with userId: 
09fe4af4-394a-42c3-9932-813bac0cc71b

      at getResourcesV2 
(src/controllers/rbac.controller.ts:209:13)

    console.log
      ≡ƒôï DEBUG: Filter params - page: 1 limit: 10 resourceName: 
resource 1 resourceId: undefined q: undefined

      at getResourcesV2 
(src/controllers/rbac.controller.ts:212:13)

    console.log
      ≡ƒôè DEBUG: Resources fetched: 1 items, total: 1 pages: 1

      at getResourcesV2 
(src/controllers/rbac.controller.ts:226:13)

    console.log
      ≡ƒöì DEBUG: GET /resources/v2 request received

      at getResourcesV2 
(src/controllers/rbac.controller.ts:192:13)

    console.log
         Method: GET

      at getResourcesV2 
(src/controllers/rbac.controller.ts:193:13)

    console.log
         URL: /v2?resourceId=cmgorw0y20025n3l4785cpc48

      at getResourcesV2 
(src/controllers/rbac.controller.ts:194:13)

    console.log
         Query params: [Object: null prototype] { resourceId: 
'cmgorw0y20025n3l4785cpc48' }

      at getResourcesV2 
(src/controllers/rbac.controller.ts:195:13)

    console.log
         Headers: {
        authorization: '[PRESENT]',
        'user-agent': undefined,
        'content-type': undefined
      }

      at getResourcesV2 
(src/controllers/rbac.controller.ts:196:13)

    console.log
         User from token: {
        userId: '09fe4af4-394a-42c3-9932-813bac0cc71b',
        isSuperAdmin: true,
        permissions: [ '*' ]
      }

      at getResourcesV2 
(src/controllers/rbac.controller.ts:201:13)

    console.log
      Γ£à DEBUG: Proceeding with userId: 
09fe4af4-394a-42c3-9932-813bac0cc71b

      at getResourcesV2 
(src/controllers/rbac.controller.ts:209:13)

    console.log
      ≡ƒôï DEBUG: Filter params - page: 1 limit: 10 resourceName: 
undefined resourceId: cmgorw0y20025n3l4785cpc48 q: undefined

      at getResourcesV2 
(src/controllers/rbac.controller.ts:212:13)

    console.log
      ≡ƒôè DEBUG: Resources fetched: 1 items, total: 1 pages: 1

      at getResourcesV2 
(src/controllers/rbac.controller.ts:226:13)

    console.log
      ≡ƒöì DEBUG: GET /resources/v2 request received

      at getResourcesV2 
(src/controllers/rbac.controller.ts:192:13)

    console.log
         Method: GET

      at getResourcesV2 
(src/controllers/rbac.controller.ts:193:13)

    console.log
         URL: 
/v2?resourceName=resource&resourceId=cmgorw0y00022n3l49qmnfpid

      at getResourcesV2 
(src/controllers/rbac.controller.ts:194:13)

    console.log
         Query params: [Object: null prototype] {
        resourceName: 'resource',
        resourceId: 'cmgorw0y00022n3l49qmnfpid'
      }

      at getResourcesV2 
(src/controllers/rbac.controller.ts:195:13)

    console.log
         Headers: {
        authorization: '[PRESENT]',
        'user-agent': undefined,
        'content-type': undefined
      }

      at getResourcesV2 
(src/controllers/rbac.controller.ts:196:13)

    console.log
         User from token: {
        userId: '09fe4af4-394a-42c3-9932-813bac0cc71b',
        isSuperAdmin: true,
        permissions: [ '*' ]
      }

      at getResourcesV2 
(src/controllers/rbac.controller.ts:201:13)

    console.log
      Γ£à DEBUG: Proceeding with userId: 
09fe4af4-394a-42c3-9932-813bac0cc71b

      at getResourcesV2 
(src/controllers/rbac.controller.ts:209:13)

    console.log
      ≡ƒôï DEBUG: Filter params - page: 1 limit: 10 resourceName: 
resource resourceId: cmgorw0y00022n3l49qmnfpid q: undefined

      at getResourcesV2 
(src/controllers/rbac.controller.ts:212:13)

    console.log
      ≡ƒôè DEBUG: Resources fetched: 1 items, total: 1 pages: 1

      at getResourcesV2 
(src/controllers/rbac.controller.ts:226:13)

    console.log
      ≡ƒöì DEBUG: GET /resources/v2 request received

      at getResourcesV2 
(src/controllers/rbac.controller.ts:192:13)

    console.log
         Method: GET

      at getResourcesV2 
(src/controllers/rbac.controller.ts:193:13)

    console.log
         URL: /v2?resourceName=nonexistent

      at getResourcesV2 
(src/controllers/rbac.controller.ts:194:13)

    console.log
         Query params: [Object: null prototype] { resourceName: 
'nonexistent' }

      at getResourcesV2 
(src/controllers/rbac.controller.ts:195:13)

    console.log
         Headers: {
        authorization: '[PRESENT]',
        'user-agent': undefined,
        'content-type': undefined
      }

      at getResourcesV2 
(src/controllers/rbac.controller.ts:196:13)

    console.log
         User from token: {
        userId: '09fe4af4-394a-42c3-9932-813bac0cc71b',
        isSuperAdmin: true,
        permissions: [ '*' ]
      }

      at getResourcesV2 
(src/controllers/rbac.controller.ts:201:13)

    console.log
      Γ£à DEBUG: Proceeding with userId: 
09fe4af4-394a-42c3-9932-813bac0cc71b

      at getResourcesV2 
(src/controllers/rbac.controller.ts:209:13)

    console.log
      ≡ƒôï DEBUG: Filter params - page: 1 limit: 10 resourceName: 
nonexistent resourceId: undefined q: undefined

      at getResourcesV2 
(src/controllers/rbac.controller.ts:212:13)

    console.log
      ≡ƒôè DEBUG: Resources fetched: 0 items, total: 0 pages: 0

      at getResourcesV2 
(src/controllers/rbac.controller.ts:226:13)

    console.log
      ≡ƒöì DEBUG: GET /resources/v2 request received

      at getResourcesV2 
(src/controllers/rbac.controller.ts:192:13)

    console.log
         Method: GET

      at getResourcesV2 
(src/controllers/rbac.controller.ts:193:13)

    console.log
         URL: /v2?resourceId=00000000-0000-0000-0000-000000000000

      at getResourcesV2 
(src/controllers/rbac.controller.ts:194:13)

    console.log
         Query params: [Object: null prototype] {
        resourceId: '00000000-0000-0000-0000-000000000000'
      }

      at getResourcesV2 
(src/controllers/rbac.controller.ts:195:13)

    console.log
         Headers: {
        authorization: '[PRESENT]',
        'user-agent': undefined,
        'content-type': undefined
      }

      at getResourcesV2 
(src/controllers/rbac.controller.ts:196:13)

    console.log
         User from token: {
        userId: '09fe4af4-394a-42c3-9932-813bac0cc71b',
        isSuperAdmin: true,
        permissions: [ '*' ]
      }

      at getResourcesV2 
(src/controllers/rbac.controller.ts:201:13)

    console.log
      Γ£à DEBUG: Proceeding with userId: 
09fe4af4-394a-42c3-9932-813bac0cc71b

      at getResourcesV2 
(src/controllers/rbac.controller.ts:209:13)

    console.log
      ≡ƒôï DEBUG: Filter params - page: 1 limit: 10 resourceName: 
undefined resourceId: 00000000-0000-0000-0000-000000000000 q: 
undefined

      at getResourcesV2 
(src/controllers/rbac.controller.ts:212:13)

    console.log
      ≡ƒôè DEBUG: Resources fetched: 0 items, total: 0 pages: 0

      at getResourcesV2 
(src/controllers/rbac.controller.ts:226:13)

    console.log
      ≡ƒöì DEBUG: GET /resources/v2 request received

      at getResourcesV2 
(src/controllers/rbac.controller.ts:192:13)

    console.log
         Method: GET

      at getResourcesV2 
(src/controllers/rbac.controller.ts:193:13)

    console.log
         URL: /v2?page=1&limit=1&resourceName=resource

      at getResourcesV2 
(src/controllers/rbac.controller.ts:194:13)

    console.log
         Query params: [Object: null prototype] {
        page: '1',
        limit: '1',
        resourceName: 'resource'
      }

      at getResourcesV2 
(src/controllers/rbac.controller.ts:195:13)

    console.log
         Headers: {
        authorization: '[PRESENT]',
        'user-agent': undefined,
        'content-type': undefined
      }

      at getResourcesV2 
(src/controllers/rbac.controller.ts:196:13)

    console.log
         User from token: {
        userId: '09fe4af4-394a-42c3-9932-813bac0cc71b',
        isSuperAdmin: true,
        permissions: [ '*' ]
      }

      at getResourcesV2 
(src/controllers/rbac.controller.ts:201:13)

    console.log
      Γ£à DEBUG: Proceeding with userId: 
09fe4af4-394a-42c3-9932-813bac0cc71b

      at getResourcesV2 
(src/controllers/rbac.controller.ts:209:13)

    console.log
      ≡ƒôï DEBUG: Filter params - page: 1 limit: 1 resourceName: 
resource resourceId: undefined q: undefined

      at getResourcesV2 
(src/controllers/rbac.controller.ts:212:13)

    console.log
      ≡ƒôè DEBUG: Resources fetched: 1 items, total: 3 pages: 3

      at getResourcesV2 
(src/controllers/rbac.controller.ts:226:13)

    console.error
      Auth guard error: JsonWebTokenError {
        name: 'JsonWebTokenError',
        message: 'jwt malformed'
      }

    [0m [90m 105 |[39m       method[33m:[39m 
req[33m.[39mmethod[33m,[39m
     [90m 106 |[39m     })[33m;[39m
    [31m[1m>[22m[39m[90m 107 |[39m     
console[33m.[39merror([32m'Auth guard error:'[39m[33m,[39m 
error)[33m;[39m
     [90m     |[39m             [31m[1m^[22m[39m
     [90m 108 |[39m     
res[33m.[39mstatus([35m401[39m)[33m.[39mjson({ 
message[33m:[39m [32m'Invalid token'[39m })[33m;[39m
     [90m 109 |[39m   }
     [90m 110 |[39m }[33m;[39m[0m

      at authGuard (src/middleware/auth.middleware.ts:107:13)
      at Layer.handleRequest 
(node_modules/router/lib/layer.js:152:17)
      at next (node_modules/router/lib/route.js:157:13)
      at Route.dispatch (node_modules/router/lib/route.js:117:3)
      at handle (node_modules/router/index.js:435:11)
      at Layer.handleRequest 
(node_modules/router/lib/layer.js:152:17)
      at node_modules/router/index.js:295:15
      at processParams (node_modules/router/index.js:582:12)
      at next (node_modules/router/index.js:291:5)
      at Function.handle (node_modules/router/index.js:186:3)
      at router (node_modules/router/index.js:60:12)
      at Layer.handleRequest 
(node_modules/router/lib/layer.js:152:17)
      at trimPrefix (node_modules/router/index.js:342:13)
      at node_modules/router/index.js:297:9
      at processParams (node_modules/router/index.js:582:12)
      at next (node_modules/router/index.js:291:5)
      at src/app.ts:92:3
      at Layer.handleRequest 
(node_modules/router/lib/layer.js:152:17)
      at trimPrefix (node_modules/router/index.js:342:13)
      at node_modules/router/index.js:297:9
      at processParams (node_modules/router/index.js:582:12)
      at next (node_modules/router/index.js:291:5)
      at urlencodedParser 
(node_modules/body-parser/lib/types/urlencoded.js:57:7)
      at Layer.handleRequest 
(node_modules/router/lib/layer.js:152:17)
      at trimPrefix (node_modules/router/index.js:342:13)
      at node_modules/router/index.js:297:9
      at processParams (node_modules/router/index.js:582:12)
      at next (node_modules/router/index.js:291:5)
      at node_modules/body-parser/lib/read.js:132:5
      at invokeCallback (node_modules/raw-body/index.js:238:16)
      at done (node_modules/raw-body/index.js:227:7)
      at IncomingMessage.onEnd 
(node_modules/raw-body/index.js:287:7)

    console.error
      Auth guard error: JsonWebTokenError {
        name: 'JsonWebTokenError',
        message: 'jwt malformed'
      }

    [0m [90m 105 |[39m       method[33m:[39m 
req[33m.[39mmethod[33m,[39m
     [90m 106 |[39m     })[33m;[39m
    [31m[1m>[22m[39m[90m 107 |[39m     
console[33m.[39merror([32m'Auth guard error:'[39m[33m,[39m 
error)[33m;[39m
     [90m     |[39m             [31m[1m^[22m[39m
     [90m 108 |[39m     
res[33m.[39mstatus([35m401[39m)[33m.[39mjson({ 
message[33m:[39m [32m'Invalid token'[39m })[33m;[39m
     [90m 109 |[39m   }
     [90m 110 |[39m }[33m;[39m[0m

      at authGuard (src/middleware/auth.middleware.ts:107:13)
      at Layer.handleRequest 
(node_modules/router/lib/layer.js:152:17)
      at next (node_modules/router/lib/route.js:157:13)
      at Route.dispatch (node_modules/router/lib/route.js:117:3)
      at handle (node_modules/router/index.js:435:11)
      at Layer.handleRequest 
(node_modules/router/lib/layer.js:152:17)
      at node_modules/router/index.js:295:15
      at processParams (node_modules/router/index.js:582:12)
      at next (node_modules/router/index.js:291:5)
      at Function.handle (node_modules/router/index.js:186:3)
      at router (node_modules/router/index.js:60:12)
      at Layer.handleRequest 
(node_modules/router/lib/layer.js:152:17)
      at trimPrefix (node_modules/router/index.js:342:13)
      at node_modules/router/index.js:297:9
      at processParams (node_modules/router/index.js:582:12)
      at next (node_modules/router/index.js:291:5)
      at src/app.ts:92:3
      at Layer.handleRequest 
(node_modules/router/lib/layer.js:152:17)
      at trimPrefix (node_modules/router/index.js:342:13)
      at node_modules/router/index.js:297:9
      at processParams (node_modules/router/index.js:582:12)
      at next (node_modules/router/index.js:291:5)
      at urlencodedParser 
(node_modules/body-parser/lib/types/urlencoded.js:57:7)
      at Layer.handleRequest 
(node_modules/router/lib/layer.js:152:17)
      at trimPrefix (node_modules/router/index.js:342:13)
      at node_modules/router/index.js:297:9
      at processParams (node_modules/router/index.js:582:12)
      at next (node_modules/router/index.js:291:5)
      at node_modules/body-parser/lib/read.js:132:5
      at invokeCallback (node_modules/raw-body/index.js:238:16)
      at done (node_modules/raw-body/index.js:227:7)
      at IncomingMessage.onEnd 
(node_modules/raw-body/index.js:287:7)

    console.log
      ≡ƒöì DEBUG: GET /resources request received

      at getResources (src/controllers/rbac.controller.ts:28:13)

    console.log
         Method: GET

      at getResources (src/controllers/rbac.controller.ts:29:13)

    console.log
         URL: /

      at getResources (src/controllers/rbac.controller.ts:30:13)

    console.log
         Query params: [Object: null prototype] {}

      at getResources (src/controllers/rbac.controller.ts:31:13)

    console.log
         Headers: {
        authorization: '[PRESENT]',
        'user-agent': undefined,
        'content-type': undefined
      }

      at getResources (src/controllers/rbac.controller.ts:32:13)

    console.log
         User from token: {
        userId: '09fe4af4-394a-42c3-9932-813bac0cc71b',
        isSuperAdmin: true,
        permissions: [ '*' ]
      }

      at getResources (src/controllers/rbac.controller.ts:37:13)

    console.log
      Γ£à DEBUG: Proceeding with userId: 
09fe4af4-394a-42c3-9932-813bac0cc71b

      at getResources (src/controllers/rbac.controller.ts:45:13)

    console.log
      ≡ƒôè DEBUG: Resources fetched: 9 items

      at getResources (src/controllers/rbac.controller.ts:47:13)

    console.error
      Error deleting resource: Error: Resource not found
          at Object.softDeleteResource (C:\Users\Raenerys\Document
s\Windbooks\user-authentication-api\src\services\rbac.service.ts:5
50:11)
          at async deleteResource (C:\Users\Raenerys\Documents\Win
dbooks\user-authentication-api\src\controllers\rbac.controller.ts:
362:5)

    [0m [90m 364 |[39m     
res[33m.[39mstatus([35m204[39m)[33m.[39msend()[33m;[39m 
[90m// No content response for successful deletion[39m
     [90m 365 |[39m   } [36mcatch[39m (error) {
    [31m[1m>[22m[39m[90m 366 |[39m     
console[33m.[39merror([32m'Error deleting 
resource:'[39m[33m,[39m error)[33m;[39m
     [90m     |[39m             [31m[1m^[22m[39m
     [90m 367 |[39m
     [90m 368 |[39m     [36mif[39m (error 
[36minstanceof[39m [33mError[39m) {
     [90m 369 |[39m       [36mif[39m (error[33m.[39mmessage 
[33m===[39m [32m'Resource not found'[39m) {[0m

      at deleteResource 
(src/controllers/rbac.controller.ts:366:13)

    console.error
      Auth guard error: JsonWebTokenError {
        name: 'JsonWebTokenError',
        message: 'jwt malformed'
      }

    [0m [90m 105 |[39m       method[33m:[39m 
req[33m.[39mmethod[33m,[39m
     [90m 106 |[39m     })[33m;[39m
    [31m[1m>[22m[39m[90m 107 |[39m     
console[33m.[39merror([32m'Auth guard error:'[39m[33m,[39m 
error)[33m;[39m
     [90m     |[39m             [31m[1m^[22m[39m
     [90m 108 |[39m     
res[33m.[39mstatus([35m401[39m)[33m.[39mjson({ 
message[33m:[39m [32m'Invalid token'[39m })[33m;[39m
     [90m 109 |[39m   }
     [90m 110 |[39m }[33m;[39m[0m

      at authGuard (src/middleware/auth.middleware.ts:107:13)
      at Layer.handleRequest 
(node_modules/router/lib/layer.js:152:17)
      at next (node_modules/router/lib/route.js:157:13)
      at Route.dispatch (node_modules/router/lib/route.js:117:3)
      at handle (node_modules/router/index.js:435:11)
      at Layer.handleRequest 
(node_modules/router/lib/layer.js:152:17)
      at node_modules/router/index.js:295:15
      at param (node_modules/router/index.js:600:14)
      at param (node_modules/router/index.js:610:14)
      at processParams (node_modules/router/index.js:664:3)
      at next (node_modules/router/index.js:291:5)
      at Function.handle (node_modules/router/index.js:186:3)
      at router (node_modules/router/index.js:60:12)
      at Layer.handleRequest 
(node_modules/router/lib/layer.js:152:17)
      at trimPrefix (node_modules/router/index.js:342:13)
      at node_modules/router/index.js:297:9
      at processParams (node_modules/router/index.js:582:12)
      at next (node_modules/router/index.js:291:5)
      at src/app.ts:92:3
      at Layer.handleRequest 
(node_modules/router/lib/layer.js:152:17)
      at trimPrefix (node_modules/router/index.js:342:13)
      at node_modules/router/index.js:297:9
      at processParams (node_modules/router/index.js:582:12)
      at next (node_modules/router/index.js:291:5)
      at urlencodedParser 
(node_modules/body-parser/lib/types/urlencoded.js:68:7)
      at Layer.handleRequest 
(node_modules/router/lib/layer.js:152:17)
      at trimPrefix (node_modules/router/index.js:342:13)
      at node_modules/router/index.js:297:9
      at processParams (node_modules/router/index.js:582:12)
      at next (node_modules/router/index.js:291:5)
      at jsonParser 
(node_modules/body-parser/lib/types/json.js:100:7)
      at Layer.handleRequest 
(node_modules/router/lib/layer.js:152:17)
      at trimPrefix (node_modules/router/index.js:342:13)
      at node_modules/router/index.js:297:9
      at processParams (node_modules/router/index.js:582:12)
      at next (node_modules/router/index.js:291:5)
      at cors (node_modules/cors/lib/index.js:188:7)
      at node_modules/cors/lib/index.js:224:17
      at originCallback (node_modules/cors/lib/index.js:214:15)
      at node_modules/cors/lib/index.js:219:13
      at optionsCallback (node_modules/cors/lib/index.js:199:9)
      at corsMiddleware (node_modules/cors/lib/index.js:204:7)
      at Layer.handleRequest 
(node_modules/router/lib/layer.js:152:17)
      at trimPrefix (node_modules/router/index.js:342:13)
      at node_modules/router/index.js:297:9
      at processParams (node_modules/router/index.js:582:12)
      at next (node_modules/router/index.js:291:5)
      at src/app.ts:37:3
      at Layer.handleRequest 
(node_modules/router/lib/layer.js:152:17)
      at trimPrefix (node_modules/router/index.js:342:13)
      at node_modules/router/index.js:297:9
      at processParams (node_modules/router/index.js:582:12)
      at next (node_modules/router/index.js:291:5)
      at Function.handle (node_modules/router/index.js:186:3)
      at Function.handle 
(node_modules/express/lib/application.js:177:15)
      at Server.app (node_modules/express/lib/express.js:38:9)

    console.error
      Error deleting resource: Error: Resource is already deleted
          at Object.softDeleteResource (C:\Users\Raenerys\Document
s\Windbooks\user-authentication-api\src\services\rbac.service.ts:5
55:11)
          at async deleteResource (C:\Users\Raenerys\Documents\Win
dbooks\user-authentication-api\src\controllers\rbac.controller.ts:
362:5)

    [0m [90m 364 |[39m     
res[33m.[39mstatus([35m204[39m)[33m.[39msend()[33m;[39m 
[90m// No content response for successful deletion[39m
     [90m 365 |[39m   } [36mcatch[39m (error) {
    [31m[1m>[22m[39m[90m 366 |[39m     
console[33m.[39merror([32m'Error deleting 
resource:'[39m[33m,[39m error)[33m;[39m
     [90m     |[39m             [31m[1m^[22m[39m
     [90m 367 |[39m
     [90m 368 |[39m     [36mif[39m (error 
[36minstanceof[39m [33mError[39m) {
     [90m 369 |[39m       [36mif[39m (error[33m.[39mmessage 
[33m===[39m [32m'Resource not found'[39m) {[0m

      at deleteResource 
(src/controllers/rbac.controller.ts:366:13)

[14:49:21.028] [34mDEBUG[39m (13720): [36mAuthGuard: Decoded userId from token[39m
    [35muserId[39m: "91fdb7c7-dd25-4ba5-b3a3-06a9df1b66aa"
    [35mip[39m: "::ffff:127.0.0.1"
    [35mpath[39m: "/"
[14:49:21.032] [34mDEBUG[39m (13720): [36mAuthGuard: User lookup result[39m
    [35muserId[39m: "91fdb7c7-dd25-4ba5-b3a3-06a9df1b66aa"
    [35muserFound[39m: true
    [35misActive[39m: true
    [35mip[39m: "::ffff:127.0.0.1"
[14:49:21.032] [34mDEBUG[39m (13720): [36mAuthentication successful[39m
    [35muserId[39m: "91fdb7c7-dd25-4ba5-b3a3-06a9df1b66aa"
    [35misSuperAdmin[39m: true
    [35mpermissionCount[39m: 1
    [35mip[39m: "::ffff:127.0.0.1"
[14:49:21.032] [34mDEBUG[39m (13720): [36mGet all user details attempt[39m
    [35mrequestingUserId[39m: "91fdb7c7-dd25-4ba5-b3a3-06a9df1b66aa"
    [35misSuperAdmin[39m: true
    [35mip[39m: "::ffff:127.0.0.1"
    [35mmethod[39m: "GET"
    [35mpath[39m: "/"
    [35mheaders[39m: {
      "authorization": "[PRESENT]"
    }
[14:49:21.032] [34mDEBUG[39m (13720): [36mFetching all user details from database[39m
    [35mrequestingUserId[39m: "91fdb7c7-dd25-4ba5-b3a3-06a9df1b66aa"
    [35mip[39m: "::ffff:127.0.0.1"
[14:49:21.034] [34mDEBUG[39m (13720): [36mAll user details retrieved successfully[39m
    [35mrequestingUserId[39m: "91fdb7c7-dd25-4ba5-b3a3-06a9df1b66aa"
    [35misSuperAdmin[39m: true
    [35mip[39m: "::ffff:127.0.0.1"
    [35mtotalUsers[39m: 4
[14:49:21.039] [34mDEBUG[39m (13720): [36mAuthGuard: Decoded userId from token[39m
    [35muserId[39m: "cecf3568-f31a-433a-9fcc-88b1ae57b168"
    [35mip[39m: "::ffff:127.0.0.1"
    [35mpath[39m: "/"
[14:49:21.040] [34mDEBUG[39m (13720): [36mAuthGuard: User lookup result[39m
    [35muserId[39m: "cecf3568-f31a-433a-9fcc-88b1ae57b168"
    [35muserFound[39m: true
    [35misActive[39m: true
    [35mip[39m: "::ffff:127.0.0.1"
[14:49:21.040] [34mDEBUG[39m (13720): [36mAuthentication successful[39m
    [35muserId[39m: "cecf3568-f31a-433a-9fcc-88b1ae57b168"
    [35misSuperAdmin[39m: false
    [35mpermissionCount[39m: 0
    [35mip[39m: "::ffff:127.0.0.1"
[14:49:21.040] [34mDEBUG[39m (13720): [36mGet all user details attempt[39m
    [35mrequestingUserId[39m: "cecf3568-f31a-433a-9fcc-88b1ae57b168"
    [35misSuperAdmin[39m: false
    [35mip[39m: "::ffff:127.0.0.1"
    [35mmethod[39m: "GET"
    [35mpath[39m: "/"
    [35mheaders[39m: {
      "authorization": "[PRESENT]"
    }
[14:49:21.040] [34mDEBUG[39m (13720): [36mGet all user details access denied[39m
    [35mrequestingUserId[39m: "cecf3568-f31a-433a-9fcc-88b1ae57b168"
    [35misSuperAdmin[39m: false
    [35mip[39m: "::ffff:127.0.0.1"
    [35mreason[39m: "Only superadmin can view all user details"
[14:49:21.043] [34mDEBUG[39m (13720): [36mAuthentication failed: No token provided[39m
    [35mip[39m: "::ffff:127.0.0.1"
    [35mpath[39m: "/"
    [35mmethod[39m: "GET"
[14:49:21.048] [34mDEBUG[39m (13720): [36mAuthGuard: Decoded userId from token[39m
    [35muserId[39m: "cecf3568-f31a-433a-9fcc-88b1ae57b168"
    [35mip[39m: "::ffff:127.0.0.1"
    [35mpath[39m: "/cecf3568-f31a-433a-9fcc-88b1ae57b168"
[14:49:21.049] [34mDEBUG[39m (13720): [36mAuthGuard: User lookup result[39m
    [35muserId[39m: "cecf3568-f31a-433a-9fcc-88b1ae57b168"
    [35muserFound[39m: true
    [35misActive[39m: true
    [35mip[39m: "::ffff:127.0.0.1"
[14:49:21.049] [34mDEBUG[39m (13720): [36mAuthentication successful[39m
    [35muserId[39m: "cecf3568-f31a-433a-9fcc-88b1ae57b168"
    [35misSuperAdmin[39m: false
    [35mpermissionCount[39m: 0
    [35mip[39m: "::ffff:127.0.0.1"
[14:49:21.050] [34mDEBUG[39m (13720): [36mGet user details attempt[39m
    [35mtargetUserId[39m: "cecf3568-f31a-433a-9fcc-88b1ae57b168"
    [35mrequestingUserId[39m: "cecf3568-f31a-433a-9fcc-88b1ae57b168"
    [35misSuperAdmin[39m: false
    [35mip[39m: "::ffff:127.0.0.1"
    [35mmethod[39m: "GET"
    [35mpath[39m: "/cecf3568-f31a-433a-9fcc-88b1ae57b168"
    [35mheaders[39m: {
      "authorization": "[PRESENT]"
    }
[14:49:21.050] [34mDEBUG[39m (13720): [36mFetching user details from database[39m
    [35mtargetUserId[39m: "cecf3568-f31a-433a-9fcc-88b1ae57b168"
    [35mip[39m: "::ffff:127.0.0.1"
[14:49:21.051] [34mDEBUG[39m (13720): [36mUser details retrieved successfully[39m
    [35mtargetUserId[39m: "cecf3568-f31a-433a-9fcc-88b1ae57b168"
    [35mrequestingUserId[39m: "cecf3568-f31a-433a-9fcc-88b1ae57b168"
    [35misSuperAdmin[39m: false
    [35mip[39m: "::ffff:127.0.0.1"
    [35mhasDetails[39m: true
    [35mhasReportTo[39m: false
[14:49:21.055] [34mDEBUG[39m (13720): [36mAuthGuard: Decoded userId from token[39m
    [35muserId[39m: "91fdb7c7-dd25-4ba5-b3a3-06a9df1b66aa"
    [35mip[39m: "::ffff:127.0.0.1"
    [35mpath[39m: "/cecf3568-f31a-433a-9fcc-88b1ae57b168"
[14:49:21.056] [34mDEBUG[39m (13720): [36mAuthGuard: User lookup result[39m
    [35muserId[39m: "91fdb7c7-dd25-4ba5-b3a3-06a9df1b66aa"
    [35muserFound[39m: true
    [35misActive[39m: true
    [35mip[39m: "::ffff:127.0.0.1"
[14:49:21.056] [34mDEBUG[39m (13720): [36mAuthentication successful[39m
    [35muserId[39m: "91fdb7c7-dd25-4ba5-b3a3-06a9df1b66aa"
    [35misSuperAdmin[39m: true
    [35mpermissionCount[39m: 1
    [35mip[39m: "::ffff:127.0.0.1"
[14:49:21.056] [34mDEBUG[39m (13720): [36mGet user details attempt[39m
    [35mtargetUserId[39m: "cecf3568-f31a-433a-9fcc-88b1ae57b168"
    [35mrequestingUserId[39m: "91fdb7c7-dd25-4ba5-b3a3-06a9df1b66aa"
    [35misSuperAdmin[39m: true
    [35mip[39m: "::ffff:127.0.0.1"
    [35mmethod[39m: "GET"
    [35mpath[39m: "/cecf3568-f31a-433a-9fcc-88b1ae57b168"
    [35mheaders[39m: {
      "authorization": "[PRESENT]"
    }
[14:49:21.056] [34mDEBUG[39m (13720): [36mFetching user details from database[39m
    [35mtargetUserId[39m: "cecf3568-f31a-433a-9fcc-88b1ae57b168"
    [35mip[39m: "::ffff:127.0.0.1"
[14:49:21.057] [34mDEBUG[39m (13720): [36mUser details retrieved successfully[39m
    [35mtargetUserId[39m: "cecf3568-f31a-433a-9fcc-88b1ae57b168"
    [35mrequestingUserId[39m: "91fdb7c7-dd25-4ba5-b3a3-06a9df1b66aa"
    [35misSuperAdmin[39m: true
    [35mip[39m: "::ffff:127.0.0.1"
    [35mhasDetails[39m: true
    [35mhasReportTo[39m: false
[14:49:21.064] [34mDEBUG[39m (13720): [36mAuthGuard: Decoded userId from token[39m
    [35muserId[39m: "cecf3568-f31a-433a-9fcc-88b1ae57b168"
    [35mip[39m: "::ffff:127.0.0.1"
    [35mpath[39m: "/91fdb7c7-dd25-4ba5-b3a3-06a9df1b66aa"
[14:49:21.066] [34mDEBUG[39m (13720): [36mAuthGuard: User lookup result[39m
    [35muserId[39m: "cecf3568-f31a-433a-9fcc-88b1ae57b168"
    [35muserFound[39m: true
    [35misActive[39m: true
    [35mip[39m: "::ffff:127.0.0.1"
[14:49:21.066] [34mDEBUG[39m (13720): [36mAuthentication successful[39m
    [35muserId[39m: "cecf3568-f31a-433a-9fcc-88b1ae57b168"
    [35misSuperAdmin[39m: false
    [35mpermissionCount[39m: 0
    [35mip[39m: "::ffff:127.0.0.1"
[14:49:21.066] [34mDEBUG[39m (13720): [36mGet user details attempt[39m
    [35mtargetUserId[39m: "91fdb7c7-dd25-4ba5-b3a3-06a9df1b66aa"
    [35mrequestingUserId[39m: "cecf3568-f31a-433a-9fcc-88b1ae57b168"
    [35misSuperAdmin[39m: false
    [35mip[39m: "::ffff:127.0.0.1"
    [35mmethod[39m: "GET"
    [35mpath[39m: "/91fdb7c7-dd25-4ba5-b3a3-06a9df1b66aa"
    [35mheaders[39m: {
      "authorization": "[PRESENT]"
    }
[14:49:21.066] [34mDEBUG[39m (13720): [36mGet user details access denied[39m
    [35mtargetUserId[39m: "91fdb7c7-dd25-4ba5-b3a3-06a9df1b66aa"
    [35mrequestingUserId[39m: "cecf3568-f31a-433a-9fcc-88b1ae57b168"
    [35misSuperAdmin[39m: false
    [35mip[39m: "::ffff:127.0.0.1"
    [35mreason[39m: "User can only view their own details"
[14:49:21.070] [34mDEBUG[39m (13720): [36mAuthGuard: Decoded userId from token[39m
    [35muserId[39m: "91fdb7c7-dd25-4ba5-b3a3-06a9df1b66aa"
    [35mip[39m: "::ffff:127.0.0.1"
    [35mpath[39m: "/invalid-uuid"
[14:49:21.071] [34mDEBUG[39m (13720): [36mAuthGuard: User lookup result[39m
    [35muserId[39m: "91fdb7c7-dd25-4ba5-b3a3-06a9df1b66aa"
    [35muserFound[39m: true
    [35misActive[39m: true
    [35mip[39m: "::ffff:127.0.0.1"
[14:49:21.071] [34mDEBUG[39m (13720): [36mAuthentication successful[39m
    [35muserId[39m: "91fdb7c7-dd25-4ba5-b3a3-06a9df1b66aa"
    [35misSuperAdmin[39m: true
    [35mpermissionCount[39m: 1
    [35mip[39m: "::ffff:127.0.0.1"
[14:49:21.076] [34mDEBUG[39m (13720): [36mAuthGuard: Decoded userId from token[39m
    [35muserId[39m: "91fdb7c7-dd25-4ba5-b3a3-06a9df1b66aa"
    [35mip[39m: "::ffff:127.0.0.1"
    [35mpath[39m: "/00000000-0000-0000-0000-000000000000"
[14:49:21.078] [34mDEBUG[39m (13720): [36mAuthGuard: User lookup result[39m
    [35muserId[39m: "91fdb7c7-dd25-4ba5-b3a3-06a9df1b66aa"
    [35muserFound[39m: true
    [35misActive[39m: true
    [35mip[39m: "::ffff:127.0.0.1"
[14:49:21.078] [34mDEBUG[39m (13720): [36mAuthentication successful[39m
    [35muserId[39m: "91fdb7c7-dd25-4ba5-b3a3-06a9df1b66aa"
    [35misSuperAdmin[39m: true
    [35mpermissionCount[39m: 1
    [35mip[39m: "::ffff:127.0.0.1"
[14:49:21.078] [34mDEBUG[39m (13720): [36mGet user details attempt[39m
    [35mtargetUserId[39m: "00000000-0000-0000-0000-000000000000"
    [35mrequestingUserId[39m: "91fdb7c7-dd25-4ba5-b3a3-06a9df1b66aa"
    [35misSuperAdmin[39m: true
    [35mip[39m: "::ffff:127.0.0.1"
    [35mmethod[39m: "GET"
    [35mpath[39m: "/00000000-0000-0000-0000-000000000000"
    [35mheaders[39m: {
      "authorization": "[PRESENT]"
    }
[14:49:21.078] [34mDEBUG[39m (13720): [36mFetching user details from database[39m
    [35mtargetUserId[39m: "00000000-0000-0000-0000-000000000000"
    [35mip[39m: "::ffff:127.0.0.1"
[14:49:21.079] [34mDEBUG[39m (13720): [36mUser details not found[39m
    [35mtargetUserId[39m: "00000000-0000-0000-0000-000000000000"
    [35mip[39m: "::ffff:127.0.0.1"
    [35mreason[39m: "No user details record exists"
[14:49:21.082] [34mDEBUG[39m (13720): [36mAuthentication failed: No token provided[39m
    [35mip[39m: "::ffff:127.0.0.1"
    [35mpath[39m: "/cecf3568-f31a-433a-9fcc-88b1ae57b168"
    [35mmethod[39m: "GET"
[14:49:21.091] [34mDEBUG[39m (13720): [36mAuthGuard: Decoded userId from token[39m
    [35muserId[39m: "cecf3568-f31a-433a-9fcc-88b1ae57b168"
    [35mip[39m: "::ffff:127.0.0.1"
    [35mpath[39m: "/cecf3568-f31a-433a-9fcc-88b1ae57b168"
[14:49:21.093] [34mDEBUG[39m (13720): [36mAuthGuard: User lookup result[39m
    [35muserId[39m: "cecf3568-f31a-433a-9fcc-88b1ae57b168"
    [35muserFound[39m: true
    [35misActive[39m: true
    [35mip[39m: "::ffff:127.0.0.1"
[14:49:21.093] [34mDEBUG[39m (13720): [36mAuthentication successful[39m
    [35muserId[39m: "cecf3568-f31a-433a-9fcc-88b1ae57b168"
    [35misSuperAdmin[39m: false
    [35mpermissionCount[39m: 0
    [35mip[39m: "::ffff:127.0.0.1"
[14:49:21.093] [34mDEBUG[39m (13720): [36mUpdate user details attempt[39m
    [35mtargetUserId[39m: "cecf3568-f31a-433a-9fcc-88b1ae57b168"
    [35mrequestingUserId[39m: "cecf3568-f31a-433a-9fcc-88b1ae57b168"
    [35misSuperAdmin[39m: false
    [35mip[39m: "::ffff:127.0.0.1"
    [35mmethod[39m: "PUT"
    [35mpath[39m: "/cecf3568-f31a-433a-9fcc-88b1ae57b168"
    [35mupdateData[39m: {
      "firstName": "Updated",
      "lastName": "Name",
      "nickName": "UpdatedNick",
      "contactNumber": "+1-555-9999"
    }
    [35mheaders[39m: {
      "content-length": "96",
      "content-type": "application/json",
      "authorization": "[PRESENT]"
    }
[14:49:21.093] [34mDEBUG[39m (13720): [36mUpdating user details in database[39m
    [35mtargetUserId[39m: "cecf3568-f31a-433a-9fcc-88b1ae57b168"
    [35mupdateData[39m: {
      "firstName": "Updated",
      "lastName": "Name",
      "nickName": "UpdatedNick",
      "contactNumber": "+1-555-9999"
    }
    [35mip[39m: "::ffff:127.0.0.1"
[14:49:21.096] [34mDEBUG[39m (13720): [36mUser details updated successfully[39m
    [35mtargetUserId[39m: "cecf3568-f31a-433a-9fcc-88b1ae57b168"
    [35mrequestingUserId[39m: "cecf3568-f31a-433a-9fcc-88b1ae57b168"
    [35misSuperAdmin[39m: false
    [35mip[39m: "::ffff:127.0.0.1"
    [35mupdatedFields[39m: {
      "firstName": true,
      "lastName": true,
      "nickName": true,
      "contactNumber": true,
      "reportTo": false
    }
    [35mhasReportTo[39m: false
[14:49:21.101] [34mDEBUG[39m (13720): [36mAuthGuard: Decoded userId from token[39m
    [35muserId[39m: "91fdb7c7-dd25-4ba5-b3a3-06a9df1b66aa"
    [35mip[39m: "::ffff:127.0.0.1"
    [35mpath[39m: "/cecf3568-f31a-433a-9fcc-88b1ae57b168"
[14:49:21.103] [34mDEBUG[39m (13720): [36mAuthGuard: User lookup result[39m
    [35muserId[39m: "91fdb7c7-dd25-4ba5-b3a3-06a9df1b66aa"
    [35muserFound[39m: true
    [35misActive[39m: true
    [35mip[39m: "::ffff:127.0.0.1"
[14:49:21.103] [34mDEBUG[39m (13720): [36mAuthentication successful[39m
    [35muserId[39m: "91fdb7c7-dd25-4ba5-b3a3-06a9df1b66aa"
    [35misSuperAdmin[39m: true
    [35mpermissionCount[39m: 1
    [35mip[39m: "::ffff:127.0.0.1"
[14:49:21.103] [34mDEBUG[39m (13720): [36mUpdate user details attempt[39m
    [35mtargetUserId[39m: "cecf3568-f31a-433a-9fcc-88b1ae57b168"
    [35mrequestingUserId[39m: "91fdb7c7-dd25-4ba5-b3a3-06a9df1b66aa"
    [35misSuperAdmin[39m: true
    [35mip[39m: "::ffff:127.0.0.1"
    [35mmethod[39m: "PUT"
    [35mpath[39m: "/cecf3568-f31a-433a-9fcc-88b1ae57b168"
    [35mupdateData[39m: {
      "firstName": "SuperUpdated",
      "lastName": "Admin"
    }
    [35mheaders[39m: {
      "content-length": "47",
      "content-type": "application/json",
      "authorization": "[PRESENT]"
    }
[14:49:21.103] [34mDEBUG[39m (13720): [36mUpdating user details in database[39m
    [35mtargetUserId[39m: "cecf3568-f31a-433a-9fcc-88b1ae57b168"
    [35mupdateData[39m: {
      "firstName": "SuperUpdated",
      "lastName": "Admin"
    }
    [35mip[39m: "::ffff:127.0.0.1"
[14:49:21.105] [34mDEBUG[39m (13720): [36mUser details updated successfully[39m
    [35mtargetUserId[39m: "cecf3568-f31a-433a-9fcc-88b1ae57b168"
    [35mrequestingUserId[39m: "91fdb7c7-dd25-4ba5-b3a3-06a9df1b66aa"
    [35misSuperAdmin[39m: true
    [35mip[39m: "::ffff:127.0.0.1"
    [35mupdatedFields[39m: {
      "firstName": true,
      "lastName": true,
      "nickName": false,
      "contactNumber": false,
      "reportTo": false
    }
    [35mhasReportTo[39m: false
[14:49:21.110] [34mDEBUG[39m (13720): [36mAuthGuard: Decoded userId from token[39m
    [35muserId[39m: "cecf3568-f31a-433a-9fcc-88b1ae57b168"
    [35mip[39m: "::ffff:127.0.0.1"
    [35mpath[39m: "/cecf3568-f31a-433a-9fcc-88b1ae57b168"
[14:49:21.112] [34mDEBUG[39m (13720): [36mAuthGuard: User lookup result[39m
    [35muserId[39m: "cecf3568-f31a-433a-9fcc-88b1ae57b168"
    [35muserFound[39m: true
    [35misActive[39m: true
    [35mip[39m: "::ffff:127.0.0.1"
[14:49:21.112] [34mDEBUG[39m (13720): [36mAuthentication successful[39m
    [35muserId[39m: "cecf3568-f31a-433a-9fcc-88b1ae57b168"
    [35misSuperAdmin[39m: false
    [35mpermissionCount[39m: 0
    [35mip[39m: "::ffff:127.0.0.1"
[14:49:21.112] [34mDEBUG[39m (13720): [36mUpdate user details attempt[39m
    [35mtargetUserId[39m: "cecf3568-f31a-433a-9fcc-88b1ae57b168"
    [35mrequestingUserId[39m: "cecf3568-f31a-433a-9fcc-88b1ae57b168"
    [35misSuperAdmin[39m: false
    [35mip[39m: "::ffff:127.0.0.1"
    [35mmethod[39m: "PUT"
    [35mpath[39m: "/cecf3568-f31a-433a-9fcc-88b1ae57b168"
    [35mupdateData[39m: {
      "reportTo": "91fdb7c7-dd25-4ba5-b3a3-06a9df1b66aa"
    }
    [35mheaders[39m: {
      "content-length": "51",
      "content-type": "application/json",
      "authorization": "[PRESENT]"
    }
[14:49:21.112] [34mDEBUG[39m (13720): [36mValidating reportTo user[39m
    [35mtargetUserId[39m: "cecf3568-f31a-433a-9fcc-88b1ae57b168"
    [35mreportToUserId[39m: "91fdb7c7-dd25-4ba5-b3a3-06a9df1b66aa"
    [35mip[39m: "::ffff:127.0.0.1"
[14:49:21.112] [34mDEBUG[39m (13720): [36mreportTo user validation successful[39m
    [35mtargetUserId[39m: "cecf3568-f31a-433a-9fcc-88b1ae57b168"
    [35mreportToUserId[39m: "91fdb7c7-dd25-4ba5-b3a3-06a9df1b66aa"
    [35mreportToUserEmail[39m: "admin-details@example.com"
    [35mip[39m: "::ffff:127.0.0.1"
[14:49:21.112] [34mDEBUG[39m (13720): [36mUpdating user details in database[39m
    [35mtargetUserId[39m: "cecf3568-f31a-433a-9fcc-88b1ae57b168"
    [35mupdateData[39m: {
      "reportTo": "91fdb7c7-dd25-4ba5-b3a3-06a9df1b66aa"
    }
    [35mip[39m: "::ffff:127.0.0.1"
[14:49:21.114] [34mDEBUG[39m (13720): [36mUser details updated successfully[39m
    [35mtargetUserId[39m: "cecf3568-f31a-433a-9fcc-88b1ae57b168"
    [35mrequestingUserId[39m: "cecf3568-f31a-433a-9fcc-88b1ae57b168"
    [35misSuperAdmin[39m: false
    [35mip[39m: "::ffff:127.0.0.1"
    [35mupdatedFields[39m: {
      "firstName": false,
      "lastName": false,
      "nickName": false,
      "contactNumber": false,
      "reportTo": true
    }
    [35mhasReportTo[39m: true
[14:49:21.119] [34mDEBUG[39m (13720): [36mAuthGuard: Decoded userId from token[39m
    [35muserId[39m: "cecf3568-f31a-433a-9fcc-88b1ae57b168"
    [35mip[39m: "::ffff:127.0.0.1"
    [35mpath[39m: "/cecf3568-f31a-433a-9fcc-88b1ae57b168"
[14:49:21.120] [34mDEBUG[39m (13720): [36mAuthGuard: User lookup result[39m
    [35muserId[39m: "cecf3568-f31a-433a-9fcc-88b1ae57b168"
    [35muserFound[39m: true
    [35misActive[39m: true
    [35mip[39m: "::ffff:127.0.0.1"
[14:49:21.120] [34mDEBUG[39m (13720): [36mAuthentication successful[39m
    [35muserId[39m: "cecf3568-f31a-433a-9fcc-88b1ae57b168"
    [35misSuperAdmin[39m: false
    [35mpermissionCount[39m: 0
    [35mip[39m: "::ffff:127.0.0.1"
[14:49:21.125] [34mDEBUG[39m (13720): [36mAuthGuard: Decoded userId from token[39m
    [35muserId[39m: "cecf3568-f31a-433a-9fcc-88b1ae57b168"
    [35mip[39m: "::ffff:127.0.0.1"
    [35mpath[39m: "/91fdb7c7-dd25-4ba5-b3a3-06a9df1b66aa"
[14:49:21.126] [34mDEBUG[39m (13720): [36mAuthGuard: User lookup result[39m
    [35muserId[39m: "cecf3568-f31a-433a-9fcc-88b1ae57b168"
    [35muserFound[39m: true
    [35misActive[39m: true
    [35mip[39m: "::ffff:127.0.0.1"
[14:49:21.126] [34mDEBUG[39m (13720): [36mAuthentication successful[39m
    [35muserId[39m: "cecf3568-f31a-433a-9fcc-88b1ae57b168"
    [35misSuperAdmin[39m: false
    [35mpermissionCount[39m: 0
    [35mip[39m: "::ffff:127.0.0.1"
[14:49:21.126] [34mDEBUG[39m (13720): [36mUpdate user details attempt[39m
    [35mtargetUserId[39m: "91fdb7c7-dd25-4ba5-b3a3-06a9df1b66aa"
    [35mrequestingUserId[39m: "cecf3568-f31a-433a-9fcc-88b1ae57b168"
    [35misSuperAdmin[39m: false
    [35mip[39m: "::ffff:127.0.0.1"
    [35mmethod[39m: "PUT"
    [35mpath[39m: "/91fdb7c7-dd25-4ba5-b3a3-06a9df1b66aa"
    [35mupdateData[39m: {
      "firstName": "Hacked"
    }
    [35mheaders[39m: {
      "content-length": "22",
      "content-type": "application/json",
      "authorization": "[PRESENT]"
    }
[14:49:21.126] [34mDEBUG[39m (13720): [36mUpdate user details access denied[39m
    [35mtargetUserId[39m: "91fdb7c7-dd25-4ba5-b3a3-06a9df1b66aa"
    [35mrequestingUserId[39m: "cecf3568-f31a-433a-9fcc-88b1ae57b168"
    [35misSuperAdmin[39m: false
    [35mip[39m: "::ffff:127.0.0.1"
    [35mreason[39m: "User can only update their own details"
[14:49:21.130] [34mDEBUG[39m (13720): [36mAuthGuard: Decoded userId from token[39m
    [35muserId[39m: "91fdb7c7-dd25-4ba5-b3a3-06a9df1b66aa"
    [35mip[39m: "::ffff:127.0.0.1"
    [35mpath[39m: "/invalid-uuid"
[14:49:21.132] [34mDEBUG[39m (13720): [36mAuthGuard: User lookup result[39m
    [35muserId[39m: "91fdb7c7-dd25-4ba5-b3a3-06a9df1b66aa"
    [35muserFound[39m: true
    [35misActive[39m: true
    [35mip[39m: "::ffff:127.0.0.1"
[14:49:21.132] [34mDEBUG[39m (13720): [36mAuthentication successful[39m
    [35muserId[39m: "91fdb7c7-dd25-4ba5-b3a3-06a9df1b66aa"
    [35misSuperAdmin[39m: true
    [35mpermissionCount[39m: 1
    [35mip[39m: "::ffff:127.0.0.1"
[14:49:21.136] [34mDEBUG[39m (13720): [36mAuthGuard: Decoded userId from token[39m
    [35muserId[39m: "91fdb7c7-dd25-4ba5-b3a3-06a9df1b66aa"
    [35mip[39m: "::ffff:127.0.0.1"
    [35mpath[39m: "/00000000-0000-0000-0000-000000000000"
[14:49:21.137] [34mDEBUG[39m (13720): [36mAuthGuard: User lookup result[39m
    [35muserId[39m: "91fdb7c7-dd25-4ba5-b3a3-06a9df1b66aa"
    [35muserFound[39m: true
    [35misActive[39m: true
    [35mip[39m: "::ffff:127.0.0.1"
[14:49:21.137] [34mDEBUG[39m (13720): [36mAuthentication successful[39m
    [35muserId[39m: "91fdb7c7-dd25-4ba5-b3a3-06a9df1b66aa"
    [35misSuperAdmin[39m: true
    [35mpermissionCount[39m: 1
    [35mip[39m: "::ffff:127.0.0.1"
[14:49:21.137] [34mDEBUG[39m (13720): [36mUpdate user details attempt[39m
    [35mtargetUserId[39m: "00000000-0000-0000-0000-000000000000"
    [35mrequestingUserId[39m: "91fdb7c7-dd25-4ba5-b3a3-06a9df1b66aa"
    [35misSuperAdmin[39m: true
    [35mip[39m: "::ffff:127.0.0.1"
    [35mmethod[39m: "PUT"
    [35mpath[39m: "/00000000-0000-0000-0000-000000000000"
    [35mupdateData[39m: {
      "firstName": "Test"
    }
    [35mheaders[39m: {
      "content-length": "20",
      "content-type": "application/json",
      "authorization": "[PRESENT]"
    }
[14:49:21.137] [34mDEBUG[39m (13720): [36mUpdating user details in database[39m
    [35mtargetUserId[39m: "00000000-0000-0000-0000-000000000000"
    [35mupdateData[39m: {
      "firstName": "Test"
    }
    [35mip[39m: "::ffff:127.0.0.1"
[14:49:21.154] [31mERROR[39m (13720): [36mError updating user details[39m
    [35mtargetUserId[39m: "00000000-0000-0000-0000-000000000000"
    [35mrequestingUserId[39m: "91fdb7c7-dd25-4ba5-b3a3-06a9df1b66aa"
    [35misSuperAdmin[39m: true
    [35mip[39m: "::ffff:127.0.0.1"
    [35mmethod[39m: "PUT"
    [35mpath[39m: "/00000000-0000-0000-0000-000000000000"
    [35mupdateData[39m: {
      "firstName": "Test"
    }
    [35mprismaErrorCode[39m: "P2025"
    error: {
      "name": "PrismaClientKnownRequestError",
      "message": "\nInvalid `prisma.userDetails.update()` invocation in\nC:\\Users\\Raenerys\\Documents\\Windbooks\\user-authentication-api\\src\\services\\userDetails.service.ts:41:29\n\n  38     reportTo?: string;\n  39   }\n  40 ) => {\nΓåÆ 41   return prisma.userDetails.update(\nAn operation failed because it depends on one or more records that were required but not found. No record was found for an update.",
      "stack":
          PrismaClientKnownRequestError: 
          Invalid `prisma.userDetails.update()` invocation in
          C:\Users\Raenerys\Documents\Windbooks\user-authentication-api\src\services\userDetails.service.ts:41:29
          
            38     reportTo?: string;
            39   }
            40 ) => {
          ΓåÆ 41   return prisma.userDetails.update(
          An operation failed because it depends on one or more records that were required but not found. No record was found for an update.
              at ei.handleRequestError (C:\Users\Raenerys\Documents\Windbooks\user-authentication-api\node_modules\@prisma\client\src\runtime\RequestHandler.ts:228:13)
              at ei.handleAndLogRequestError (C:\Users\Raenerys\Documents\Windbooks\user-authentication-api\node_modules\@prisma\client\src\runtime\RequestHandler.ts:174:12)
              at ei.request (C:\Users\Raenerys\Documents\Windbooks\user-authentication-api\node_modules\@prisma\client\src\runtime\RequestHandler.ts:143:12)
              at async a (C:\Users\Raenerys\Documents\Windbooks\user-authentication-api\node_modules\@prisma\client\src\runtime\getPrismaClient.ts:833:24)
              at async updateUserDetailsHandler (C:\Users\Raenerys\Documents\Windbooks\user-authentication-api\src\controllers\userDetails.controller.ts:169:25)
    }
[14:49:21.154] [34mDEBUG[39m (13720): [36mUser details not found for update[39m
    [35mtargetUserId[39m: "00000000-0000-0000-0000-000000000000"
    [35mip[39m: "::ffff:127.0.0.1"
    [35mreason[39m: "Prisma P2025 error - record not found"
[14:49:21.162] [34mDEBUG[39m (13720): [36mAuthentication failed: No token provided[39m
    [35mip[39m: "::ffff:127.0.0.1"
    [35mpath[39m: "/cecf3568-f31a-433a-9fcc-88b1ae57b168"
    [35mmethod[39m: "PUT"
[14:49:21.165] [34mDEBUG[39m (13720): [36mAuthGuard: Decoded userId from token[39m
    [35muserId[39m: "cecf3568-f31a-433a-9fcc-88b1ae57b168"
    [35mip[39m: "::ffff:127.0.0.1"
    [35mpath[39m: "/cecf3568-f31a-433a-9fcc-88b1ae57b168"
[14:49:21.166] [34mDEBUG[39m (13720): [36mAuthGuard: User lookup result[39m
    [35muserId[39m: "cecf3568-f31a-433a-9fcc-88b1ae57b168"
    [35muserFound[39m: true
    [35misActive[39m: true
    [35mip[39m: "::ffff:127.0.0.1"
[14:49:21.166] [34mDEBUG[39m (13720): [36mAuthentication successful[39m
    [35muserId[39m: "cecf3568-f31a-433a-9fcc-88b1ae57b168"
    [35misSuperAdmin[39m: false
    [35mpermissionCount[39m: 0
    [35mip[39m: "::ffff:127.0.0.1"
[14:49:21.166] [34mDEBUG[39m (13720): [36mUpdate user details attempt[39m
    [35mtargetUserId[39m: "cecf3568-f31a-433a-9fcc-88b1ae57b168"
    [35mrequestingUserId[39m: "cecf3568-f31a-433a-9fcc-88b1ae57b168"
    [35misSuperAdmin[39m: false
    [35mip[39m: "::ffff:127.0.0.1"
    [35mmethod[39m: "PUT"
    [35mpath[39m: "/cecf3568-f31a-433a-9fcc-88b1ae57b168"
    [35mupdateData[39m: {
      "firstName": "Test",
      "lastName": "User",
      "nickName": "Tester",
      "contactNumber": "+1-555-0101"
    }
    [35mheaders[39m: {
      "content-length": "88",
      "content-type": "application/json",
      "authorization": "[PRESENT]"
    }
[14:49:21.166] [34mDEBUG[39m (13720): [36mUpdating user details in database[39m
    [35mtargetUserId[39m: "cecf3568-f31a-433a-9fcc-88b1ae57b168"
    [35mupdateData[39m: {
      "firstName": "Test",
      "lastName": "User",
      "nickName": "Tester",
      "contactNumber": "+1-555-0101"
    }
    [35mip[39m: "::ffff:127.0.0.1"
[14:49:21.169] [34mDEBUG[39m (13720): [36mUser details updated successfully[39m
    [35mtargetUserId[39m: "cecf3568-f31a-433a-9fcc-88b1ae57b168"
    [35mrequestingUserId[39m: "cecf3568-f31a-433a-9fcc-88b1ae57b168"
    [35misSuperAdmin[39m: false
    [35mip[39m: "::ffff:127.0.0.1"
    [35mupdatedFields[39m: {
      "firstName": true,
      "lastName": true,
      "nickName": true,
      "contactNumber": true,
      "reportTo": false
    }
    [35mhasReportTo[39m: true
[14:49:21.173] [34mDEBUG[39m (13720): [36mAuthGuard: Decoded userId from token[39m
    [35muserId[39m: "cecf3568-f31a-433a-9fcc-88b1ae57b168"
    [35mip[39m: "::ffff:127.0.0.1"
    [35mpath[39m: "/cecf3568-f31a-433a-9fcc-88b1ae57b168"
[14:49:21.175] [34mDEBUG[39m (13720): [36mAuthGuard: User lookup result[39m
    [35muserId[39m: "cecf3568-f31a-433a-9fcc-88b1ae57b168"
    [35muserFound[39m: true
    [35misActive[39m: true
    [35mip[39m: "::ffff:127.0.0.1"
[14:49:21.175] [34mDEBUG[39m (13720): [36mAuthentication successful[39m
    [35muserId[39m: "cecf3568-f31a-433a-9fcc-88b1ae57b168"
    [35misSuperAdmin[39m: false
    [35mpermissionCount[39m: 0
    [35mip[39m: "::ffff:127.0.0.1"
[14:49:21.175] [34mDEBUG[39m (13720): [36mUpdate user details attempt[39m
    [35mtargetUserId[39m: "cecf3568-f31a-433a-9fcc-88b1ae57b168"
    [35mrequestingUserId[39m: "cecf3568-f31a-433a-9fcc-88b1ae57b168"
    [35misSuperAdmin[39m: false
    [35mip[39m: "::ffff:127.0.0.1"
    [35mmethod[39m: "PUT"
    [35mpath[39m: "/cecf3568-f31a-433a-9fcc-88b1ae57b168"
    [35mupdateData[39m: {
      "nickName": "PartialUpdate"
    }
    [35mheaders[39m: {
      "content-length": "28",
      "content-type": "application/json",
      "authorization": "[PRESENT]"
    }
[14:49:21.175] [34mDEBUG[39m (13720): [36mUpdating user details in database[39m
    [35mtargetUserId[39m: "cecf3568-f31a-433a-9fcc-88b1ae57b168"
    [35mupdateData[39m: {
      "nickName": "PartialUpdate"
    }
    [35mip[39m: "::ffff:127.0.0.1"
[14:49:21.177] [34mDEBUG[39m (13720): [36mUser details updated successfully[39m
    [35mtargetUserId[39m: "cecf3568-f31a-433a-9fcc-88b1ae57b168"
    [35mrequestingUserId[39m: "cecf3568-f31a-433a-9fcc-88b1ae57b168"
    [35misSuperAdmin[39m: false
    [35mip[39m: "::ffff:127.0.0.1"
    [35mupdatedFields[39m: {
      "firstName": false,
      "lastName": false,
      "nickName": true,
      "contactNumber": false,
      "reportTo": false
    }
    [35mhasReportTo[39m: true
[14:49:21.180] [34mDEBUG[39m (13720): [36mAuthGuard: Decoded userId from token[39m
    [35muserId[39m: "cecf3568-f31a-433a-9fcc-88b1ae57b168"
    [35mip[39m: "::ffff:127.0.0.1"
    [35mpath[39m: "/cecf3568-f31a-433a-9fcc-88b1ae57b168"
[14:49:21.182] [34mDEBUG[39m (13720): [36mAuthGuard: User lookup result[39m
    [35muserId[39m: "cecf3568-f31a-433a-9fcc-88b1ae57b168"
    [35muserFound[39m: true
    [35misActive[39m: true
    [35mip[39m: "::ffff:127.0.0.1"
[14:49:21.182] [34mDEBUG[39m (13720): [36mAuthentication successful[39m
    [35muserId[39m: "cecf3568-f31a-433a-9fcc-88b1ae57b168"
    [35misSuperAdmin[39m: false
    [35mpermissionCount[39m: 0
    [35mip[39m: "::ffff:127.0.0.1"
[14:49:21.182] [34mDEBUG[39m (13720): [36mDelete user details attempt[39m
    [35mtargetUserId[39m: "cecf3568-f31a-433a-9fcc-88b1ae57b168"
    [35mrequestingUserId[39m: "cecf3568-f31a-433a-9fcc-88b1ae57b168"
    [35misSuperAdmin[39m: false
    [35mip[39m: "::ffff:127.0.0.1"
    [35mmethod[39m: "DELETE"
    [35mpath[39m: "/cecf3568-f31a-433a-9fcc-88b1ae57b168"
    [35mheaders[39m: {
      "authorization": "[PRESENT]"
    }
[14:49:21.182] [34mDEBUG[39m (13720): [36mDelete user details access denied[39m
    [35mtargetUserId[39m: "cecf3568-f31a-433a-9fcc-88b1ae57b168"
    [35mrequestingUserId[39m: "cecf3568-f31a-433a-9fcc-88b1ae57b168"
    [35misSuperAdmin[39m: false
    [35mip[39m: "::ffff:127.0.0.1"
    [35mreason[39m: "Only superadmin can delete user details"
[14:49:21.186] [34mDEBUG[39m (13720): [36mAuthGuard: Decoded userId from token[39m
    [35muserId[39m: "91fdb7c7-dd25-4ba5-b3a3-06a9df1b66aa"
    [35mip[39m: "::ffff:127.0.0.1"
    [35mpath[39m: "/cecf3568-f31a-433a-9fcc-88b1ae57b168"
[14:49:21.188] [34mDEBUG[39m (13720): [36mAuthGuard: User lookup result[39m
    [35muserId[39m: "91fdb7c7-dd25-4ba5-b3a3-06a9df1b66aa"
    [35muserFound[39m: true
    [35misActive[39m: true
    [35mip[39m: "::ffff:127.0.0.1"
[14:49:21.188] [34mDEBUG[39m (13720): [36mAuthentication successful[39m
    [35muserId[39m: "91fdb7c7-dd25-4ba5-b3a3-06a9df1b66aa"
    [35misSuperAdmin[39m: true
    [35mpermissionCount[39m: 1
    [35mip[39m: "::ffff:127.0.0.1"
[14:49:21.188] [34mDEBUG[39m (13720): [36mDelete user details attempt[39m
    [35mtargetUserId[39m: "cecf3568-f31a-433a-9fcc-88b1ae57b168"
    [35mrequestingUserId[39m: "91fdb7c7-dd25-4ba5-b3a3-06a9df1b66aa"
    [35misSuperAdmin[39m: true
    [35mip[39m: "::ffff:127.0.0.1"
    [35mmethod[39m: "DELETE"
    [35mpath[39m: "/cecf3568-f31a-433a-9fcc-88b1ae57b168"
    [35mheaders[39m: {
      "authorization": "[PRESENT]"
    }
[14:49:21.188] [34mDEBUG[39m (13720): [36mDeleting user details from database[39m
    [35mtargetUserId[39m: "cecf3568-f31a-433a-9fcc-88b1ae57b168"
    [35mip[39m: "::ffff:127.0.0.1"
[14:49:21.189] [34mDEBUG[39m (13720): [36mUser details deleted successfully[39m
    [35mtargetUserId[39m: "cecf3568-f31a-433a-9fcc-88b1ae57b168"
    [35mrequestingUserId[39m: "91fdb7c7-dd25-4ba5-b3a3-06a9df1b66aa"
    [35misSuperAdmin[39m: true
    [35mip[39m: "::ffff:127.0.0.1"
[14:49:21.193] [34mDEBUG[39m (13720): [36mAuthGuard: Decoded userId from token[39m
    [35muserId[39m: "91fdb7c7-dd25-4ba5-b3a3-06a9df1b66aa"
    [35mip[39m: "::ffff:127.0.0.1"
    [35mpath[39m: "/cecf3568-f31a-433a-9fcc-88b1ae57b168"
[14:49:21.194] [34mDEBUG[39m (13720): [36mAuthGuard: User lookup result[39m
    [35muserId[39m: "91fdb7c7-dd25-4ba5-b3a3-06a9df1b66aa"
    [35muserFound[39m: true
    [35misActive[39m: true
    [35mip[39m: "::ffff:127.0.0.1"
[14:49:21.194] [34mDEBUG[39m (13720): [36mAuthentication successful[39m
    [35muserId[39m: "91fdb7c7-dd25-4ba5-b3a3-06a9df1b66aa"
    [35misSuperAdmin[39m: true
    [35mpermissionCount[39m: 1
    [35mip[39m: "::ffff:127.0.0.1"
[14:49:21.194] [34mDEBUG[39m (13720): [36mGet user details attempt[39m
    [35mtargetUserId[39m: "cecf3568-f31a-433a-9fcc-88b1ae57b168"
    [35mrequestingUserId[39m: "91fdb7c7-dd25-4ba5-b3a3-06a9df1b66aa"
    [35misSuperAdmin[39m: true
    [35mip[39m: "::ffff:127.0.0.1"
    [35mmethod[39m: "GET"
    [35mpath[39m: "/cecf3568-f31a-433a-9fcc-88b1ae57b168"
    [35mheaders[39m: {
      "authorization": "[PRESENT]"
    }
[14:49:21.194] [34mDEBUG[39m (13720): [36mFetching user details from database[39m
    [35mtargetUserId[39m: "cecf3568-f31a-433a-9fcc-88b1ae57b168"
    [35mip[39m: "::ffff:127.0.0.1"
[14:49:21.195] [34mDEBUG[39m (13720): [36mUser details not found[39m
    [35mtargetUserId[39m: "cecf3568-f31a-433a-9fcc-88b1ae57b168"
    [35mip[39m: "::ffff:127.0.0.1"
    [35mreason[39m: "No user details record exists"
[14:49:21.198] [34mDEBUG[39m (13720): [36mAuthGuard: Decoded userId from token[39m
    [35muserId[39m: "91fdb7c7-dd25-4ba5-b3a3-06a9df1b66aa"
    [35mip[39m: "::ffff:127.0.0.1"
    [35mpath[39m: "/invalid-uuid"
[14:49:21.199] [34mDEBUG[39m (13720): [36mAuthGuard: User lookup result[39m
    [35muserId[39m: "91fdb7c7-dd25-4ba5-b3a3-06a9df1b66aa"
    [35muserFound[39m: true
    [35misActive[39m: true
    [35mip[39m: "::ffff:127.0.0.1"
[14:49:21.199] [34mDEBUG[39m (13720): [36mAuthentication successful[39m
    [35muserId[39m: "91fdb7c7-dd25-4ba5-b3a3-06a9df1b66aa"
    [35misSuperAdmin[39m: true
    [35mpermissionCount[39m: 1
    [35mip[39m: "::ffff:127.0.0.1"
[14:49:21.204] [34mDEBUG[39m (13720): [36mAuthGuard: Decoded userId from token[39m
    [35muserId[39m: "91fdb7c7-dd25-4ba5-b3a3-06a9df1b66aa"
    [35mip[39m: "::ffff:127.0.0.1"
    [35mpath[39m: "/00000000-0000-0000-0000-000000000000"
[14:49:21.206] [34mDEBUG[39m (13720): [36mAuthGuard: User lookup result[39m
    [35muserId[39m: "91fdb7c7-dd25-4ba5-b3a3-06a9df1b66aa"
    [35muserFound[39m: true
    [35misActive[39m: true
    [35mip[39m: "::ffff:127.0.0.1"
[14:49:21.206] [34mDEBUG[39m (13720): [36mAuthentication successful[39m
    [35muserId[39m: "91fdb7c7-dd25-4ba5-b3a3-06a9df1b66aa"
    [35misSuperAdmin[39m: true
    [35mpermissionCount[39m: 1
    [35mip[39m: "::ffff:127.0.0.1"
[14:49:21.206] [34mDEBUG[39m (13720): [36mDelete user details attempt[39m
    [35mtargetUserId[39m: "00000000-0000-0000-0000-000000000000"
    [35mrequestingUserId[39m: "91fdb7c7-dd25-4ba5-b3a3-06a9df1b66aa"
    [35misSuperAdmin[39m: true
    [35mip[39m: "::ffff:127.0.0.1"
    [35mmethod[39m: "DELETE"
    [35mpath[39m: "/00000000-0000-0000-0000-000000000000"
    [35mheaders[39m: {
      "authorization": "[PRESENT]"
    }
[14:49:21.206] [34mDEBUG[39m (13720): [36mDeleting user details from database[39m
    [35mtargetUserId[39m: "00000000-0000-0000-0000-000000000000"
    [35mip[39m: "::ffff:127.0.0.1"
[14:49:21.208] [31mERROR[39m (13720): [36mError deleting user details[39m
    [35mtargetUserId[39m: "00000000-0000-0000-0000-000000000000"
    [35mrequestingUserId[39m: "91fdb7c7-dd25-4ba5-b3a3-06a9df1b66aa"
    [35misSuperAdmin[39m: true
    [35mip[39m: "::ffff:127.0.0.1"
    [35mmethod[39m: "DELETE"
    [35mpath[39m: "/00000000-0000-0000-0000-000000000000"
    [35mprismaErrorCode[39m: "P2025"
    error: {
      "name": "PrismaClientKnownRequestError",
      "message": "\nInvalid `prisma.userDetails.delete()` invocation in\nC:\\Users\\Raenerys\\Documents\\Windbooks\\user-authentication-api\\src\\services\\userDetails.service.ts:76:35\n\n  73 };\n  74 \n  75 export const deleteUserDetails = async (userId: string) => {\nΓåÆ 76   return prisma.userDetails.delete(\nAn operation failed because it depends on one or more records that were required but not found. No record was found for a delete.",
      "stack":
          PrismaClientKnownRequestError: 
          Invalid `prisma.userDetails.delete()` invocation in
          C:\Users\Raenerys\Documents\Windbooks\user-authentication-api\src\services\userDetails.service.ts:76:35
          
            73 };
            74 
            75 export const deleteUserDetails = async (userId: string) => {
          ΓåÆ 76   return prisma.userDetails.delete(
          An operation failed because it depends on one or more records that were required but not found. No record was found for a delete.
              at ei.handleRequestError (C:\Users\Raenerys\Documents\Windbooks\user-authentication-api\node_modules\@prisma\client\src\runtime\RequestHandler.ts:228:13)
              at ei.handleAndLogRequestError (C:\Users\Raenerys\Documents\Windbooks\user-authentication-api\node_modules\@prisma\client\src\runtime\RequestHandler.ts:174:12)
              at ei.request (C:\Users\Raenerys\Documents\Windbooks\user-authentication-api\node_modules\@prisma\client\src\runtime\RequestHandler.ts:143:12)
              at async a (C:\Users\Raenerys\Documents\Windbooks\user-authentication-api\node_modules\@prisma\client\src\runtime\getPrismaClient.ts:833:24)
              at async deleteUserDetailsHandler (C:\Users\Raenerys\Documents\Windbooks\user-authentication-api\src\controllers\userDetails.controller.ts:259:5)
    }
[14:49:21.208] [34mDEBUG[39m (13720): [36mUser details not found for deletion[39m
    [35mtargetUserId[39m: "00000000-0000-0000-0000-000000000000"
    [35mip[39m: "::ffff:127.0.0.1"
    [35mreason[39m: "Prisma P2025 error - record not found"
[14:49:21.211] [34mDEBUG[39m (13720): [36mAuthentication failed: No token provided[39m
    [35mip[39m: "::ffff:127.0.0.1"
    [35mpath[39m: "/cecf3568-f31a-433a-9fcc-88b1ae57b168"
    [35mmethod[39m: "DELETE"
[14:49:21.214] [34mDEBUG[39m (13720): [36mAuthGuard: Decoded userId from token[39m
    [35muserId[39m: "3cd811ad-65a2-4efc-b9dd-0a21d131d4f6"
    [35mip[39m: "::ffff:127.0.0.1"
    [35mpath[39m: "/3cd811ad-65a2-4efc-b9dd-0a21d131d4f6/subordinates"
[14:49:21.215] [34mDEBUG[39m (13720): [36mAuthGuard: User lookup result[39m
    [35muserId[39m: "3cd811ad-65a2-4efc-b9dd-0a21d131d4f6"
    [35muserFound[39m: true
    [35misActive[39m: true
    [35mip[39m: "::ffff:127.0.0.1"
[14:49:21.215] [34mDEBUG[39m (13720): [36mAuthentication successful[39m
    [35muserId[39m: "3cd811ad-65a2-4efc-b9dd-0a21d131d4f6"
    [35misSuperAdmin[39m: false
    [35mpermissionCount[39m: 0
    [35mip[39m: "::ffff:127.0.0.1"
[14:49:21.216] [34mDEBUG[39m (13720): [36mGet user subordinates attempt[39m
    [35mtargetUserId[39m: "3cd811ad-65a2-4efc-b9dd-0a21d131d4f6"
    [35mrequestingUserId[39m: "3cd811ad-65a2-4efc-b9dd-0a21d131d4f6"
    [35misSuperAdmin[39m: false
    [35mip[39m: "::ffff:127.0.0.1"
    [35mmethod[39m: "GET"
    [35mpath[39m: "/3cd811ad-65a2-4efc-b9dd-0a21d131d4f6/subordinates"
    [35mheaders[39m: {
      "authorization": "[PRESENT]"
    }
[14:49:21.216] [34mDEBUG[39m (13720): [36mFetching user subordinates from database[39m
    [35mtargetUserId[39m: "3cd811ad-65a2-4efc-b9dd-0a21d131d4f6"
    [35mip[39m: "::ffff:127.0.0.1"
[14:49:21.218] [34mDEBUG[39m (13720): [36mUser subordinates retrieved successfully[39m
    [35mtargetUserId[39m: "3cd811ad-65a2-4efc-b9dd-0a21d131d4f6"
    [35mrequestingUserId[39m: "3cd811ad-65a2-4efc-b9dd-0a21d131d4f6"
    [35misSuperAdmin[39m: false
    [35mip[39m: "::ffff:127.0.0.1"
    [35msubordinatesCount[39m: 1
[14:49:21.223] [34mDEBUG[39m (13720): [36mAuthGuard: Decoded userId from token[39m
    [35muserId[39m: "91fdb7c7-dd25-4ba5-b3a3-06a9df1b66aa"
    [35mip[39m: "::ffff:127.0.0.1"
    [35mpath[39m: "/3cd811ad-65a2-4efc-b9dd-0a21d131d4f6/subordinates"
[14:49:21.224] [34mDEBUG[39m (13720): [36mAuthGuard: User lookup result[39m
    [35muserId[39m: "91fdb7c7-dd25-4ba5-b3a3-06a9df1b66aa"
    [35muserFound[39m: true
    [35misActive[39m: true
    [35mip[39m: "::ffff:127.0.0.1"
[14:49:21.224] [34mDEBUG[39m (13720): [36mAuthentication successful[39m
    [35muserId[39m: "91fdb7c7-dd25-4ba5-b3a3-06a9df1b66aa"
    [35misSuperAdmin[39m: true
    [35mpermissionCount[39m: 1
    [35mip[39m: "::ffff:127.0.0.1"
[14:49:21.225] [34mDEBUG[39m (13720): [36mGet user subordinates attempt[39m
    [35mtargetUserId[39m: "3cd811ad-65a2-4efc-b9dd-0a21d131d4f6"
    [35mrequestingUserId[39m: "91fdb7c7-dd25-4ba5-b3a3-06a9df1b66aa"
    [35misSuperAdmin[39m: true
    [35mip[39m: "::ffff:127.0.0.1"
    [35mmethod[39m: "GET"
    [35mpath[39m: "/3cd811ad-65a2-4efc-b9dd-0a21d131d4f6/subordinates"
    [35mheaders[39m: {
      "authorization": "[PRESENT]"
    }
[14:49:21.225] [34mDEBUG[39m (13720): [36mFetching user subordinates from database[39m
    [35mtargetUserId[39m: "3cd811ad-65a2-4efc-b9dd-0a21d131d4f6"
    [35mip[39m: "::ffff:127.0.0.1"
[14:49:21.225] [34mDEBUG[39m (13720): [36mUser subordinates retrieved successfully[39m
    [35mtargetUserId[39m: "3cd811ad-65a2-4efc-b9dd-0a21d131d4f6"
    [35mrequestingUserId[39m: "91fdb7c7-dd25-4ba5-b3a3-06a9df1b66aa"
    [35misSuperAdmin[39m: true
    [35mip[39m: "::ffff:127.0.0.1"
    [35msubordinatesCount[39m: 1
[14:49:21.230] [34mDEBUG[39m (13720): [36mAuthGuard: Decoded userId from token[39m
    [35muserId[39m: "71a13dee-78b3-4bc9-905b-ea724df0bcff"
    [35mip[39m: "::ffff:127.0.0.1"
    [35mpath[39m: "/71a13dee-78b3-4bc9-905b-ea724df0bcff/subordinates"
[14:49:21.231] [34mDEBUG[39m (13720): [36mAuthGuard: User lookup result[39m
    [35muserId[39m: "71a13dee-78b3-4bc9-905b-ea724df0bcff"
    [35muserFound[39m: true
    [35misActive[39m: true
    [35mip[39m: "::ffff:127.0.0.1"
[14:49:21.231] [34mDEBUG[39m (13720): [36mAuthentication successful[39m
    [35muserId[39m: "71a13dee-78b3-4bc9-905b-ea724df0bcff"
    [35misSuperAdmin[39m: false
    [35mpermissionCount[39m: 0
    [35mip[39m: "::ffff:127.0.0.1"
[14:49:21.231] [34mDEBUG[39m (13720): [36mGet user subordinates attempt[39m
    [35mtargetUserId[39m: "71a13dee-78b3-4bc9-905b-ea724df0bcff"
    [35mrequestingUserId[39m: "71a13dee-78b3-4bc9-905b-ea724df0bcff"
    [35misSuperAdmin[39m: false
    [35mip[39m: "::ffff:127.0.0.1"
    [35mmethod[39m: "GET"
    [35mpath[39m: "/71a13dee-78b3-4bc9-905b-ea724df0bcff/subordinates"
    [35mheaders[39m: {
      "authorization": "[PRESENT]"
    }
[14:49:21.231] [34mDEBUG[39m (13720): [36mFetching user subordinates from database[39m
    [35mtargetUserId[39m: "71a13dee-78b3-4bc9-905b-ea724df0bcff"
    [35mip[39m: "::ffff:127.0.0.1"
[14:49:21.232] [34mDEBUG[39m (13720): [36mUser subordinates retrieved successfully[39m
    [35mtargetUserId[39m: "71a13dee-78b3-4bc9-905b-ea724df0bcff"
    [35mrequestingUserId[39m: "71a13dee-78b3-4bc9-905b-ea724df0bcff"
    [35misSuperAdmin[39m: false
    [35mip[39m: "::ffff:127.0.0.1"
    [35msubordinatesCount[39m: 0
[14:49:21.237] [34mDEBUG[39m (13720): [36mAuthGuard: Decoded userId from token[39m
    [35muserId[39m: "cecf3568-f31a-433a-9fcc-88b1ae57b168"
    [35mip[39m: "::ffff:127.0.0.1"
    [35mpath[39m: "/3cd811ad-65a2-4efc-b9dd-0a21d131d4f6/subordinates"
[14:49:21.238] [34mDEBUG[39m (13720): [36mAuthGuard: User lookup result[39m
    [35muserId[39m: "cecf3568-f31a-433a-9fcc-88b1ae57b168"
    [35muserFound[39m: true
    [35misActive[39m: true
    [35mip[39m: "::ffff:127.0.0.1"
[14:49:21.238] [34mDEBUG[39m (13720): [36mAuthentication successful[39m
    [35muserId[39m: "cecf3568-f31a-433a-9fcc-88b1ae57b168"
    [35misSuperAdmin[39m: false
    [35mpermissionCount[39m: 0
    [35mip[39m: "::ffff:127.0.0.1"
[14:49:21.238] [34mDEBUG[39m (13720): [36mGet user subordinates attempt[39m
    [35mtargetUserId[39m: "3cd811ad-65a2-4efc-b9dd-0a21d131d4f6"
    [35mrequestingUserId[39m: "cecf3568-f31a-433a-9fcc-88b1ae57b168"
    [35misSuperAdmin[39m: false
    [35mip[39m: "::ffff:127.0.0.1"
    [35mmethod[39m: "GET"
    [35mpath[39m: "/3cd811ad-65a2-4efc-b9dd-0a21d131d4f6/subordinates"
    [35mheaders[39m: {
      "authorization": "[PRESENT]"
    }
[14:49:21.238] [34mDEBUG[39m (13720): [36mGet user subordinates access denied[39m
    [35mtargetUserId[39m: "3cd811ad-65a2-4efc-b9dd-0a21d131d4f6"
    [35mrequestingUserId[39m: "cecf3568-f31a-433a-9fcc-88b1ae57b168"
    [35misSuperAdmin[39m: false
    [35mip[39m: "::ffff:127.0.0.1"
    [35mreason[39m: "User can only view their own subordinates"
[14:49:21.246] [34mDEBUG[39m (13720): [36mAuthGuard: Decoded userId from token[39m
    [35muserId[39m: "91fdb7c7-dd25-4ba5-b3a3-06a9df1b66aa"
    [35mip[39m: "::ffff:127.0.0.1"
    [35mpath[39m: "/invalid-uuid/subordinates"
[14:49:21.248] [34mDEBUG[39m (13720): [36mAuthGuard: User lookup result[39m
    [35muserId[39m: "91fdb7c7-dd25-4ba5-b3a3-06a9df1b66aa"
    [35muserFound[39m: true
    [35misActive[39m: true
    [35mip[39m: "::ffff:127.0.0.1"
[14:49:21.248] [34mDEBUG[39m (13720): [36mAuthentication successful[39m
    [35muserId[39m: "91fdb7c7-dd25-4ba5-b3a3-06a9df1b66aa"
    [35misSuperAdmin[39m: true
    [35mpermissionCount[39m: 1
    [35mip[39m: "::ffff:127.0.0.1"
[14:49:21.252] [34mDEBUG[39m (13720): [36mAuthentication failed: No token provided[39m
    [35mip[39m: "::ffff:127.0.0.1"
    [35mpath[39m: "/3cd811ad-65a2-4efc-b9dd-0a21d131d4f6/subordinates"
    [35mmethod[39m: "GET"
[14:49:21.314] [34mDEBUG[39m (13720): [36mAuthGuard: Decoded userId from token[39m
    [35muserId[39m: "683b9653-4b1f-48f3-9b1e-b8c271bf5a1f"
    [35mip[39m: "::ffff:127.0.0.1"
    [35mpath[39m: "/683b9653-4b1f-48f3-9b1e-b8c271bf5a1f"
[14:49:21.315] [34mDEBUG[39m (13720): [36mAuthGuard: User lookup result[39m
    [35muserId[39m: "683b9653-4b1f-48f3-9b1e-b8c271bf5a1f"
    [35muserFound[39m: true
    [35misActive[39m: true
    [35mip[39m: "::ffff:127.0.0.1"
[14:49:21.315] [34mDEBUG[39m (13720): [36mAuthentication successful[39m
    [35muserId[39m: "683b9653-4b1f-48f3-9b1e-b8c271bf5a1f"
    [35misSuperAdmin[39m: false
    [35mpermissionCount[39m: 0
    [35mip[39m: "::ffff:127.0.0.1"
[14:49:21.315] [34mDEBUG[39m (13720): [36mGet user details attempt[39m
    [35mtargetUserId[39m: "683b9653-4b1f-48f3-9b1e-b8c271bf5a1f"
    [35mrequestingUserId[39m: "683b9653-4b1f-48f3-9b1e-b8c271bf5a1f"
    [35misSuperAdmin[39m: false
    [35mip[39m: "::ffff:127.0.0.1"
    [35mmethod[39m: "GET"
    [35mpath[39m: "/683b9653-4b1f-48f3-9b1e-b8c271bf5a1f"
    [35mheaders[39m: {
      "authorization": "[PRESENT]"
    }
[14:49:21.315] [34mDEBUG[39m (13720): [36mFetching user details from database[39m
    [35mtargetUserId[39m: "683b9653-4b1f-48f3-9b1e-b8c271bf5a1f"
    [35mip[39m: "::ffff:127.0.0.1"
[14:49:21.316] [34mDEBUG[39m (13720): [36mUser details retrieved successfully[39m
    [35mtargetUserId[39m: "683b9653-4b1f-48f3-9b1e-b8c271bf5a1f"
    [35mrequestingUserId[39m: "683b9653-4b1f-48f3-9b1e-b8c271bf5a1f"
    [35misSuperAdmin[39m: false
    [35mip[39m: "::ffff:127.0.0.1"
    [35mhasDetails[39m: true
    [35mhasReportTo[39m: false
[14:49:21.319] [34mDEBUG[39m (13720): [36mAuthGuard: Decoded userId from token[39m
    [35muserId[39m: "683b9653-4b1f-48f3-9b1e-b8c271bf5a1f"
    [35mip[39m: "::ffff:127.0.0.1"
    [35mpath[39m: "/683b9653-4b1f-48f3-9b1e-b8c271bf5a1f"
[14:49:21.320] [34mDEBUG[39m (13720): [36mAuthGuard: User lookup result[39m
    [35muserId[39m: "683b9653-4b1f-48f3-9b1e-b8c271bf5a1f"
    [35muserFound[39m: true
    [35misActive[39m: true
    [35mip[39m: "::ffff:127.0.0.1"
[14:49:21.321] [34mDEBUG[39m (13720): [36mAuthentication successful[39m
    [35muserId[39m: "683b9653-4b1f-48f3-9b1e-b8c271bf5a1f"
    [35misSuperAdmin[39m: false
    [35mpermissionCount[39m: 0
    [35mip[39m: "::ffff:127.0.0.1"
[14:49:21.321] [34mDEBUG[39m (13720): [36mUpdate user details attempt[39m
    [35mtargetUserId[39m: "683b9653-4b1f-48f3-9b1e-b8c271bf5a1f"
    [35mrequestingUserId[39m: "683b9653-4b1f-48f3-9b1e-b8c271bf5a1f"
    [35misSuperAdmin[39m: false
    [35mip[39m: "::ffff:127.0.0.1"
    [35mmethod[39m: "PUT"
    [35mpath[39m: "/683b9653-4b1f-48f3-9b1e-b8c271bf5a1f"
    [35mupdateData[39m: {
      "firstName": "UpdatedIntegration",
      "nickName": "UpdatedIT",
      "reportTo": "91fdb7c7-dd25-4ba5-b3a3-06a9df1b66aa"
    }
    [35mheaders[39m: {
      "content-length": "107",
      "content-type": "application/json",
      "authorization": "[PRESENT]"
    }
[14:49:21.321] [34mDEBUG[39m (13720): [36mValidating reportTo user[39m
    [35mtargetUserId[39m: "683b9653-4b1f-48f3-9b1e-b8c271bf5a1f"
    [35mreportToUserId[39m: "91fdb7c7-dd25-4ba5-b3a3-06a9df1b66aa"
    [35mip[39m: "::ffff:127.0.0.1"
[14:49:21.321] [34mDEBUG[39m (13720): [36mreportTo user validation successful[39m
    [35mtargetUserId[39m: "683b9653-4b1f-48f3-9b1e-b8c271bf5a1f"
    [35mreportToUserId[39m: "91fdb7c7-dd25-4ba5-b3a3-06a9df1b66aa"
    [35mreportToUserEmail[39m: "admin-details@example.com"
    [35mip[39m: "::ffff:127.0.0.1"
[14:49:21.321] [34mDEBUG[39m (13720): [36mUpdating user details in database[39m
    [35mtargetUserId[39m: "683b9653-4b1f-48f3-9b1e-b8c271bf5a1f"
    [35mupdateData[39m: {
      "firstName": "UpdatedIntegration",
      "nickName": "UpdatedIT",
      "reportTo": "91fdb7c7-dd25-4ba5-b3a3-06a9df1b66aa"
    }
    [35mip[39m: "::ffff:127.0.0.1"
[14:49:21.323] [34mDEBUG[39m (13720): [36mUser details updated successfully[39m
    [35mtargetUserId[39m: "683b9653-4b1f-48f3-9b1e-b8c271bf5a1f"
    [35mrequestingUserId[39m: "683b9653-4b1f-48f3-9b1e-b8c271bf5a1f"
    [35misSuperAdmin[39m: false
    [35mip[39m: "::ffff:127.0.0.1"
    [35mupdatedFields[39m: {
      "firstName": true,
      "lastName": false,
      "nickName": true,
      "contactNumber": false,
      "reportTo": true
    }
    [35mhasReportTo[39m: true
[14:49:21.327] [34mDEBUG[39m (13720): [36mAuthGuard: Decoded userId from token[39m
    [35muserId[39m: "91fdb7c7-dd25-4ba5-b3a3-06a9df1b66aa"
    [35mip[39m: "::ffff:127.0.0.1"
    [35mpath[39m: "/"
[14:49:21.328] [34mDEBUG[39m (13720): [36mAuthGuard: User lookup result[39m
    [35muserId[39m: "91fdb7c7-dd25-4ba5-b3a3-06a9df1b66aa"
    [35muserFound[39m: true
    [35misActive[39m: true
    [35mip[39m: "::ffff:127.0.0.1"
[14:49:21.328] [34mDEBUG[39m (13720): [36mAuthentication successful[39m
    [35muserId[39m: "91fdb7c7-dd25-4ba5-b3a3-06a9df1b66aa"
    [35misSuperAdmin[39m: true
    [35mpermissionCount[39m: 1
    [35mip[39m: "::ffff:127.0.0.1"
[14:49:21.328] [34mDEBUG[39m (13720): [36mGet all user details attempt[39m
    [35mrequestingUserId[39m: "91fdb7c7-dd25-4ba5-b3a3-06a9df1b66aa"
    [35misSuperAdmin[39m: true
    [35mip[39m: "::ffff:127.0.0.1"
    [35mmethod[39m: "GET"
    [35mpath[39m: "/"
    [35mheaders[39m: {
      "authorization": "[PRESENT]"
    }
[14:49:21.328] [34mDEBUG[39m (13720): [36mFetching all user details from database[39m
    [35mrequestingUserId[39m: "91fdb7c7-dd25-4ba5-b3a3-06a9df1b66aa"
    [35mip[39m: "::ffff:127.0.0.1"
[14:49:21.329] [34mDEBUG[39m (13720): [36mAll user details retrieved successfully[39m
    [35mrequestingUserId[39m: "91fdb7c7-dd25-4ba5-b3a3-06a9df1b66aa"
    [35misSuperAdmin[39m: true
    [35mip[39m: "::ffff:127.0.0.1"
    [35mtotalUsers[39m: 4
[14:49:21.333] [34mDEBUG[39m (13720): [36mAuthGuard: Decoded userId from token[39m
    [35muserId[39m: "91fdb7c7-dd25-4ba5-b3a3-06a9df1b66aa"
    [35mip[39m: "::ffff:127.0.0.1"
    [35mpath[39m: "/91fdb7c7-dd25-4ba5-b3a3-06a9df1b66aa/subordinates"
[14:49:21.334] [34mDEBUG[39m (13720): [36mAuthGuard: User lookup result[39m
    [35muserId[39m: "91fdb7c7-dd25-4ba5-b3a3-06a9df1b66aa"
    [35muserFound[39m: true
    [35misActive[39m: true
    [35mip[39m: "::ffff:127.0.0.1"
[14:49:21.334] [34mDEBUG[39m (13720): [36mAuthentication successful[39m
    [35muserId[39m: "91fdb7c7-dd25-4ba5-b3a3-06a9df1b66aa"
    [35misSuperAdmin[39m: true
    [35mpermissionCount[39m: 1
    [35mip[39m: "::ffff:127.0.0.1"
[14:49:21.334] [34mDEBUG[39m (13720): [36mGet user subordinates attempt[39m
    [35mtargetUserId[39m: "91fdb7c7-dd25-4ba5-b3a3-06a9df1b66aa"
    [35mrequestingUserId[39m: "91fdb7c7-dd25-4ba5-b3a3-06a9df1b66aa"
    [35misSuperAdmin[39m: true
    [35mip[39m: "::ffff:127.0.0.1"
    [35mmethod[39m: "GET"
    [35mpath[39m: "/91fdb7c7-dd25-4ba5-b3a3-06a9df1b66aa/subordinates"
    [35mheaders[39m: {
      "authorization": "[PRESENT]"
    }
[14:49:21.334] [34mDEBUG[39m (13720): [36mFetching user subordinates from database[39m
    [35mtargetUserId[39m: "91fdb7c7-dd25-4ba5-b3a3-06a9df1b66aa"
    [35mip[39m: "::ffff:127.0.0.1"
[14:49:21.335] [34mDEBUG[39m (13720): [36mUser subordinates retrieved successfully[39m
    [35mtargetUserId[39m: "91fdb7c7-dd25-4ba5-b3a3-06a9df1b66aa"
    [35mrequestingUserId[39m: "91fdb7c7-dd25-4ba5-b3a3-06a9df1b66aa"
    [35misSuperAdmin[39m: true
    [35mip[39m: "::ffff:127.0.0.1"
    [35msubordinatesCount[39m: 1
[14:49:21.337] [34mDEBUG[39m (13720): [36mAuthGuard: Decoded userId from token[39m
    [35muserId[39m: "91fdb7c7-dd25-4ba5-b3a3-06a9df1b66aa"
    [35mip[39m: "::ffff:127.0.0.1"
    [35mpath[39m: "/683b9653-4b1f-48f3-9b1e-b8c271bf5a1f"
[14:49:21.339] [34mDEBUG[39m (13720): [36mAuthGuard: User lookup result[39m
    [35muserId[39m: "91fdb7c7-dd25-4ba5-b3a3-06a9df1b66aa"
    [35muserFound[39m: true
    [35misActive[39m: true
    [35mip[39m: "::ffff:127.0.0.1"
[14:49:21.339] [34mDEBUG[39m (13720): [36mAuthentication successful[39m
    [35muserId[39m: "91fdb7c7-dd25-4ba5-b3a3-06a9df1b66aa"
    [35misSuperAdmin[39m: true
    [35mpermissionCount[39m: 1
    [35mip[39m: "::ffff:127.0.0.1"
[14:49:21.339] [34mDEBUG[39m (13720): [36mDelete user details attempt[39m
    [35mtargetUserId[39m: "683b9653-4b1f-48f3-9b1e-b8c271bf5a1f"
    [35mrequestingUserId[39m: "91fdb7c7-dd25-4ba5-b3a3-06a9df1b66aa"
    [35misSuperAdmin[39m: true
    [35mip[39m: "::ffff:127.0.0.1"
    [35mmethod[39m: "DELETE"
    [35mpath[39m: "/683b9653-4b1f-48f3-9b1e-b8c271bf5a1f"
    [35mheaders[39m: {
      "authorization": "[PRESENT]"
    }
[14:49:21.339] [34mDEBUG[39m (13720): [36mDeleting user details from database[39m
    [35mtargetUserId[39m: "683b9653-4b1f-48f3-9b1e-b8c271bf5a1f"
    [35mip[39m: "::ffff:127.0.0.1"
[14:49:21.339] [34mDEBUG[39m (13720): [36mUser details deleted successfully[39m
    [35mtargetUserId[39m: "683b9653-4b1f-48f3-9b1e-b8c271bf5a1f"
    [35mrequestingUserId[39m: "91fdb7c7-dd25-4ba5-b3a3-06a9df1b66aa"
    [35misSuperAdmin[39m: true
    [35mip[39m: "::ffff:127.0.0.1"
PASS tests/user-details-endpoints.test.ts
  ΓùÅ Console

    console.log
      [dotenv@17.2.2] injecting env (0) from .env -- tip: ΓÜÖ∩╕Å  
suppress all logs with { quiet: true }

      at _log (node_modules/dotenv/lib/main.js:139:11)

    console.log
      SendGrid environment variables loaded: {
        apiKeyPresent: true,
        apiKeyLength: 69,
        apiKeyPrefix: 'SG.sXytAeD...',
        fromEmail: 'windbooks@dvconsultingph.com',
        timestamp: '2025-10-13T06:49:20.647Z'
      }

      at Object.<anonymous> (src/services/email.service.ts:8:9)

    console.log
      [dotenv@17.2.2] injecting env (0) from .env -- tip: ≡ƒôí 
observe env with Radar: https://dotenvx.com/radar

      at _log (node_modules/dotenv/lib/main.js:139:11)

[14:49:21.775] [34mDEBUG[39m (13720): [36mAuthGuard: Decoded userId from token[39m
    [35muserId[39m: "57bf9450-143e-437c-b30c-ca1e02e111a8"
    [35mip[39m: "::ffff:127.0.0.1"
    [35mpath[39m: "/check"
[14:49:21.778] [34mDEBUG[39m (13720): [36mAuthGuard: User lookup result[39m
    [35muserId[39m: "57bf9450-143e-437c-b30c-ca1e02e111a8"
    [35muserFound[39m: true
    [35misActive[39m: true
    [35mip[39m: "::ffff:127.0.0.1"
[14:49:21.778] [34mDEBUG[39m (13720): [36mAuthentication successful[39m
    [35muserId[39m: "57bf9450-143e-437c-b30c-ca1e02e111a8"
    [35misSuperAdmin[39m: true
    [35mpermissionCount[39m: 1
    [35mip[39m: "::ffff:127.0.0.1"
[14:49:21.783] [34mDEBUG[39m (13720): [36mAuthGuard: Decoded userId from token[39m
    [35muserId[39m: "57bf9450-143e-437c-b30c-ca1e02e111a8"
    [35mip[39m: "::ffff:127.0.0.1"
    [35mpath[39m: "/check"
[14:49:21.785] [34mDEBUG[39m (13720): [36mAuthGuard: User lookup result[39m
    [35muserId[39m: "57bf9450-143e-437c-b30c-ca1e02e111a8"
    [35muserFound[39m: true
    [35misActive[39m: true
    [35mip[39m: "::ffff:127.0.0.1"
[14:49:21.785] [34mDEBUG[39m (13720): [36mAuthentication successful[39m
    [35muserId[39m: "57bf9450-143e-437c-b30c-ca1e02e111a8"
    [35misSuperAdmin[39m: true
    [35mpermissionCount[39m: 1
    [35mip[39m: "::ffff:127.0.0.1"
[14:49:21.788] [34mDEBUG[39m (13720): [36mAuthGuard: Decoded userId from token[39m
    [35muserId[39m: "57bf9450-143e-437c-b30c-ca1e02e111a8"
    [35mip[39m: "::ffff:127.0.0.1"
    [35mpath[39m: "/check"
[14:49:21.790] [34mDEBUG[39m (13720): [36mAuthGuard: User lookup result[39m
    [35muserId[39m: "57bf9450-143e-437c-b30c-ca1e02e111a8"
    [35muserFound[39m: true
    [35misActive[39m: true
    [35mip[39m: "::ffff:127.0.0.1"
[14:49:21.790] [34mDEBUG[39m (13720): [36mAuthentication successful[39m
    [35muserId[39m: "57bf9450-143e-437c-b30c-ca1e02e111a8"
    [35misSuperAdmin[39m: true
    [35mpermissionCount[39m: 1
    [35mip[39m: "::ffff:127.0.0.1"
[14:49:21.794] [34mDEBUG[39m (13720): [36mAuthGuard: Decoded userId from token[39m
    [35muserId[39m: "57bf9450-143e-437c-b30c-ca1e02e111a8"
    [35mip[39m: "::ffff:127.0.0.1"
    [35mpath[39m: "/check"
[14:49:21.795] [34mDEBUG[39m (13720): [36mAuthGuard: User lookup result[39m
    [35muserId[39m: "57bf9450-143e-437c-b30c-ca1e02e111a8"
    [35muserFound[39m: true
    [35misActive[39m: true
    [35mip[39m: "::ffff:127.0.0.1"
[14:49:21.795] [34mDEBUG[39m (13720): [36mAuthentication successful[39m
    [35muserId[39m: "57bf9450-143e-437c-b30c-ca1e02e111a8"
    [35misSuperAdmin[39m: true
    [35mpermissionCount[39m: 1
    [35mip[39m: "::ffff:127.0.0.1"
[14:49:21.800] [34mDEBUG[39m (13720): [36mAuthGuard: Decoded userId from token[39m
    [35muserId[39m: "57bf9450-143e-437c-b30c-ca1e02e111a8"
    [35mip[39m: "::ffff:127.0.0.1"
    [35mpath[39m: "/check"
[14:49:21.801] [34mDEBUG[39m (13720): [36mAuthGuard: User lookup result[39m
    [35muserId[39m: "57bf9450-143e-437c-b30c-ca1e02e111a8"
    [35muserFound[39m: true
    [35misActive[39m: true
    [35mip[39m: "::ffff:127.0.0.1"
[14:49:21.802] [34mDEBUG[39m (13720): [36mAuthentication successful[39m
    [35muserId[39m: "57bf9450-143e-437c-b30c-ca1e02e111a8"
    [35misSuperAdmin[39m: true
    [35mpermissionCount[39m: 1
    [35mip[39m: "::ffff:127.0.0.1"
[14:49:21.862] [34mDEBUG[39m (13720): [36mAuthGuard: Decoded userId from token[39m
    [35muserId[39m: "57bf9450-143e-437c-b30c-ca1e02e111a8"
    [35mip[39m: "::ffff:127.0.0.1"
    [35mpath[39m: "/check"
[14:49:21.863] [34mDEBUG[39m (13720): [36mAuthGuard: User lookup result[39m
    [35muserId[39m: "57bf9450-143e-437c-b30c-ca1e02e111a8"
    [35muserFound[39m: true
    [35misActive[39m: true
    [35mip[39m: "::ffff:127.0.0.1"
[14:49:21.863] [34mDEBUG[39m (13720): [36mAuthentication successful[39m
    [35muserId[39m: "57bf9450-143e-437c-b30c-ca1e02e111a8"
    [35misSuperAdmin[39m: true
    [35mpermissionCount[39m: 1
    [35mip[39m: "::ffff:127.0.0.1"
[14:49:21.871] [34mDEBUG[39m (13720): [36mAuthGuard: Decoded userId from token[39m
    [35muserId[39m: "57bf9450-143e-437c-b30c-ca1e02e111a8"
    [35mip[39m: "::ffff:127.0.0.1"
    [35mpath[39m: "/check"
[14:49:21.872] [34mDEBUG[39m (13720): [36mAuthGuard: User lookup result[39m
    [35muserId[39m: "57bf9450-143e-437c-b30c-ca1e02e111a8"
    [35muserFound[39m: true
    [35misActive[39m: true
    [35mip[39m: "::ffff:127.0.0.1"
[14:49:21.873] [34mDEBUG[39m (13720): [36mAuthentication successful[39m
    [35muserId[39m: "57bf9450-143e-437c-b30c-ca1e02e111a8"
    [35misSuperAdmin[39m: true
    [35mpermissionCount[39m: 1
    [35mip[39m: "::ffff:127.0.0.1"
[14:49:21.880] [34mDEBUG[39m (13720): [36mAuthGuard: Decoded userId from token[39m
    [35muserId[39m: "57bf9450-143e-437c-b30c-ca1e02e111a8"
    [35mip[39m: "::ffff:127.0.0.1"
    [35mpath[39m: "/check"
[14:49:21.881] [34mDEBUG[39m (13720): [36mAuthGuard: User lookup result[39m
    [35muserId[39m: "57bf9450-143e-437c-b30c-ca1e02e111a8"
    [35muserFound[39m: true
    [35misActive[39m: true
    [35mip[39m: "::ffff:127.0.0.1"
[14:49:21.881] [34mDEBUG[39m (13720): [36mAuthentication successful[39m
    [35muserId[39m: "57bf9450-143e-437c-b30c-ca1e02e111a8"
    [35misSuperAdmin[39m: true
    [35mpermissionCount[39m: 1
    [35mip[39m: "::ffff:127.0.0.1"
[14:49:21.887] [34mDEBUG[39m (13720): [36mAuthGuard: Decoded userId from token[39m
    [35muserId[39m: "57bf9450-143e-437c-b30c-ca1e02e111a8"
    [35mip[39m: "::ffff:127.0.0.1"
    [35mpath[39m: "/check"
[14:49:21.888] [34mDEBUG[39m (13720): [36mAuthGuard: User lookup result[39m
    [35muserId[39m: "57bf9450-143e-437c-b30c-ca1e02e111a8"
    [35muserFound[39m: true
    [35misActive[39m: true
    [35mip[39m: "::ffff:127.0.0.1"
[14:49:21.888] [34mDEBUG[39m (13720): [36mAuthentication successful[39m
    [35muserId[39m: "57bf9450-143e-437c-b30c-ca1e02e111a8"
    [35misSuperAdmin[39m: true
    [35mpermissionCount[39m: 1
    [35mip[39m: "::ffff:127.0.0.1"
[14:49:21.895] [34mDEBUG[39m (13720): [36mAuthGuard: Decoded userId from token[39m
    [35muserId[39m: "57bf9450-143e-437c-b30c-ca1e02e111a8"
    [35mip[39m: "::ffff:127.0.0.1"
    [35mpath[39m: "/check"
[14:49:21.896] [34mDEBUG[39m (13720): [36mAuthGuard: User lookup result[39m
    [35muserId[39m: "57bf9450-143e-437c-b30c-ca1e02e111a8"
    [35muserFound[39m: true
    [35misActive[39m: true
    [35mip[39m: "::ffff:127.0.0.1"
[14:49:21.896] [34mDEBUG[39m (13720): [36mAuthentication successful[39m
    [35muserId[39m: "57bf9450-143e-437c-b30c-ca1e02e111a8"
    [35misSuperAdmin[39m: true
    [35mpermissionCount[39m: 1
    [35mip[39m: "::ffff:127.0.0.1"
[14:49:21.902] [34mDEBUG[39m (13720): [36mAuthGuard: Decoded userId from token[39m
    [35muserId[39m: "57bf9450-143e-437c-b30c-ca1e02e111a8"
    [35mip[39m: "::ffff:127.0.0.1"
    [35mpath[39m: "/check"
[14:49:21.903] [34mDEBUG[39m (13720): [36mAuthGuard: User lookup result[39m
    [35muserId[39m: "57bf9450-143e-437c-b30c-ca1e02e111a8"
    [35muserFound[39m: true
    [35misActive[39m: true
    [35mip[39m: "::ffff:127.0.0.1"
[14:49:21.903] [34mDEBUG[39m (13720): [36mAuthentication successful[39m
    [35muserId[39m: "57bf9450-143e-437c-b30c-ca1e02e111a8"
    [35misSuperAdmin[39m: true
    [35mpermissionCount[39m: 1
    [35mip[39m: "::ffff:127.0.0.1"
[14:49:21.914] [34mDEBUG[39m (13720): [36mAuthGuard: Decoded userId from token[39m
    [35muserId[39m: "57bf9450-143e-437c-b30c-ca1e02e111a8"
    [35mip[39m: "::ffff:127.0.0.1"
    [35mpath[39m: "/check"
[14:49:21.915] [34mDEBUG[39m (13720): [36mAuthGuard: Decoded userId from token[39m
    [35muserId[39m: "57bf9450-143e-437c-b30c-ca1e02e111a8"
    [35mip[39m: "::ffff:127.0.0.1"
    [35mpath[39m: "/check"
[14:49:21.916] [34mDEBUG[39m (13720): [36mAuthGuard: Decoded userId from token[39m
    [35muserId[39m: "57bf9450-143e-437c-b30c-ca1e02e111a8"
    [35mip[39m: "::ffff:127.0.0.1"
    [35mpath[39m: "/check"
[14:49:21.916] [34mDEBUG[39m (13720): [36mAuthGuard: Decoded userId from token[39m
    [35muserId[39m: "57bf9450-143e-437c-b30c-ca1e02e111a8"
    [35mip[39m: "::ffff:127.0.0.1"
    [35mpath[39m: "/check"
[14:49:21.917] [34mDEBUG[39m (13720): [36mAuthGuard: Decoded userId from token[39m
    [35muserId[39m: "57bf9450-143e-437c-b30c-ca1e02e111a8"
    [35mip[39m: "::ffff:127.0.0.1"
    [35mpath[39m: "/check"
[14:49:21.918] [34mDEBUG[39m (13720): [36mAuthGuard: User lookup result[39m
    [35muserId[39m: "57bf9450-143e-437c-b30c-ca1e02e111a8"
    [35muserFound[39m: true
    [35misActive[39m: true
    [35mip[39m: "::ffff:127.0.0.1"
[14:49:21.918] [34mDEBUG[39m (13720): [36mAuthentication successful[39m
    [35muserId[39m: "57bf9450-143e-437c-b30c-ca1e02e111a8"
    [35misSuperAdmin[39m: true
    [35mpermissionCount[39m: 1
    [35mip[39m: "::ffff:127.0.0.1"
[14:49:21.918] [34mDEBUG[39m (13720): [36mAuthGuard: User lookup result[39m
    [35muserId[39m: "57bf9450-143e-437c-b30c-ca1e02e111a8"
    [35muserFound[39m: true
    [35misActive[39m: true
    [35mip[39m: "::ffff:127.0.0.1"
[14:49:21.918] [34mDEBUG[39m (13720): [36mAuthentication successful[39m
    [35muserId[39m: "57bf9450-143e-437c-b30c-ca1e02e111a8"
    [35misSuperAdmin[39m: true
    [35mpermissionCount[39m: 1
    [35mip[39m: "::ffff:127.0.0.1"
[14:49:21.918] [34mDEBUG[39m (13720): [36mAuthGuard: User lookup result[39m
    [35muserId[39m: "57bf9450-143e-437c-b30c-ca1e02e111a8"
    [35muserFound[39m: true
    [35misActive[39m: true
    [35mip[39m: "::ffff:127.0.0.1"
[14:49:21.918] [34mDEBUG[39m (13720): [36mAuthentication successful[39m
    [35muserId[39m: "57bf9450-143e-437c-b30c-ca1e02e111a8"
    [35misSuperAdmin[39m: true
    [35mpermissionCount[39m: 1
    [35mip[39m: "::ffff:127.0.0.1"
[14:49:21.918] [34mDEBUG[39m (13720): [36mAuthGuard: User lookup result[39m
    [35muserId[39m: "57bf9450-143e-437c-b30c-ca1e02e111a8"
    [35muserFound[39m: true
    [35misActive[39m: true
    [35mip[39m: "::ffff:127.0.0.1"
[14:49:21.918] [34mDEBUG[39m (13720): [36mAuthentication successful[39m
    [35muserId[39m: "57bf9450-143e-437c-b30c-ca1e02e111a8"
    [35misSuperAdmin[39m: true
    [35mpermissionCount[39m: 1
    [35mip[39m: "::ffff:127.0.0.1"
[14:49:21.919] [34mDEBUG[39m (13720): [36mAuthGuard: User lookup result[39m
    [35muserId[39m: "57bf9450-143e-437c-b30c-ca1e02e111a8"
    [35muserFound[39m: true
    [35misActive[39m: true
    [35mip[39m: "::ffff:127.0.0.1"
[14:49:21.919] [34mDEBUG[39m (13720): [36mAuthentication successful[39m
    [35muserId[39m: "57bf9450-143e-437c-b30c-ca1e02e111a8"
    [35misSuperAdmin[39m: true
    [35mpermissionCount[39m: 1
    [35mip[39m: "::ffff:127.0.0.1"
PASS tests/permissions-extended.test.ts
  ΓùÅ Console

    console.log
      [dotenv@17.2.2] injecting env (0) from .env -- tip: ≡ƒöÉ 
encrypt with Dotenvx: https://dotenvx.com

      at _log (node_modules/dotenv/lib/main.js:139:11)

    console.log
      SendGrid environment variables loaded: {
        apiKeyPresent: true,
        apiKeyLength: 69,
        apiKeyPrefix: 'SG.sXytAeD...',
        fromEmail: 'windbooks@dvconsultingph.com',
        timestamp: '2025-10-13T06:49:21.490Z'
      }

      at Object.<anonymous> (src/services/email.service.ts:8:9)

    console.log
      [dotenv@17.2.2] injecting env (0) from .env -- tip: ΓÜÖ∩╕Å  
override existing env vars with { override: true }

      at _log (node_modules/dotenv/lib/main.js:139:11)

[14:49:22.403] [34mDEBUG[39m (13720): [36mAuthGuard: Decoded userId from token[39m
    [35muserId[39m: "1ac2d605-68cb-4aa5-a6bf-15411e9de9dc"
    [35mip[39m: "::ffff:127.0.0.1"
    [35mpath[39m: "/v2"
[14:49:22.407] [34mDEBUG[39m (13720): [36mAuthGuard: User lookup result[39m
    [35muserId[39m: "1ac2d605-68cb-4aa5-a6bf-15411e9de9dc"
    [35muserFound[39m: true
    [35misActive[39m: true
    [35mip[39m: "::ffff:127.0.0.1"
[14:49:22.407] [34mDEBUG[39m (13720): [36mAuthentication successful[39m
    [35muserId[39m: "1ac2d605-68cb-4aa5-a6bf-15411e9de9dc"
    [35misSuperAdmin[39m: true
    [35mpermissionCount[39m: 1
    [35mip[39m: "::ffff:127.0.0.1"
[14:49:22.459] [34mDEBUG[39m (13720): [36mAuthGuard: Decoded userId from token[39m
    [35muserId[39m: "1ac2d605-68cb-4aa5-a6bf-15411e9de9dc"
    [35mip[39m: "::ffff:127.0.0.1"
    [35mpath[39m: "/v2"
[14:49:22.463] [34mDEBUG[39m (13720): [36mAuthGuard: User lookup result[39m
    [35muserId[39m: "1ac2d605-68cb-4aa5-a6bf-15411e9de9dc"
    [35muserFound[39m: true
    [35misActive[39m: true
    [35mip[39m: "::ffff:127.0.0.1"
[14:49:22.463] [34mDEBUG[39m (13720): [36mAuthentication successful[39m
    [35muserId[39m: "1ac2d605-68cb-4aa5-a6bf-15411e9de9dc"
    [35misSuperAdmin[39m: true
    [35mpermissionCount[39m: 1
    [35mip[39m: "::ffff:127.0.0.1"
[14:49:22.471] [34mDEBUG[39m (13720): [36mAuthGuard: Decoded userId from token[39m
    [35muserId[39m: "1ac2d605-68cb-4aa5-a6bf-15411e9de9dc"
    [35mip[39m: "::ffff:127.0.0.1"
    [35mpath[39m: "/v2"
[14:49:22.473] [34mDEBUG[39m (13720): [36mAuthGuard: User lookup result[39m
    [35muserId[39m: "1ac2d605-68cb-4aa5-a6bf-15411e9de9dc"
    [35muserFound[39m: true
    [35misActive[39m: true
    [35mip[39m: "::ffff:127.0.0.1"
[14:49:22.473] [34mDEBUG[39m (13720): [36mAuthentication successful[39m
    [35muserId[39m: "1ac2d605-68cb-4aa5-a6bf-15411e9de9dc"
    [35misSuperAdmin[39m: true
    [35mpermissionCount[39m: 1
    [35mip[39m: "::ffff:127.0.0.1"
[14:49:22.476] [34mDEBUG[39m (13720): [36mAuthGuard: Decoded userId from token[39m
    [35muserId[39m: "1ac2d605-68cb-4aa5-a6bf-15411e9de9dc"
    [35mip[39m: "::ffff:127.0.0.1"
    [35mpath[39m: "/v2"
[14:49:22.478] [34mDEBUG[39m (13720): [36mAuthGuard: User lookup result[39m
    [35muserId[39m: "1ac2d605-68cb-4aa5-a6bf-15411e9de9dc"
    [35muserFound[39m: true
    [35misActive[39m: true
    [35mip[39m: "::ffff:127.0.0.1"
[14:49:22.478] [34mDEBUG[39m (13720): [36mAuthentication successful[39m
    [35muserId[39m: "1ac2d605-68cb-4aa5-a6bf-15411e9de9dc"
    [35misSuperAdmin[39m: true
    [35mpermissionCount[39m: 1
    [35mip[39m: "::ffff:127.0.0.1"
[14:49:22.480] [34mDEBUG[39m (13720): [36mAuthentication failed: No token provided[39m
    [35mip[39m: "::ffff:127.0.0.1"
    [35mpath[39m: "/v2"
    [35mmethod[39m: "GET"
[14:49:22.487] [34mDEBUG[39m (13720): [36mAuthGuard: Decoded userId from token[39m
    [35muserId[39m: "1ac2d605-68cb-4aa5-a6bf-15411e9de9dc"
    [35mip[39m: "::ffff:127.0.0.1"
    [35mpath[39m: "/v2"
[14:49:22.488] [34mDEBUG[39m (13720): [36mAuthGuard: User lookup result[39m
    [35muserId[39m: "1ac2d605-68cb-4aa5-a6bf-15411e9de9dc"
    [35muserFound[39m: true
    [35misActive[39m: true
    [35mip[39m: "::ffff:127.0.0.1"
[14:49:22.488] [34mDEBUG[39m (13720): [36mAuthentication successful[39m
    [35muserId[39m: "1ac2d605-68cb-4aa5-a6bf-15411e9de9dc"
    [35misSuperAdmin[39m: true
    [35mpermissionCount[39m: 1
    [35mip[39m: "::ffff:127.0.0.1"
[14:49:22.494] [34mDEBUG[39m (13720): [36mAuthGuard: Decoded userId from token[39m
    [35muserId[39m: "1ac2d605-68cb-4aa5-a6bf-15411e9de9dc"
    [35mip[39m: "::ffff:127.0.0.1"
    [35mpath[39m: "/v2"
[14:49:22.496] [34mDEBUG[39m (13720): [36mAuthGuard: User lookup result[39m
    [35muserId[39m: "1ac2d605-68cb-4aa5-a6bf-15411e9de9dc"
    [35muserFound[39m: true
    [35misActive[39m: true
    [35mip[39m: "::ffff:127.0.0.1"
[14:49:22.496] [34mDEBUG[39m (13720): [36mAuthentication successful[39m
    [35muserId[39m: "1ac2d605-68cb-4aa5-a6bf-15411e9de9dc"
    [35misSuperAdmin[39m: true
    [35mpermissionCount[39m: 1
    [35mip[39m: "::ffff:127.0.0.1"
[14:49:22.503] [34mDEBUG[39m (13720): [36mAuthGuard: Decoded userId from token[39m
    [35muserId[39m: "1ac2d605-68cb-4aa5-a6bf-15411e9de9dc"
    [35mip[39m: "::ffff:127.0.0.1"
    [35mpath[39m: "/v2"
[14:49:22.504] [34mDEBUG[39m (13720): [36mAuthGuard: User lookup result[39m
    [35muserId[39m: "1ac2d605-68cb-4aa5-a6bf-15411e9de9dc"
    [35muserFound[39m: true
    [35misActive[39m: true
    [35mip[39m: "::ffff:127.0.0.1"
[14:49:22.504] [34mDEBUG[39m (13720): [36mAuthentication successful[39m
    [35muserId[39m: "1ac2d605-68cb-4aa5-a6bf-15411e9de9dc"
    [35misSuperAdmin[39m: true
    [35mpermissionCount[39m: 1
    [35mip[39m: "::ffff:127.0.0.1"
[14:49:22.509] [34mDEBUG[39m (13720): [36mAuthGuard: Decoded userId from token[39m
    [35muserId[39m: "1ac2d605-68cb-4aa5-a6bf-15411e9de9dc"
    [35mip[39m: "::ffff:127.0.0.1"
    [35mpath[39m: "/v2"
[14:49:22.511] [34mDEBUG[39m (13720): [36mAuthGuard: User lookup result[39m
    [35muserId[39m: "1ac2d605-68cb-4aa5-a6bf-15411e9de9dc"
    [35muserFound[39m: true
    [35misActive[39m: true
    [35mip[39m: "::ffff:127.0.0.1"
[14:49:22.511] [34mDEBUG[39m (13720): [36mAuthentication successful[39m
    [35muserId[39m: "1ac2d605-68cb-4aa5-a6bf-15411e9de9dc"
    [35misSuperAdmin[39m: true
    [35mpermissionCount[39m: 1
    [35mip[39m: "::ffff:127.0.0.1"
[14:49:22.518] [34mDEBUG[39m (13720): [36mAuthGuard: Decoded userId from token[39m
    [35muserId[39m: "1ac2d605-68cb-4aa5-a6bf-15411e9de9dc"
    [35mip[39m: "::ffff:127.0.0.1"
    [35mpath[39m: "/v2"
[14:49:22.519] [34mDEBUG[39m (13720): [36mAuthGuard: User lookup result[39m
    [35muserId[39m: "1ac2d605-68cb-4aa5-a6bf-15411e9de9dc"
    [35muserFound[39m: true
    [35misActive[39m: true
    [35mip[39m: "::ffff:127.0.0.1"
[14:49:22.519] [34mDEBUG[39m (13720): [36mAuthentication successful[39m
    [35muserId[39m: "1ac2d605-68cb-4aa5-a6bf-15411e9de9dc"
    [35misSuperAdmin[39m: true
    [35mpermissionCount[39m: 1
    [35mip[39m: "::ffff:127.0.0.1"
[14:49:22.525] [34mDEBUG[39m (13720): [36mAuthGuard: Decoded userId from token[39m
    [35muserId[39m: "69d71488-c894-474d-99f5-29ab3dae0170"
    [35mip[39m: "::ffff:127.0.0.1"
    [35mpath[39m: "/v2"
[14:49:22.527] [34mDEBUG[39m (13720): [36mAuthGuard: User lookup result[39m
    [35muserId[39m: "69d71488-c894-474d-99f5-29ab3dae0170"
    [35muserFound[39m: true
    [35misActive[39m: true
    [35mip[39m: "::ffff:127.0.0.1"
[14:49:22.527] [34mDEBUG[39m (13720): [36mAuthentication successful[39m
    [35muserId[39m: "69d71488-c894-474d-99f5-29ab3dae0170"
    [35misSuperAdmin[39m: false
    [35mpermissionCount[39m: 2
    [35mip[39m: "::ffff:127.0.0.1"
[14:49:22.538] [34mDEBUG[39m (13720): [36mAuthGuard: Decoded userId from token[39m
    [35muserId[39m: "1ac2d605-68cb-4aa5-a6bf-15411e9de9dc"
    [35mip[39m: "::ffff:127.0.0.1"
    [35mpath[39m: "/v2"
[14:49:22.540] [34mDEBUG[39m (13720): [36mAuthGuard: User lookup result[39m
    [35muserId[39m: "1ac2d605-68cb-4aa5-a6bf-15411e9de9dc"
    [35muserFound[39m: true
    [35misActive[39m: true
    [35mip[39m: "::ffff:127.0.0.1"
[14:49:22.540] [34mDEBUG[39m (13720): [36mAuthentication successful[39m
    [35muserId[39m: "1ac2d605-68cb-4aa5-a6bf-15411e9de9dc"
    [35misSuperAdmin[39m: true
    [35mpermissionCount[39m: 1
    [35mip[39m: "::ffff:127.0.0.1"
[14:49:22.548] [34mDEBUG[39m (13720): [36mAuthGuard: Decoded userId from token[39m
    [35muserId[39m: "69d71488-c894-474d-99f5-29ab3dae0170"
    [35mip[39m: "::ffff:127.0.0.1"
    [35mpath[39m: "/v2"
[14:49:22.550] [34mDEBUG[39m (13720): [36mAuthGuard: User lookup result[39m
    [35muserId[39m: "69d71488-c894-474d-99f5-29ab3dae0170"
    [35muserFound[39m: true
    [35misActive[39m: true
    [35mip[39m: "::ffff:127.0.0.1"
[14:49:22.550] [34mDEBUG[39m (13720): [36mAuthentication successful[39m
    [35muserId[39m: "69d71488-c894-474d-99f5-29ab3dae0170"
    [35misSuperAdmin[39m: false
    [35mpermissionCount[39m: 2
    [35mip[39m: "::ffff:127.0.0.1"
[14:49:22.557] [34mDEBUG[39m (13720): [36mAuthGuard: Decoded userId from token[39m
    [35muserId[39m: "69d71488-c894-474d-99f5-29ab3dae0170"
    [35mip[39m: "::ffff:127.0.0.1"
    [35mpath[39m: "/v2"
[14:49:22.559] [34mDEBUG[39m (13720): [36mAuthGuard: User lookup result[39m
    [35muserId[39m: "69d71488-c894-474d-99f5-29ab3dae0170"
    [35muserFound[39m: true
    [35misActive[39m: true
    [35mip[39m: "::ffff:127.0.0.1"
[14:49:22.559] [34mDEBUG[39m (13720): [36mAuthentication successful[39m
    [35muserId[39m: "69d71488-c894-474d-99f5-29ab3dae0170"
    [35misSuperAdmin[39m: false
    [35mpermissionCount[39m: 2
    [35mip[39m: "::ffff:127.0.0.1"
[14:49:22.564] [34mDEBUG[39m (13720): [36mAuthGuard: Decoded userId from token[39m
    [35muserId[39m: "1ac2d605-68cb-4aa5-a6bf-15411e9de9dc"
    [35mip[39m: "::ffff:127.0.0.1"
    [35mpath[39m: "/v2"
[14:49:22.566] [34mDEBUG[39m (13720): [36mAuthGuard: User lookup result[39m
    [35muserId[39m: "1ac2d605-68cb-4aa5-a6bf-15411e9de9dc"
    [35muserFound[39m: true
    [35misActive[39m: true
    [35mip[39m: "::ffff:127.0.0.1"
[14:49:22.566] [34mDEBUG[39m (13720): [36mAuthentication successful[39m
    [35muserId[39m: "1ac2d605-68cb-4aa5-a6bf-15411e9de9dc"
    [35misSuperAdmin[39m: true
    [35mpermissionCount[39m: 1
    [35mip[39m: "::ffff:127.0.0.1"
[14:49:22.573] [34mDEBUG[39m (13720): [36mAuthGuard: Decoded userId from token[39m
    [35muserId[39m: "1ac2d605-68cb-4aa5-a6bf-15411e9de9dc"
    [35mip[39m: "::ffff:127.0.0.1"
    [35mpath[39m: "/v2"
[14:49:22.574] [34mDEBUG[39m (13720): [36mAuthGuard: User lookup result[39m
    [35muserId[39m: "1ac2d605-68cb-4aa5-a6bf-15411e9de9dc"
    [35muserFound[39m: true
    [35misActive[39m: true
    [35mip[39m: "::ffff:127.0.0.1"
[14:49:22.575] [34mDEBUG[39m (13720): [36mAuthentication successful[39m
    [35muserId[39m: "1ac2d605-68cb-4aa5-a6bf-15411e9de9dc"
    [35misSuperAdmin[39m: true
    [35mpermissionCount[39m: 1
    [35mip[39m: "::ffff:127.0.0.1"
[14:49:22.582] [34mDEBUG[39m (13720): [36mAuthGuard: Decoded userId from token[39m
    [35muserId[39m: "1ac2d605-68cb-4aa5-a6bf-15411e9de9dc"
    [35mip[39m: "::ffff:127.0.0.1"
    [35mpath[39m: "/v2"
[14:49:22.584] [34mDEBUG[39m (13720): [36mAuthGuard: User lookup result[39m
    [35muserId[39m: "1ac2d605-68cb-4aa5-a6bf-15411e9de9dc"
    [35muserFound[39m: true
    [35misActive[39m: true
    [35mip[39m: "::ffff:127.0.0.1"
[14:49:22.584] [34mDEBUG[39m (13720): [36mAuthentication successful[39m
    [35muserId[39m: "1ac2d605-68cb-4aa5-a6bf-15411e9de9dc"
    [35misSuperAdmin[39m: true
    [35mpermissionCount[39m: 1
    [35mip[39m: "::ffff:127.0.0.1"
[14:49:22.591] [34mDEBUG[39m (13720): [36mAuthGuard: Decoded userId from token[39m
    [35muserId[39m: "1ac2d605-68cb-4aa5-a6bf-15411e9de9dc"
    [35mip[39m: "::ffff:127.0.0.1"
    [35mpath[39m: "/v2"
[14:49:22.593] [34mDEBUG[39m (13720): [36mAuthGuard: User lookup result[39m
    [35muserId[39m: "1ac2d605-68cb-4aa5-a6bf-15411e9de9dc"
    [35muserFound[39m: true
    [35misActive[39m: true
    [35mip[39m: "::ffff:127.0.0.1"
[14:49:22.593] [34mDEBUG[39m (13720): [36mAuthentication successful[39m
    [35muserId[39m: "1ac2d605-68cb-4aa5-a6bf-15411e9de9dc"
    [35misSuperAdmin[39m: true
    [35mpermissionCount[39m: 1
    [35mip[39m: "::ffff:127.0.0.1"
[14:49:22.600] [34mDEBUG[39m (13720): [36mAuthGuard: Decoded userId from token[39m
    [35muserId[39m: "1ac2d605-68cb-4aa5-a6bf-15411e9de9dc"
    [35mip[39m: "::ffff:127.0.0.1"
    [35mpath[39m: "/v2"
[14:49:22.602] [34mDEBUG[39m (13720): [36mAuthGuard: User lookup result[39m
    [35muserId[39m: "1ac2d605-68cb-4aa5-a6bf-15411e9de9dc"
    [35muserFound[39m: true
    [35misActive[39m: true
    [35mip[39m: "::ffff:127.0.0.1"
[14:49:22.602] [34mDEBUG[39m (13720): [36mAuthentication successful[39m
    [35muserId[39m: "1ac2d605-68cb-4aa5-a6bf-15411e9de9dc"
    [35misSuperAdmin[39m: true
    [35mpermissionCount[39m: 1
    [35mip[39m: "::ffff:127.0.0.1"
[14:49:22.608] [34mDEBUG[39m (13720): [36mAuthentication failed: No token provided[39m
    [35mip[39m: "::ffff:127.0.0.1"
    [35mpath[39m: "/v2"
    [35mmethod[39m: "GET"
PASS tests/v2-endpoints.test.ts
  ΓùÅ Console

    console.log
      [dotenv@17.2.2] injecting env (0) from .env -- tip: ΓÜÖ∩╕Å  
load multiple .env files with { path: ['.env.local', '.env'] }

      at _log (node_modules/dotenv/lib/main.js:139:11)

    console.log
      SendGrid environment variables loaded: {
        apiKeyPresent: true,
        apiKeyLength: 69,
        apiKeyPrefix: 'SG.sXytAeD...',
        fromEmail: 'windbooks@dvconsultingph.com',
        timestamp: '2025-10-13T06:49:22.126Z'
      }

      at Object.<anonymous> (src/services/email.service.ts:8:9)

    console.log
      [dotenv@17.2.2] injecting env (0) from .env -- tip: ΓÜÖ∩╕Å  
load multiple .env files with { path: ['.env.local', '.env'] }

      at _log (node_modules/dotenv/lib/main.js:139:11)

    console.log
      ≡ƒöì DEBUG: GET /resources/v2 request received

      at getResourcesV2 
(src/controllers/rbac.controller.ts:192:13)

    console.log
         Method: GET

      at getResourcesV2 
(src/controllers/rbac.controller.ts:193:13)

    console.log
         URL: /v2

      at getResourcesV2 
(src/controllers/rbac.controller.ts:194:13)

    console.log
         Query params: [Object: null prototype] {}

      at getResourcesV2 
(src/controllers/rbac.controller.ts:195:13)

    console.log
         Headers: {
        authorization: '[PRESENT]',
        'user-agent': undefined,
        'content-type': undefined
      }

      at getResourcesV2 
(src/controllers/rbac.controller.ts:196:13)

    console.log
         User from token: {
        userId: '69d71488-c894-474d-99f5-29ab3dae0170',
        isSuperAdmin: false,
        permissions: [ 'resource:read', 'resource:update' ]
      }

      at getResourcesV2 
(src/controllers/rbac.controller.ts:201:13)

    console.log
      Γ£à DEBUG: Proceeding with userId: 
69d71488-c894-474d-99f5-29ab3dae0170

      at getResourcesV2 
(src/controllers/rbac.controller.ts:209:13)

    console.log
      ≡ƒôï DEBUG: Filter params - page: 1 limit: 10 resourceName: 
undefined resourceId: undefined q: undefined

      at getResourcesV2 
(src/controllers/rbac.controller.ts:212:13)

    console.log
      ≡ƒôè DEBUG: Resources fetched: 2 items, total: 2 pages: 1

      at getResourcesV2 
(src/controllers/rbac.controller.ts:226:13)

    console.log
      ≡ƒöì DEBUG: GET /resources/v2 request received

      at getResourcesV2 
(src/controllers/rbac.controller.ts:192:13)

    console.log
         Method: GET

      at getResourcesV2 
(src/controllers/rbac.controller.ts:193:13)

    console.log
         URL: /v2

      at getResourcesV2 
(src/controllers/rbac.controller.ts:194:13)

    console.log
         Query params: [Object: null prototype] {}

      at getResourcesV2 
(src/controllers/rbac.controller.ts:195:13)

    console.log
         Headers: {
        authorization: '[PRESENT]',
        'user-agent': undefined,
        'content-type': undefined
      }

      at getResourcesV2 
(src/controllers/rbac.controller.ts:196:13)

    console.log
         User from token: {
        userId: '1ac2d605-68cb-4aa5-a6bf-15411e9de9dc',
        isSuperAdmin: true,
        permissions: [ '*' ]
      }

      at getResourcesV2 
(src/controllers/rbac.controller.ts:201:13)

    console.log
      Γ£à DEBUG: Proceeding with userId: 
1ac2d605-68cb-4aa5-a6bf-15411e9de9dc

      at getResourcesV2 
(src/controllers/rbac.controller.ts:209:13)

    console.log
      ≡ƒôï DEBUG: Filter params - page: 1 limit: 10 resourceName: 
undefined resourceId: undefined q: undefined

      at getResourcesV2 
(src/controllers/rbac.controller.ts:212:13)

    console.log
      ≡ƒôè DEBUG: Resources fetched: 4 items, total: 4 pages: 1

      at getResourcesV2 
(src/controllers/rbac.controller.ts:226:13)

    console.log
      ≡ƒöì DEBUG: GET /resources/v2 request received

      at getResourcesV2 
(src/controllers/rbac.controller.ts:192:13)

    console.log
         Method: GET

      at getResourcesV2 
(src/controllers/rbac.controller.ts:193:13)

    console.log
         URL: /v2?page=1&limit=1

      at getResourcesV2 
(src/controllers/rbac.controller.ts:194:13)

    console.log
         Query params: [Object: null prototype] { page: '1', 
limit: '1' }

      at getResourcesV2 
(src/controllers/rbac.controller.ts:195:13)

    console.log
         Headers: {
        authorization: '[PRESENT]',
        'user-agent': undefined,
        'content-type': undefined
      }

      at getResourcesV2 
(src/controllers/rbac.controller.ts:196:13)

    console.log
         User from token: {
        userId: '69d71488-c894-474d-99f5-29ab3dae0170',
        isSuperAdmin: false,
        permissions: [ 'resource:read', 'resource:update' ]
      }

      at getResourcesV2 
(src/controllers/rbac.controller.ts:201:13)

    console.log
      Γ£à DEBUG: Proceeding with userId: 
69d71488-c894-474d-99f5-29ab3dae0170

      at getResourcesV2 
(src/controllers/rbac.controller.ts:209:13)

    console.log
      ≡ƒôï DEBUG: Filter params - page: 1 limit: 1 resourceName: 
undefined resourceId: undefined q: undefined

      at getResourcesV2 
(src/controllers/rbac.controller.ts:212:13)

    console.log
      ≡ƒôè DEBUG: Resources fetched: 1 items, total: 2 pages: 2

      at getResourcesV2 
(src/controllers/rbac.controller.ts:226:13)

    console.log
      ≡ƒöì DEBUG: GET /resources/v2 request received

      at getResourcesV2 
(src/controllers/rbac.controller.ts:192:13)

    console.log
         Method: GET

      at getResourcesV2 
(src/controllers/rbac.controller.ts:193:13)

    console.log
         URL: /v2?q=Resource%201

      at getResourcesV2 
(src/controllers/rbac.controller.ts:194:13)

    console.log
         Query params: [Object: null prototype] { q: 'Resource 1' 
}

      at getResourcesV2 
(src/controllers/rbac.controller.ts:195:13)

    console.log
         Headers: {
        authorization: '[PRESENT]',
        'user-agent': undefined,
        'content-type': undefined
      }

      at getResourcesV2 
(src/controllers/rbac.controller.ts:196:13)

    console.log
         User from token: {
        userId: '1ac2d605-68cb-4aa5-a6bf-15411e9de9dc',
        isSuperAdmin: true,
        permissions: [ '*' ]
      }

      at getResourcesV2 
(src/controllers/rbac.controller.ts:201:13)

    console.log
      Γ£à DEBUG: Proceeding with userId: 
1ac2d605-68cb-4aa5-a6bf-15411e9de9dc

      at getResourcesV2 
(src/controllers/rbac.controller.ts:209:13)

    console.log
      ≡ƒôï DEBUG: Filter params - page: 1 limit: 10 resourceName: 
undefined resourceId: undefined q: Resource 1

      at getResourcesV2 
(src/controllers/rbac.controller.ts:212:13)

    console.log
      ≡ƒôè DEBUG: Resources fetched: 1 items, total: 1 pages: 1

      at getResourcesV2 
(src/controllers/rbac.controller.ts:226:13)

    console.log
      ≡ƒöì DEBUG: GET /resources/v2 request received

      at getResourcesV2 
(src/controllers/rbac.controller.ts:192:13)

    console.log
         Method: GET

      at getResourcesV2 
(src/controllers/rbac.controller.ts:193:13)

    console.log
         URL: /v2?q=resource

      at getResourcesV2 
(src/controllers/rbac.controller.ts:194:13)

    console.log
         Query params: [Object: null prototype] { q: 'resource' }

      at getResourcesV2 
(src/controllers/rbac.controller.ts:195:13)

    console.log
         Headers: {
        authorization: '[PRESENT]',
        'user-agent': undefined,
        'content-type': undefined
      }

      at getResourcesV2 
(src/controllers/rbac.controller.ts:196:13)

    console.log
         User from token: {
        userId: '1ac2d605-68cb-4aa5-a6bf-15411e9de9dc',
        isSuperAdmin: true,
        permissions: [ '*' ]
      }

      at getResourcesV2 
(src/controllers/rbac.controller.ts:201:13)

    console.log
      Γ£à DEBUG: Proceeding with userId: 
1ac2d605-68cb-4aa5-a6bf-15411e9de9dc

      at getResourcesV2 
(src/controllers/rbac.controller.ts:209:13)

    console.log
      ≡ƒôï DEBUG: Filter params - page: 1 limit: 10 resourceName: 
undefined resourceId: undefined q: resource

      at getResourcesV2 
(src/controllers/rbac.controller.ts:212:13)

    console.log
      ≡ƒôè DEBUG: Resources fetched: 3 items, total: 3 pages: 1

      at getResourcesV2 
(src/controllers/rbac.controller.ts:226:13)

    console.log
      ≡ƒöì DEBUG: GET /resources/v2 request received

      at getResourcesV2 
(src/controllers/rbac.controller.ts:192:13)

    console.log
         Method: GET

      at getResourcesV2 
(src/controllers/rbac.controller.ts:193:13)

    console.log
         URL: /v2?q=cmgorw31i004fn3l4i94mklf2

      at getResourcesV2 
(src/controllers/rbac.controller.ts:194:13)

    console.log
         Query params: [Object: null prototype] { q: 
'cmgorw31i004fn3l4i94mklf2' }

      at getResourcesV2 
(src/controllers/rbac.controller.ts:195:13)

    console.log
         Headers: {
        authorization: '[PRESENT]',
        'user-agent': undefined,
        'content-type': undefined
      }

      at getResourcesV2 
(src/controllers/rbac.controller.ts:196:13)

    console.log
         User from token: {
        userId: '1ac2d605-68cb-4aa5-a6bf-15411e9de9dc',
        isSuperAdmin: true,
        permissions: [ '*' ]
      }

      at getResourcesV2 
(src/controllers/rbac.controller.ts:201:13)

    console.log
      Γ£à DEBUG: Proceeding with userId: 
1ac2d605-68cb-4aa5-a6bf-15411e9de9dc

      at getResourcesV2 
(src/controllers/rbac.controller.ts:209:13)

    console.log
      ≡ƒôï DEBUG: Filter params - page: 1 limit: 10 resourceName: 
undefined resourceId: undefined q: cmgorw31i004fn3l4i94mklf2

      at getResourcesV2 
(src/controllers/rbac.controller.ts:212:13)

    console.log
      ≡ƒôè DEBUG: Resources fetched: 1 items, total: 1 pages: 1

      at getResourcesV2 
(src/controllers/rbac.controller.ts:226:13)

    console.log
      ≡ƒöì DEBUG: GET /resources/v2 request received

      at getResourcesV2 
(src/controllers/rbac.controller.ts:192:13)

    console.log
         Method: GET

      at getResourcesV2 
(src/controllers/rbac.controller.ts:193:13)

    console.log
         URL: /v2?q=cmgo

      at getResourcesV2 
(src/controllers/rbac.controller.ts:194:13)

    console.log
         Query params: [Object: null prototype] { q: 'cmgo' }

      at getResourcesV2 
(src/controllers/rbac.controller.ts:195:13)

    console.log
         Headers: {
        authorization: '[PRESENT]',
        'user-agent': undefined,
        'content-type': undefined
      }

      at getResourcesV2 
(src/controllers/rbac.controller.ts:196:13)

    console.log
         User from token: {
        userId: '1ac2d605-68cb-4aa5-a6bf-15411e9de9dc',
        isSuperAdmin: true,
        permissions: [ '*' ]
      }

      at getResourcesV2 
(src/controllers/rbac.controller.ts:201:13)

    console.log
      Γ£à DEBUG: Proceeding with userId: 
1ac2d605-68cb-4aa5-a6bf-15411e9de9dc

      at getResourcesV2 
(src/controllers/rbac.controller.ts:209:13)

    console.log
      ≡ƒôï DEBUG: Filter params - page: 1 limit: 10 resourceName: 
undefined resourceId: undefined q: cmgo

      at getResourcesV2 
(src/controllers/rbac.controller.ts:212:13)

    console.log
      ≡ƒôè DEBUG: Resources fetched: 4 items, total: 4 pages: 1

      at getResourcesV2 
(src/controllers/rbac.controller.ts:226:13)

    console.log
      ≡ƒöì DEBUG: GET /resources/v2 request received

      at getResourcesV2 
(src/controllers/rbac.controller.ts:192:13)

    console.log
         Method: GET

      at getResourcesV2 
(src/controllers/rbac.controller.ts:193:13)

    console.log
         URL: /v2?q=nonexistent

      at getResourcesV2 
(src/controllers/rbac.controller.ts:194:13)

    console.log
         Query params: [Object: null prototype] { q: 
'nonexistent' }

      at getResourcesV2 
(src/controllers/rbac.controller.ts:195:13)

    console.log
         Headers: {
        authorization: '[PRESENT]',
        'user-agent': undefined,
        'content-type': undefined
      }

      at getResourcesV2 
(src/controllers/rbac.controller.ts:196:13)

    console.log
         User from token: {
        userId: '1ac2d605-68cb-4aa5-a6bf-15411e9de9dc',
        isSuperAdmin: true,
        permissions: [ '*' ]
      }

      at getResourcesV2 
(src/controllers/rbac.controller.ts:201:13)

    console.log
      Γ£à DEBUG: Proceeding with userId: 
1ac2d605-68cb-4aa5-a6bf-15411e9de9dc

      at getResourcesV2 
(src/controllers/rbac.controller.ts:209:13)

    console.log
      ≡ƒôï DEBUG: Filter params - page: 1 limit: 10 resourceName: 
undefined resourceId: undefined q: nonexistent

      at getResourcesV2 
(src/controllers/rbac.controller.ts:212:13)

    console.log
      ≡ƒôè DEBUG: Resources fetched: 0 items, total: 0 pages: 0

      at getResourcesV2 
(src/controllers/rbac.controller.ts:226:13)

[14:49:23.048] [34mDEBUG[39m (13720): [36mAuthGuard: Decoded userId from token[39m
    [35muserId[39m: "b8be2b28-a672-4da3-8871-d0e811c01560"
    [35mip[39m: "::ffff:127.0.0.1"
    [35mpath[39m: "/"
[14:49:23.051] [34mDEBUG[39m (13720): [36mAuthGuard: User lookup result[39m
    [35muserId[39m: "b8be2b28-a672-4da3-8871-d0e811c01560"
    [35muserFound[39m: true
    [35misActive[39m: true
    [35mip[39m: "::ffff:127.0.0.1"
[14:49:23.051] [34mDEBUG[39m (13720): [36mAuthentication successful[39m
    [35muserId[39m: "b8be2b28-a672-4da3-8871-d0e811c01560"
    [35misSuperAdmin[39m: false
    [35mpermissionCount[39m: 1
    [35mip[39m: "::ffff:127.0.0.1"
[14:49:23.055] [34mDEBUG[39m (13720): [36mAuthGuard: Decoded userId from token[39m
    [35muserId[39m: "5fd8a9fc-e683-4448-97d1-bdf57ef4e323"
    [35mip[39m: "::ffff:127.0.0.1"
    [35mpath[39m: "/"
[14:49:23.056] [34mDEBUG[39m (13720): [36mAuthGuard: User lookup result[39m
    [35muserId[39m: "5fd8a9fc-e683-4448-97d1-bdf57ef4e323"
    [35muserFound[39m: true
    [35misActive[39m: true
    [35mip[39m: "::ffff:127.0.0.1"
[14:49:23.056] [34mDEBUG[39m (13720): [36mAuthentication successful[39m
    [35muserId[39m: "5fd8a9fc-e683-4448-97d1-bdf57ef4e323"
    [35misSuperAdmin[39m: true
    [35mpermissionCount[39m: 1
    [35mip[39m: "::ffff:127.0.0.1"
[14:49:23.059] [34mDEBUG[39m (13720): [36mAuthGuard: Decoded userId from token[39m
    [35muserId[39m: "b8be2b28-a672-4da3-8871-d0e811c01560"
    [35mip[39m: "::ffff:127.0.0.1"
    [35mpath[39m: "/"
[14:49:23.061] [34mDEBUG[39m (13720): [36mAuthGuard: User lookup result[39m
    [35muserId[39m: "b8be2b28-a672-4da3-8871-d0e811c01560"
    [35muserFound[39m: true
    [35misActive[39m: true
    [35mip[39m: "::ffff:127.0.0.1"
[14:49:23.061] [34mDEBUG[39m (13720): [36mAuthentication successful[39m
    [35muserId[39m: "b8be2b28-a672-4da3-8871-d0e811c01560"
    [35misSuperAdmin[39m: false
    [35mpermissionCount[39m: 1
    [35mip[39m: "::ffff:127.0.0.1"
[14:49:23.065] [34mDEBUG[39m (13720): [36mAuthGuard: Decoded userId from token[39m
    [35muserId[39m: "5fd8a9fc-e683-4448-97d1-bdf57ef4e323"
    [35mip[39m: "::ffff:127.0.0.1"
    [35mpath[39m: "/"
[14:49:23.066] [34mDEBUG[39m (13720): [36mAuthGuard: User lookup result[39m
    [35muserId[39m: "5fd8a9fc-e683-4448-97d1-bdf57ef4e323"
    [35muserFound[39m: true
    [35misActive[39m: true
    [35mip[39m: "::ffff:127.0.0.1"
[14:49:23.066] [34mDEBUG[39m (13720): [36mAuthentication successful[39m
    [35muserId[39m: "5fd8a9fc-e683-4448-97d1-bdf57ef4e323"
    [35misSuperAdmin[39m: true
    [35mpermissionCount[39m: 1
    [35mip[39m: "::ffff:127.0.0.1"
[14:49:23.069] [34mDEBUG[39m (13720): [36mAuthentication failed: No token provided[39m
    [35mip[39m: "::ffff:127.0.0.1"
    [35mpath[39m: "/"
    [35mmethod[39m: "GET"
[14:49:23.071] [34mDEBUG[39m (13720): [36mAuthentication failed: Token verification error[39m
    [35mip[39m: "::ffff:127.0.0.1"
    [35mpath[39m: "/"
    [35mmethod[39m: "GET"
    error: "jwt malformed"
[14:49:23.074] [34mDEBUG[39m (13720): [36mAuthentication failed: No token provided[39m
    [35mip[39m: "::ffff:127.0.0.1"
    [35mpath[39m: "/"
    [35mmethod[39m: "GET"
[14:49:23.078] [34mDEBUG[39m (13720): [36mAuthGuard: Decoded userId from token[39m
    [35muserId[39m: "b8be2b28-a672-4da3-8871-d0e811c01560"
    [35mip[39m: "::ffff:127.0.0.1"
    [35mpath[39m: "/"
[14:49:23.080] [34mDEBUG[39m (13720): [36mAuthGuard: User lookup result[39m
    [35muserId[39m: "b8be2b28-a672-4da3-8871-d0e811c01560"
    [35muserFound[39m: true
    [35misActive[39m: true
    [35mip[39m: "::ffff:127.0.0.1"
[14:49:23.080] [34mDEBUG[39m (13720): [36mAuthentication successful[39m
    [35muserId[39m: "b8be2b28-a672-4da3-8871-d0e811c01560"
    [35misSuperAdmin[39m: false
    [35mpermissionCount[39m: 1
    [35mip[39m: "::ffff:127.0.0.1"
[14:49:23.082] [34mDEBUG[39m (13720): [36mAuthGuard: Decoded userId from token[39m
    [35muserId[39m: "b8be2b28-a672-4da3-8871-d0e811c01560"
    [35mip[39m: "::ffff:127.0.0.1"
    [35mpath[39m: "/"
[14:49:23.084] [34mDEBUG[39m (13720): [36mAuthGuard: User lookup result[39m
    [35muserId[39m: "b8be2b28-a672-4da3-8871-d0e811c01560"
    [35muserFound[39m: true
    [35misActive[39m: true
    [35mip[39m: "::ffff:127.0.0.1"
[14:49:23.084] [34mDEBUG[39m (13720): [36mAuthentication successful[39m
    [35muserId[39m: "b8be2b28-a672-4da3-8871-d0e811c01560"
    [35misSuperAdmin[39m: false
    [35mpermissionCount[39m: 1
    [35mip[39m: "::ffff:127.0.0.1"
[14:49:23.088] [34mDEBUG[39m (13720): [36mAuthGuard: Decoded userId from token[39m
    [35muserId[39m: "b8be2b28-a672-4da3-8871-d0e811c01560"
    [35mip[39m: "::ffff:127.0.0.1"
    [35mpath[39m: "/"
[14:49:23.090] [34mDEBUG[39m (13720): [36mAuthGuard: User lookup result[39m
    [35muserId[39m: "b8be2b28-a672-4da3-8871-d0e811c01560"
    [35muserFound[39m: true
    [35misActive[39m: true
    [35mip[39m: "::ffff:127.0.0.1"
[14:49:23.090] [34mDEBUG[39m (13720): [36mAuthentication successful[39m
    [35muserId[39m: "b8be2b28-a672-4da3-8871-d0e811c01560"
    [35misSuperAdmin[39m: false
    [35mpermissionCount[39m: 1
    [35mip[39m: "::ffff:127.0.0.1"
[14:49:23.094] [34mDEBUG[39m (13720): [36mAuthGuard: Decoded userId from token[39m
    [35muserId[39m: "b8be2b28-a672-4da3-8871-d0e811c01560"
    [35mip[39m: "::ffff:127.0.0.1"
    [35mpath[39m: "/"
[14:49:23.096] [34mDEBUG[39m (13720): [36mAuthGuard: User lookup result[39m
    [35muserId[39m: "b8be2b28-a672-4da3-8871-d0e811c01560"
    [35muserFound[39m: true
    [35misActive[39m: true
    [35mip[39m: "::ffff:127.0.0.1"
[14:49:23.096] [34mDEBUG[39m (13720): [36mAuthentication successful[39m
    [35muserId[39m: "b8be2b28-a672-4da3-8871-d0e811c01560"
    [35misSuperAdmin[39m: false
    [35mpermissionCount[39m: 1
    [35mip[39m: "::ffff:127.0.0.1"
[14:49:23.108] [34mDEBUG[39m (13720): [36mAuthGuard: Decoded userId from token[39m
    [35muserId[39m: "b8be2b28-a672-4da3-8871-d0e811c01560"
    [35mip[39m: "::ffff:127.0.0.1"
    [35mpath[39m: "/"
[14:49:23.109] [34mDEBUG[39m (13720): [36mAuthGuard: User lookup result[39m
    [35muserId[39m: "b8be2b28-a672-4da3-8871-d0e811c01560"
    [35muserFound[39m: true
    [35misActive[39m: true
    [35mip[39m: "::ffff:127.0.0.1"
[14:49:23.109] [34mDEBUG[39m (13720): [36mAuthentication successful[39m
    [35muserId[39m: "b8be2b28-a672-4da3-8871-d0e811c01560"
    [35misSuperAdmin[39m: false
    [35mpermissionCount[39m: 1
    [35mip[39m: "::ffff:127.0.0.1"
[14:49:23.120] [34mDEBUG[39m (13720): [36mAuthGuard: Decoded userId from token[39m
    [35muserId[39m: "5fd8a9fc-e683-4448-97d1-bdf57ef4e323"
    [35mip[39m: "::ffff:127.0.0.1"
    [35mpath[39m: "/check"
[14:49:23.121] [34mDEBUG[39m (13720): [36mAuthGuard: User lookup result[39m
    [35muserId[39m: "5fd8a9fc-e683-4448-97d1-bdf57ef4e323"
    [35muserFound[39m: true
    [35misActive[39m: true
    [35mip[39m: "::ffff:127.0.0.1"
[14:49:23.121] [34mDEBUG[39m (13720): [36mAuthentication successful[39m
    [35muserId[39m: "5fd8a9fc-e683-4448-97d1-bdf57ef4e323"
    [35misSuperAdmin[39m: true
    [35mpermissionCount[39m: 1
    [35mip[39m: "::ffff:127.0.0.1"
[14:49:23.129] [34mDEBUG[39m (13720): [36mAuthGuard: Decoded userId from token[39m
    [35muserId[39m: "5fd8a9fc-e683-4448-97d1-bdf57ef4e323"
    [35mip[39m: "::ffff:127.0.0.1"
    [35mpath[39m: "/check"
[14:49:23.131] [34mDEBUG[39m (13720): [36mAuthGuard: User lookup result[39m
    [35muserId[39m: "5fd8a9fc-e683-4448-97d1-bdf57ef4e323"
    [35muserFound[39m: true
    [35misActive[39m: true
    [35mip[39m: "::ffff:127.0.0.1"
[14:49:23.131] [34mDEBUG[39m (13720): [36mAuthentication successful[39m
    [35muserId[39m: "5fd8a9fc-e683-4448-97d1-bdf57ef4e323"
    [35misSuperAdmin[39m: true
    [35mpermissionCount[39m: 1
    [35mip[39m: "::ffff:127.0.0.1"
[14:49:23.137] [34mDEBUG[39m (13720): [36mAuthGuard: Decoded userId from token[39m
    [35muserId[39m: "5fd8a9fc-e683-4448-97d1-bdf57ef4e323"
    [35mip[39m: "::ffff:127.0.0.1"
    [35mpath[39m: "/check"
[14:49:23.138] [34mDEBUG[39m (13720): [36mAuthGuard: User lookup result[39m
    [35muserId[39m: "5fd8a9fc-e683-4448-97d1-bdf57ef4e323"
    [35muserFound[39m: true
    [35misActive[39m: true
    [35mip[39m: "::ffff:127.0.0.1"
[14:49:23.138] [34mDEBUG[39m (13720): [36mAuthentication successful[39m
    [35muserId[39m: "5fd8a9fc-e683-4448-97d1-bdf57ef4e323"
    [35misSuperAdmin[39m: true
    [35mpermissionCount[39m: 1
    [35mip[39m: "::ffff:127.0.0.1"
[14:49:23.143] [34mDEBUG[39m (13720): [36mAuthGuard: Decoded userId from token[39m
    [35muserId[39m: "5fd8a9fc-e683-4448-97d1-bdf57ef4e323"
    [35mip[39m: "::ffff:127.0.0.1"
    [35mpath[39m: "/check"
[14:49:23.144] [34mDEBUG[39m (13720): [36mAuthGuard: User lookup result[39m
    [35muserId[39m: "5fd8a9fc-e683-4448-97d1-bdf57ef4e323"
    [35muserFound[39m: true
    [35misActive[39m: true
    [35mip[39m: "::ffff:127.0.0.1"
[14:49:23.144] [34mDEBUG[39m (13720): [36mAuthentication successful[39m
    [35muserId[39m: "5fd8a9fc-e683-4448-97d1-bdf57ef4e323"
    [35misSuperAdmin[39m: true
    [35mpermissionCount[39m: 1
    [35mip[39m: "::ffff:127.0.0.1"
[14:49:23.148] [34mDEBUG[39m (13720): [36mAuthGuard: Decoded userId from token[39m
    [35muserId[39m: "5fd8a9fc-e683-4448-97d1-bdf57ef4e323"
    [35mip[39m: "::ffff:127.0.0.1"
    [35mpath[39m: "/check"
[14:49:23.149] [34mDEBUG[39m (13720): [36mAuthGuard: User lookup result[39m
    [35muserId[39m: "5fd8a9fc-e683-4448-97d1-bdf57ef4e323"
    [35muserFound[39m: true
    [35misActive[39m: true
    [35mip[39m: "::ffff:127.0.0.1"
[14:49:23.149] [34mDEBUG[39m (13720): [36mAuthentication successful[39m
    [35muserId[39m: "5fd8a9fc-e683-4448-97d1-bdf57ef4e323"
    [35misSuperAdmin[39m: true
    [35mpermissionCount[39m: 1
    [35mip[39m: "::ffff:127.0.0.1"
[14:49:23.152] [34mDEBUG[39m (13720): [36mAuthGuard: Decoded userId from token[39m
    [35muserId[39m: "5fd8a9fc-e683-4448-97d1-bdf57ef4e323"
    [35mip[39m: "::ffff:127.0.0.1"
    [35mpath[39m: "/check"
[14:49:23.154] [34mDEBUG[39m (13720): [36mAuthGuard: User lookup result[39m
    [35muserId[39m: "5fd8a9fc-e683-4448-97d1-bdf57ef4e323"
    [35muserFound[39m: true
    [35misActive[39m: true
    [35mip[39m: "::ffff:127.0.0.1"
[14:49:23.154] [34mDEBUG[39m (13720): [36mAuthentication successful[39m
    [35muserId[39m: "5fd8a9fc-e683-4448-97d1-bdf57ef4e323"
    [35misSuperAdmin[39m: true
    [35mpermissionCount[39m: 1
    [35mip[39m: "::ffff:127.0.0.1"
[14:49:23.158] [34mDEBUG[39m (13720): [36mAuthGuard: Decoded userId from token[39m
    [35muserId[39m: "5fd8a9fc-e683-4448-97d1-bdf57ef4e323"
    [35mip[39m: "::ffff:127.0.0.1"
    [35mpath[39m: "/check"
[14:49:23.159] [34mDEBUG[39m (13720): [36mAuthGuard: User lookup result[39m
    [35muserId[39m: "5fd8a9fc-e683-4448-97d1-bdf57ef4e323"
    [35muserFound[39m: true
    [35misActive[39m: true
    [35mip[39m: "::ffff:127.0.0.1"
[14:49:23.159] [34mDEBUG[39m (13720): [36mAuthentication successful[39m
    [35muserId[39m: "5fd8a9fc-e683-4448-97d1-bdf57ef4e323"
    [35misSuperAdmin[39m: true
    [35mpermissionCount[39m: 1
    [35mip[39m: "::ffff:127.0.0.1"
[14:49:23.163] [34mDEBUG[39m (13720): [36mAuthGuard: Decoded userId from token[39m
    [35muserId[39m: "5fd8a9fc-e683-4448-97d1-bdf57ef4e323"
    [35mip[39m: "::ffff:127.0.0.1"
    [35mpath[39m: "/check"
[14:49:23.164] [34mDEBUG[39m (13720): [36mAuthGuard: User lookup result[39m
    [35muserId[39m: "5fd8a9fc-e683-4448-97d1-bdf57ef4e323"
    [35muserFound[39m: true
    [35misActive[39m: true
    [35mip[39m: "::ffff:127.0.0.1"
[14:49:23.164] [34mDEBUG[39m (13720): [36mAuthentication successful[39m
    [35muserId[39m: "5fd8a9fc-e683-4448-97d1-bdf57ef4e323"
    [35misSuperAdmin[39m: true
    [35mpermissionCount[39m: 1
    [35mip[39m: "::ffff:127.0.0.1"
[14:49:23.168] [34mDEBUG[39m (13720): [36mAuthGuard: Decoded userId from token[39m
    [35muserId[39m: "5fd8a9fc-e683-4448-97d1-bdf57ef4e323"
    [35mip[39m: "::ffff:127.0.0.1"
    [35mpath[39m: "/check"
[14:49:23.168] [34mDEBUG[39m (13720): [36mAuthGuard: User lookup result[39m
    [35muserId[39m: "5fd8a9fc-e683-4448-97d1-bdf57ef4e323"
    [35muserFound[39m: true
    [35misActive[39m: true
    [35mip[39m: "::ffff:127.0.0.1"
[14:49:23.169] [34mDEBUG[39m (13720): [36mAuthentication successful[39m
    [35muserId[39m: "5fd8a9fc-e683-4448-97d1-bdf57ef4e323"
    [35misSuperAdmin[39m: true
    [35mpermissionCount[39m: 1
    [35mip[39m: "::ffff:127.0.0.1"
[14:49:23.174] [34mDEBUG[39m (13720): [36mAuthGuard: Decoded userId from token[39m
    [35muserId[39m: "5fd8a9fc-e683-4448-97d1-bdf57ef4e323"
    [35mip[39m: "::ffff:127.0.0.1"
    [35mpath[39m: "/check"
[14:49:23.175] [34mDEBUG[39m (13720): [36mAuthGuard: User lookup result[39m
    [35muserId[39m: "5fd8a9fc-e683-4448-97d1-bdf57ef4e323"
    [35muserFound[39m: true
    [35misActive[39m: true
    [35mip[39m: "::ffff:127.0.0.1"
[14:49:23.175] [34mDEBUG[39m (13720): [36mAuthentication successful[39m
    [35muserId[39m: "5fd8a9fc-e683-4448-97d1-bdf57ef4e323"
    [35misSuperAdmin[39m: true
    [35mpermissionCount[39m: 1
    [35mip[39m: "::ffff:127.0.0.1"
[14:49:23.181] [34mDEBUG[39m (13720): [36mAuthGuard: Decoded userId from token[39m
    [35muserId[39m: "5fd8a9fc-e683-4448-97d1-bdf57ef4e323"
    [35mip[39m: "::ffff:127.0.0.1"
    [35mpath[39m: "/check"
[14:49:23.182] [34mDEBUG[39m (13720): [36mAuthGuard: User lookup result[39m
    [35muserId[39m: "5fd8a9fc-e683-4448-97d1-bdf57ef4e323"
    [35muserFound[39m: true
    [35misActive[39m: true
    [35mip[39m: "::ffff:127.0.0.1"
[14:49:23.182] [34mDEBUG[39m (13720): [36mAuthentication successful[39m
    [35muserId[39m: "5fd8a9fc-e683-4448-97d1-bdf57ef4e323"
    [35misSuperAdmin[39m: true
    [35mpermissionCount[39m: 1
    [35mip[39m: "::ffff:127.0.0.1"
[14:49:23.187] [34mDEBUG[39m (13720): [36mAuthGuard: Decoded userId from token[39m
    [35muserId[39m: "5fd8a9fc-e683-4448-97d1-bdf57ef4e323"
    [35mip[39m: "::ffff:127.0.0.1"
    [35mpath[39m: "/check"
[14:49:23.189] [34mDEBUG[39m (13720): [36mAuthGuard: User lookup result[39m
    [35muserId[39m: "5fd8a9fc-e683-4448-97d1-bdf57ef4e323"
    [35muserFound[39m: true
    [35misActive[39m: true
    [35mip[39m: "::ffff:127.0.0.1"
[14:49:23.189] [34mDEBUG[39m (13720): [36mAuthentication successful[39m
    [35muserId[39m: "5fd8a9fc-e683-4448-97d1-bdf57ef4e323"
    [35misSuperAdmin[39m: true
    [35mpermissionCount[39m: 1
    [35mip[39m: "::ffff:127.0.0.1"
[14:49:23.193] [34mDEBUG[39m (13720): [36mAuthGuard: Decoded userId from token[39m
    [35muserId[39m: "5fd8a9fc-e683-4448-97d1-bdf57ef4e323"
    [35mip[39m: "::ffff:127.0.0.1"
    [35mpath[39m: "/check"
[14:49:23.194] [34mDEBUG[39m (13720): [36mAuthGuard: User lookup result[39m
    [35muserId[39m: "5fd8a9fc-e683-4448-97d1-bdf57ef4e323"
    [35muserFound[39m: true
    [35misActive[39m: true
    [35mip[39m: "::ffff:127.0.0.1"
[14:49:23.194] [34mDEBUG[39m (13720): [36mAuthentication successful[39m
    [35muserId[39m: "5fd8a9fc-e683-4448-97d1-bdf57ef4e323"
    [35misSuperAdmin[39m: true
    [35mpermissionCount[39m: 1
    [35mip[39m: "::ffff:127.0.0.1"
[14:49:23.199] [34mDEBUG[39m (13720): [36mAuthGuard: Decoded userId from token[39m
    [35muserId[39m: "5fd8a9fc-e683-4448-97d1-bdf57ef4e323"
    [35mip[39m: "::ffff:127.0.0.1"
    [35mpath[39m: "/check"
[14:49:23.200] [34mDEBUG[39m (13720): [36mAuthGuard: User lookup result[39m
    [35muserId[39m: "5fd8a9fc-e683-4448-97d1-bdf57ef4e323"
    [35muserFound[39m: true
    [35misActive[39m: true
    [35mip[39m: "::ffff:127.0.0.1"
[14:49:23.200] [34mDEBUG[39m (13720): [36mAuthentication successful[39m
    [35muserId[39m: "5fd8a9fc-e683-4448-97d1-bdf57ef4e323"
    [35misSuperAdmin[39m: true
    [35mpermissionCount[39m: 1
    [35mip[39m: "::ffff:127.0.0.1"
[14:49:23.206] [34mDEBUG[39m (13720): [36mAuthGuard: Decoded userId from token[39m
    [35muserId[39m: "5fd8a9fc-e683-4448-97d1-bdf57ef4e323"
    [35mip[39m: "::ffff:127.0.0.1"
    [35mpath[39m: "/check"
[14:49:23.207] [34mDEBUG[39m (13720): [36mAuthGuard: User lookup result[39m
    [35muserId[39m: "5fd8a9fc-e683-4448-97d1-bdf57ef4e323"
    [35muserFound[39m: true
    [35misActive[39m: true
    [35mip[39m: "::ffff:127.0.0.1"
[14:49:23.207] [34mDEBUG[39m (13720): [36mAuthentication successful[39m
    [35muserId[39m: "5fd8a9fc-e683-4448-97d1-bdf57ef4e323"
    [35misSuperAdmin[39m: true
    [35mpermissionCount[39m: 1
    [35mip[39m: "::ffff:127.0.0.1"
[14:49:23.211] [34mDEBUG[39m (13720): [36mAuthGuard: Decoded userId from token[39m
    [35muserId[39m: "5fd8a9fc-e683-4448-97d1-bdf57ef4e323"
    [35mip[39m: "::ffff:127.0.0.1"
    [35mpath[39m: "/check"
[14:49:23.212] [34mDEBUG[39m (13720): [36mAuthGuard: User lookup result[39m
    [35muserId[39m: "5fd8a9fc-e683-4448-97d1-bdf57ef4e323"
    [35muserFound[39m: true
    [35misActive[39m: true
    [35mip[39m: "::ffff:127.0.0.1"
[14:49:23.212] [34mDEBUG[39m (13720): [36mAuthentication successful[39m
    [35muserId[39m: "5fd8a9fc-e683-4448-97d1-bdf57ef4e323"
    [35misSuperAdmin[39m: true
    [35mpermissionCount[39m: 1
    [35mip[39m: "::ffff:127.0.0.1"
[14:49:23.215] [34mDEBUG[39m (13720): [36mAuthGuard: Decoded userId from token[39m
    [35muserId[39m: "5fd8a9fc-e683-4448-97d1-bdf57ef4e323"
    [35mip[39m: "::ffff:127.0.0.1"
    [35mpath[39m: "/check"
[14:49:23.217] [34mDEBUG[39m (13720): [36mAuthGuard: User lookup result[39m
    [35muserId[39m: "5fd8a9fc-e683-4448-97d1-bdf57ef4e323"
    [35muserFound[39m: true
    [35misActive[39m: true
    [35mip[39m: "::ffff:127.0.0.1"
[14:49:23.217] [34mDEBUG[39m (13720): [36mAuthentication successful[39m
    [35muserId[39m: "5fd8a9fc-e683-4448-97d1-bdf57ef4e323"
    [35misSuperAdmin[39m: true
    [35mpermissionCount[39m: 1
    [35mip[39m: "::ffff:127.0.0.1"
[14:49:23.221] [34mDEBUG[39m (13720): [36mAuthGuard: Decoded userId from token[39m
    [35muserId[39m: "5fd8a9fc-e683-4448-97d1-bdf57ef4e323"
    [35mip[39m: "::ffff:127.0.0.1"
    [35mpath[39m: "/check"
[14:49:23.223] [34mDEBUG[39m (13720): [36mAuthGuard: User lookup result[39m
    [35muserId[39m: "5fd8a9fc-e683-4448-97d1-bdf57ef4e323"
    [35muserFound[39m: true
    [35misActive[39m: true
    [35mip[39m: "::ffff:127.0.0.1"
[14:49:23.223] [34mDEBUG[39m (13720): [36mAuthentication successful[39m
    [35muserId[39m: "5fd8a9fc-e683-4448-97d1-bdf57ef4e323"
    [35misSuperAdmin[39m: true
    [35mpermissionCount[39m: 1
    [35mip[39m: "::ffff:127.0.0.1"
[14:49:23.227] [34mDEBUG[39m (13720): [36mAuthentication failed: No token provided[39m
    [35mip[39m: "::ffff:127.0.0.1"
    [35mpath[39m: "/check"
    [35mmethod[39m: "POST"
[14:49:23.230] [34mDEBUG[39m (13720): [36mAuthGuard: Decoded userId from token[39m
    [35muserId[39m: "b8be2b28-a672-4da3-8871-d0e811c01560"
    [35mip[39m: "::ffff:127.0.0.1"
    [35mpath[39m: "/check"
[14:49:23.232] [34mDEBUG[39m (13720): [36mAuthGuard: User lookup result[39m
    [35muserId[39m: "b8be2b28-a672-4da3-8871-d0e811c01560"
    [35muserFound[39m: true
    [35misActive[39m: true
    [35mip[39m: "::ffff:127.0.0.1"
[14:49:23.233] [34mDEBUG[39m (13720): [36mAuthentication successful[39m
    [35muserId[39m: "b8be2b28-a672-4da3-8871-d0e811c01560"
    [35misSuperAdmin[39m: false
    [35mpermissionCount[39m: 1
    [35mip[39m: "::ffff:127.0.0.1"
[14:49:23.239] [34mDEBUG[39m (13720): [36mAuthGuard: Decoded userId from token[39m
    [35muserId[39m: "5fd8a9fc-e683-4448-97d1-bdf57ef4e323"
    [35mip[39m: "::ffff:127.0.0.1"
    [35mpath[39m: "/check"
[14:49:23.240] [34mDEBUG[39m (13720): [36mAuthGuard: User lookup result[39m
    [35muserId[39m: "5fd8a9fc-e683-4448-97d1-bdf57ef4e323"
    [35muserFound[39m: true
    [35misActive[39m: true
    [35mip[39m: "::ffff:127.0.0.1"
[14:49:23.240] [34mDEBUG[39m (13720): [36mAuthentication successful[39m
    [35muserId[39m: "5fd8a9fc-e683-4448-97d1-bdf57ef4e323"
    [35misSuperAdmin[39m: true
    [35mpermissionCount[39m: 1
    [35mip[39m: "::ffff:127.0.0.1"
PASS tests/permissions-endpoints.test.ts
  ΓùÅ Console

    console.log
      [dotenv@17.2.2] injecting env (0) from .env -- tip: ΓÜÖ∩╕Å  
specify custom .env file path with { path: '/custom/path/.env' }

      at _log (node_modules/dotenv/lib/main.js:139:11)

    console.log
      SendGrid environment variables loaded: {
        apiKeyPresent: true,
        apiKeyLength: 69,
        apiKeyPrefix: 'SG.sXytAeD...',
        fromEmail: 'windbooks@dvconsultingph.com',
        timestamp: '2025-10-13T06:49:22.777Z'
      }

      at Object.<anonymous> (src/services/email.service.ts:8:9)

    console.log
      [dotenv@17.2.2] injecting env (0) from .env -- tip: ≡ƒôí 
version env with Radar: https://dotenvx.com/radar

      at _log (node_modules/dotenv/lib/main.js:139:11)

    console.error
      Auth guard error: JsonWebTokenError {
        name: 'JsonWebTokenError',
        message: 'jwt malformed'
      }

    [0m [90m 105 |[39m       method[33m:[39m 
req[33m.[39mmethod[33m,[39m
     [90m 106 |[39m     })[33m;[39m
    [31m[1m>[22m[39m[90m 107 |[39m     
console[33m.[39merror([32m'Auth guard error:'[39m[33m,[39m 
error)[33m;[39m
     [90m     |[39m             [31m[1m^[22m[39m
     [90m 108 |[39m     
res[33m.[39mstatus([35m401[39m)[33m.[39mjson({ 
message[33m:[39m [32m'Invalid token'[39m })[33m;[39m
     [90m 109 |[39m   }
     [90m 110 |[39m }[33m;[39m[0m

      at authGuard (src/middleware/auth.middleware.ts:107:13)
      at Layer.handleRequest 
(node_modules/router/lib/layer.js:152:17)
      at next (node_modules/router/lib/route.js:157:13)
      at Route.dispatch (node_modules/router/lib/route.js:117:3)
      at handle (node_modules/router/index.js:435:11)
      at Layer.handleRequest 
(node_modules/router/lib/layer.js:152:17)
      at node_modules/router/index.js:295:15
      at processParams (node_modules/router/index.js:582:12)
      at next (node_modules/router/index.js:291:5)
      at Function.handle (node_modules/router/index.js:186:3)
      at router (node_modules/router/index.js:60:12)
      at Layer.handleRequest 
(node_modules/router/lib/layer.js:152:17)
      at trimPrefix (node_modules/router/index.js:342:13)
      at node_modules/router/index.js:297:9
      at processParams (node_modules/router/index.js:582:12)
      at next (node_modules/router/index.js:291:5)
      at src/app.ts:92:3
      at Layer.handleRequest 
(node_modules/router/lib/layer.js:152:17)
      at trimPrefix (node_modules/router/index.js:342:13)
      at node_modules/router/index.js:297:9
      at processParams (node_modules/router/index.js:582:12)
      at next (node_modules/router/index.js:291:5)
      at urlencodedParser 
(node_modules/body-parser/lib/types/urlencoded.js:68:7)
      at Layer.handleRequest 
(node_modules/router/lib/layer.js:152:17)
      at trimPrefix (node_modules/router/index.js:342:13)
      at node_modules/router/index.js:297:9
      at processParams (node_modules/router/index.js:582:12)
      at next (node_modules/router/index.js:291:5)
      at jsonParser 
(node_modules/body-parser/lib/types/json.js:100:7)
      at Layer.handleRequest 
(node_modules/router/lib/layer.js:152:17)
      at trimPrefix (node_modules/router/index.js:342:13)
      at node_modules/router/index.js:297:9
      at processParams (node_modules/router/index.js:582:12)
      at next (node_modules/router/index.js:291:5)
      at cors (node_modules/cors/lib/index.js:188:7)
      at node_modules/cors/lib/index.js:224:17
      at originCallback (node_modules/cors/lib/index.js:214:15)
      at node_modules/cors/lib/index.js:219:13
      at optionsCallback (node_modules/cors/lib/index.js:199:9)
      at corsMiddleware (node_modules/cors/lib/index.js:204:7)
      at Layer.handleRequest 
(node_modules/router/lib/layer.js:152:17)
      at trimPrefix (node_modules/router/index.js:342:13)
      at node_modules/router/index.js:297:9
      at processParams (node_modules/router/index.js:582:12)
      at next (node_modules/router/index.js:291:5)
      at src/app.ts:37:3
      at Layer.handleRequest 
(node_modules/router/lib/layer.js:152:17)
      at trimPrefix (node_modules/router/index.js:342:13)
      at node_modules/router/index.js:297:9
      at processParams (node_modules/router/index.js:582:12)
      at next (node_modules/router/index.js:291:5)
      at Function.handle (node_modules/router/index.js:186:3)
      at Function.handle 
(node_modules/express/lib/application.js:177:15)
      at Server.app (node_modules/express/lib/express.js:38:9)

[14:49:23.666] [34mDEBUG[39m (13720): [36mAuthGuard: Decoded userId from token[39m
    [35muserId[39m: "7141cf72-b819-45da-a0f4-d72475fa93dc"
    [35mip[39m: "::ffff:127.0.0.1"
    [35mpath[39m: "/last-login"
[14:49:23.669] [34mDEBUG[39m (13720): [36mAuthGuard: User lookup result[39m
    [35muserId[39m: "7141cf72-b819-45da-a0f4-d72475fa93dc"
    [35muserFound[39m: true
    [35misActive[39m: true
    [35mip[39m: "::ffff:127.0.0.1"
[14:49:23.669] [34mDEBUG[39m (13720): [36mAuthentication successful[39m
    [35muserId[39m: "7141cf72-b819-45da-a0f4-d72475fa93dc"
    [35misSuperAdmin[39m: false
    [35mpermissionCount[39m: 0
    [35mip[39m: "::ffff:127.0.0.1"
[14:49:23.676] [34mDEBUG[39m (13720): [36mAuthGuard: Decoded userId from token[39m
    [35muserId[39m: "e0d14743-60f2-4708-8b7f-2c8da2345113"
    [35mip[39m: "::ffff:127.0.0.1"
    [35mpath[39m: "/last-login"
[14:49:23.677] [34mDEBUG[39m (13720): [36mAuthGuard: User lookup result[39m
    [35muserId[39m: "e0d14743-60f2-4708-8b7f-2c8da2345113"
    [35muserFound[39m: true
    [35misActive[39m: true
    [35mip[39m: "::ffff:127.0.0.1"
[14:49:23.678] [34mDEBUG[39m (13720): [36mAuthentication successful[39m
    [35muserId[39m: "e0d14743-60f2-4708-8b7f-2c8da2345113"
    [35misSuperAdmin[39m: true
    [35mpermissionCount[39m: 1
    [35mip[39m: "::ffff:127.0.0.1"
[14:49:23.681] [34mDEBUG[39m (13720): [36mAuthentication failed: No token provided[39m
    [35mip[39m: "::ffff:127.0.0.1"
    [35mpath[39m: "/last-login"
    [35mmethod[39m: "GET"
[14:49:23.683] [34mDEBUG[39m (13720): [36mAuthentication failed: Token verification error[39m
    [35mip[39m: "::ffff:127.0.0.1"
    [35mpath[39m: "/last-login"
    [35mmethod[39m: "GET"
    error: "jwt malformed"
[14:49:23.690] [34mDEBUG[39m (13720): [36mAuthGuard: Decoded userId from token[39m
    [35muserId[39m: "7141cf72-b819-45da-a0f4-d72475fa93dc"
    [35mip[39m: "::ffff:127.0.0.1"
    [35mpath[39m: "/last-login"
[14:49:23.692] [34mDEBUG[39m (13720): [36mAuthGuard: User lookup result[39m
    [35muserId[39m: "7141cf72-b819-45da-a0f4-d72475fa93dc"
    [35muserFound[39m: true
    [35misActive[39m: true
    [35mip[39m: "::ffff:127.0.0.1"
[14:49:23.692] [34mDEBUG[39m (13720): [36mAuthentication successful[39m
    [35muserId[39m: "7141cf72-b819-45da-a0f4-d72475fa93dc"
    [35misSuperAdmin[39m: false
    [35mpermissionCount[39m: 0
    [35mip[39m: "::ffff:127.0.0.1"
[14:49:23.696] [34mDEBUG[39m (13720): [36mIncoming auth request[39m
    [35mmethod[39m: "POST"
    [35mpath[39m: "/api/auth/login"
    [35moriginalUrl[39m: "/api/auth/login"
    [35murl[39m: "/api/auth/login"
    [35mip[39m: "::ffff:127.0.0.1"
    [35mcontentLength[39m: "67"
    [35mauthorization[39m: "[MISSING]"
    [35mparams[39m: {}
    [35mquery[39m: {}
    [35mpathSegments[39m: [
      "",
      "api",
      "auth",
      "login"
    ]
    [35mheadersCount[39m: 5
[14:49:23.700] [34mDEBUG[39m (13720): [36mLogin attempt[39m
    [35memail[39m: "testuser-login@example.com"
    [35mip[39m: "::ffff:127.0.0.1"
    [35mmethod[39m: "POST"
    [35mpath[39m: "/login"
    [35mpasswordLength[39m: 15
    [35mheaders[39m: {
      "content-length": "67",
      "content-type": "application/json"
    }
[14:49:23.763] [34mDEBUG[39m (13720): [36mLogin successful[39m
    [35memail[39m: "testuser-login@example.com"
    [35mip[39m: "::ffff:127.0.0.1"
    [35maccessTokenLength[39m: 315
    [35mrefreshTokenLength[39m: 237
[14:49:23.768] [34mDEBUG[39m (13720): [36mIncoming auth request[39m
    [35mmethod[39m: "POST"
    [35mpath[39m: "/api/auth/login"
    [35moriginalUrl[39m: "/api/auth/login"
    [35murl[39m: "/api/auth/login"
    [35mip[39m: "::ffff:127.0.0.1"
    [35mcontentLength[39m: "67"
    [35mauthorization[39m: "[MISSING]"
    [35mparams[39m: {}
    [35mquery[39m: {}
    [35mpathSegments[39m: [
      "",
      "api",
      "auth",
      "login"
    ]
    [35mheadersCount[39m: 6
[14:49:23.769] [34mDEBUG[39m (13720): [36mLogin attempt[39m
    [35memail[39m: "testuser-login@example.com"
    [35mip[39m: "::ffff:127.0.0.1"
    [35mmethod[39m: "POST"
    [35mpath[39m: "/login"
    [35mpasswordLength[39m: 15
    [35mheaders[39m: {
      "content-length": "67",
      "content-type": "application/json"
    }
PASS tests/user-login-history-endpoints.test.ts
[14:49:23.829] [34mDEBUG[39m (13720): [36mLogin successful[39m
    [35memail[39m: "testuser-login@example.com"
    [35mip[39m: "::ffff:127.0.0.1"
    [35maccessTokenLength[39m: 315
    [35mrefreshTokenLength[39m: 237
  ΓùÅ Console

    console.log
      [dotenv@17.2.2] injecting env (0) from .env -- tip: ΓÜÖ∩╕Å  
enable debug logging with { debug: true }

      at _log (node_modules/dotenv/lib/main.js:139:11)

    console.log
      SendGrid environment variables loaded: {
        apiKeyPresent: true,
        apiKeyLength: 69,
        apiKeyPrefix: 'SG.sXytAeD...',
        fromEmail: 'windbooks@dvconsultingph.com',
        timestamp: '2025-10-13T06:49:23.397Z'
      }

      at Object.<anonymous> (src/services/email.service.ts:8:9)

    console.log
      [dotenv@17.2.2] injecting env (0) from .env -- tip: ≡ƒôí 
version env with Radar: https://dotenvx.com/radar

      at _log (node_modules/dotenv/lib/main.js:139:11)

    console.error
      Auth guard error: JsonWebTokenError {
        name: 'JsonWebTokenError',
        message: 'jwt malformed'
      }

    [0m [90m 105 |[39m       method[33m:[39m 
req[33m.[39mmethod[33m,[39m
     [90m 106 |[39m     })[33m;[39m
    [31m[1m>[22m[39m[90m 107 |[39m     
console[33m.[39merror([32m'Auth guard error:'[39m[33m,[39m 
error)[33m;[39m
     [90m     |[39m             [31m[1m^[22m[39m
     [90m 108 |[39m     
res[33m.[39mstatus([35m401[39m)[33m.[39mjson({ 
message[33m:[39m [32m'Invalid token'[39m })[33m;[39m
     [90m 109 |[39m   }
     [90m 110 |[39m }[33m;[39m[0m

      at authGuard (src/middleware/auth.middleware.ts:107:13)
      at Layer.handleRequest 
(node_modules/router/lib/layer.js:152:17)
      at next (node_modules/router/lib/route.js:157:13)
      at Route.dispatch (node_modules/router/lib/route.js:117:3)
      at handle (node_modules/router/index.js:435:11)
      at Layer.handleRequest 
(node_modules/router/lib/layer.js:152:17)
      at node_modules/router/index.js:295:15
      at processParams (node_modules/router/index.js:582:12)
      at next (node_modules/router/index.js:291:5)
      at Function.handle (node_modules/router/index.js:186:3)
      at router (node_modules/router/index.js:60:12)
      at Layer.handleRequest 
(node_modules/router/lib/layer.js:152:17)
      at trimPrefix (node_modules/router/index.js:342:13)
      at node_modules/router/index.js:297:9
      at processParams (node_modules/router/index.js:582:12)
      at next (node_modules/router/index.js:291:5)
      at src/app.ts:92:3
      at Layer.handleRequest 
(node_modules/router/lib/layer.js:152:17)
      at trimPrefix (node_modules/router/index.js:342:13)
      at node_modules/router/index.js:297:9
      at processParams (node_modules/router/index.js:582:12)
      at next (node_modules/router/index.js:291:5)
      at urlencodedParser 
(node_modules/body-parser/lib/types/urlencoded.js:68:7)
      at Layer.handleRequest 
(node_modules/router/lib/layer.js:152:17)
      at trimPrefix (node_modules/router/index.js:342:13)
      at node_modules/router/index.js:297:9
      at processParams (node_modules/router/index.js:582:12)
      at next (node_modules/router/index.js:291:5)
      at jsonParser 
(node_modules/body-parser/lib/types/json.js:100:7)
      at Layer.handleRequest 
(node_modules/router/lib/layer.js:152:17)
      at trimPrefix (node_modules/router/index.js:342:13)
      at node_modules/router/index.js:297:9
      at processParams (node_modules/router/index.js:582:12)
      at next (node_modules/router/index.js:291:5)
      at cors (node_modules/cors/lib/index.js:188:7)
      at node_modules/cors/lib/index.js:224:17
      at originCallback (node_modules/cors/lib/index.js:214:15)
      at node_modules/cors/lib/index.js:219:13
      at optionsCallback (node_modules/cors/lib/index.js:199:9)
      at corsMiddleware (node_modules/cors/lib/index.js:204:7)
      at Layer.handleRequest 
(node_modules/router/lib/layer.js:152:17)
      at trimPrefix (node_modules/router/index.js:342:13)
      at node_modules/router/index.js:297:9
      at processParams (node_modules/router/index.js:582:12)
      at next (node_modules/router/index.js:291:5)
      at src/app.ts:37:3
      at Layer.handleRequest 
(node_modules/router/lib/layer.js:152:17)
      at trimPrefix (node_modules/router/index.js:342:13)
      at node_modules/router/index.js:297:9
      at processParams (node_modules/router/index.js:582:12)
      at next (node_modules/router/index.js:291:5)
      at Function.handle (node_modules/router/index.js:186:3)
      at Function.handle 
(node_modules/express/lib/application.js:177:15)
      at Server.app (node_modules/express/lib/express.js:38:9)

    console.log
      [AUTH ROUTE] POST /login {
        method: 'POST',
        path: '/login',
        originalUrl: '/api/auth/login',
        params: {},
        query: [Object: null prototype] {},
        body: { email: 'testuser-login@example.com', password: 
'testpassword123' },
        timestamp: '2025-10-13T06:49:23.699Z'
      }

      at src/routes/auth.routes.ts:432:11

    console.log
      Login attempt: {
        email: 'testuser-login@example.com',
        timestamp: '2025-10-13T06:49:23.700Z',
        passwordLength: 15
      }

      at Object.login (src/services/auth.service.ts:75:13)

    console.log
      Login history recorded: {
        userId: '7141cf72-b819-45da-a0f4-d72475fa93dc',
        email: 'testuser-login@example.com',
        ipAddress: '::ffff:127.0.0.1',
        timestamp: '2025-10-13T06:49:23.763Z'
      }

      at Object.login (src/services/auth.service.ts:154:15)

    console.log
      Login successful: {
        email: 'testuser-login@example.com',
        userId: '7141cf72-b819-45da-a0f4-d72475fa93dc',
        isSuperAdmin: false,
        timestamp: '2025-10-13T06:49:23.763Z'
      }

      at Object.login (src/services/auth.service.ts:171:13)

    console.log
      [AUTH ROUTE] POST /login {
        method: 'POST',
        path: '/login',
        originalUrl: '/api/auth/login',
        params: {},
        query: [Object: null prototype] {},
        body: { email: 'testuser-login@example.com', password: 
'testpassword123' },
        timestamp: '2025-10-13T06:49:23.768Z'
      }

      at src/routes/auth.routes.ts:432:11

    console.log
      Login attempt: {
        email: 'testuser-login@example.com',
        timestamp: '2025-10-13T06:49:23.769Z',
        passwordLength: 15
      }

      at Object.login (src/services/auth.service.ts:75:13)

    console.log
      Login history recorded: {
        userId: '7141cf72-b819-45da-a0f4-d72475fa93dc',
        email: 'testuser-login@example.com',
        ipAddress: '192.168.1.100',
        timestamp: '2025-10-13T06:49:23.828Z'
      }

      at Object.login (src/services/auth.service.ts:154:15)

    console.log
      Login successful: {
        email: 'testuser-login@example.com',
        userId: '7141cf72-b819-45da-a0f4-d72475fa93dc',
        isSuperAdmin: false,
        timestamp: '2025-10-13T06:49:23.828Z'
      }

      at Object.login (src/services/auth.service.ts:171:13)

PASS tests/admin-endpoints.test.ts
  ΓùÅ Console

    console.log
      [dotenv@17.2.2] injecting env (0) from .env -- tip: ≡ƒôí 
version env with Radar: https://dotenvx.com/radar

      at _log (node_modules/dotenv/lib/main.js:139:11)

    console.log
      SendGrid environment variables loaded: {
        apiKeyPresent: true,
        apiKeyLength: 69,
        apiKeyPrefix: 'SG.sXytAeD...',
        fromEmail: 'windbooks@dvconsultingph.com',
        timestamp: '2025-10-13T06:49:23.974Z'
      }

      at Object.<anonymous> (src/services/email.service.ts:8:9)

    console.log
      [dotenv@17.2.2] injecting env (0) from .env -- tip: ΓÜÖ∩╕Å  
load multiple .env files with { path: ['.env.local', '.env'] }

      at _log (node_modules/dotenv/lib/main.js:139:11)

    console.error
      Auth guard error: JsonWebTokenError {
        name: 'JsonWebTokenError',
        message: 'jwt malformed'
      }

    [0m [90m 105 |[39m       method[33m:[39m 
req[33m.[39mmethod[33m,[39m
     [90m 106 |[39m     })[33m;[39m
    [31m[1m>[22m[39m[90m 107 |[39m     
console[33m.[39merror([32m'Auth guard error:'[39m[33m,[39m 
error)[33m;[39m
     [90m     |[39m             [31m[1m^[22m[39m
     [90m 108 |[39m     
res[33m.[39mstatus([35m401[39m)[33m.[39mjson({ 
message[33m:[39m [32m'Invalid token'[39m })[33m;[39m
     [90m 109 |[39m   }
     [90m 110 |[39m }[33m;[39m[0m

      at authGuard (src/middleware/auth.middleware.ts:107:13)
      at Layer.handleRequest 
(node_modules/router/lib/layer.js:152:17)
      at next (node_modules/router/lib/route.js:157:13)
      at Route.dispatch (node_modules/router/lib/route.js:117:3)
      at handle (node_modules/router/index.js:435:11)
      at Layer.handleRequest 
(node_modules/router/lib/layer.js:152:17)
      at node_modules/router/index.js:295:15
      at processParams (node_modules/router/index.js:582:12)
      at next (node_modules/router/index.js:291:5)
      at Function.handle (node_modules/router/index.js:186:3)
      at router (node_modules/router/index.js:60:12)
      at Layer.handleRequest 
(node_modules/router/lib/layer.js:152:17)
      at trimPrefix (node_modules/router/index.js:342:13)
      at node_modules/router/index.js:297:9
      at processParams (node_modules/router/index.js:582:12)
      at next (node_modules/router/index.js:291:5)
      at src/app.ts:92:3
      at Layer.handleRequest 
(node_modules/router/lib/layer.js:152:17)
      at trimPrefix (node_modules/router/index.js:342:13)
      at node_modules/router/index.js:297:9
      at processParams (node_modules/router/index.js:582:12)
      at next (node_modules/router/index.js:291:5)
      at urlencodedParser 
(node_modules/body-parser/lib/types/urlencoded.js:68:7)
      at Layer.handleRequest 
(node_modules/router/lib/layer.js:152:17)
      at trimPrefix (node_modules/router/index.js:342:13)
      at node_modules/router/index.js:297:9
      at processParams (node_modules/router/index.js:582:12)
      at next (node_modules/router/index.js:291:5)
      at jsonParser 
(node_modules/body-parser/lib/types/json.js:100:7)
      at Layer.handleRequest 
(node_modules/router/lib/layer.js:152:17)
      at trimPrefix (node_modules/router/index.js:342:13)
      at node_modules/router/index.js:297:9
      at processParams (node_modules/router/index.js:582:12)
      at next (node_modules/router/index.js:291:5)
      at cors (node_modules/cors/lib/index.js:188:7)
      at node_modules/cors/lib/index.js:224:17
      at originCallback (node_modules/cors/lib/index.js:214:15)
      at node_modules/cors/lib/index.js:219:13
      at optionsCallback (node_modules/cors/lib/index.js:199:9)
      at corsMiddleware (node_modules/cors/lib/index.js:204:7)
      at Layer.handleRequest 
(node_modules/router/lib/layer.js:152:17)
      at trimPrefix (node_modules/router/index.js:342:13)
      at node_modules/router/index.js:297:9
      at processParams (node_modules/router/index.js:582:12)
      at next (node_modules/router/index.js:291:5)
      at src/app.ts:37:3
      at Layer.handleRequest 
(node_modules/router/lib/layer.js:152:17)
      at trimPrefix (node_modules/router/index.js:342:13)
      at node_modules/router/index.js:297:9
      at processParams (node_modules/router/index.js:582:12)
      at next (node_modules/router/index.js:291:5)
      at Function.handle (node_modules/router/index.js:186:3)
      at Function.handle 
(node_modules/express/lib/application.js:177:15)
      at Server.app (node_modules/express/lib/express.js:38:9)

[14:49:24.305] [34mDEBUG[39m (13720): [36mAuthGuard: Decoded userId from token[39m
    [35muserId[39m: "04f86322-0470-4312-add1-6dc562b0bd59"
    [35mip[39m: "::ffff:127.0.0.1"
    [35mpath[39m: "/status"
[14:49:24.307] [34mDEBUG[39m (13720): [36mAuthGuard: User lookup result[39m
    [35muserId[39m: "04f86322-0470-4312-add1-6dc562b0bd59"
    [35muserFound[39m: true
    [35misActive[39m: true
    [35mip[39m: "::ffff:127.0.0.1"
[14:49:24.307] [34mDEBUG[39m (13720): [36mAuthentication successful[39m
    [35muserId[39m: "04f86322-0470-4312-add1-6dc562b0bd59"
    [35misSuperAdmin[39m: true
    [35mpermissionCount[39m: 1
    [35mip[39m: "::ffff:127.0.0.1"
[14:49:24.322] [34mDEBUG[39m (13720): [36mAuthGuard: Decoded userId from token[39m
    [35muserId[39m: "1a9f3e36-c50b-4bb5-9a0e-a6ce34a26aa6"
    [35mip[39m: "::ffff:127.0.0.1"
    [35mpath[39m: "/status"
[14:49:24.324] [34mDEBUG[39m (13720): [36mAuthGuard: User lookup result[39m
    [35muserId[39m: "1a9f3e36-c50b-4bb5-9a0e-a6ce34a26aa6"
    [35muserFound[39m: true
    [35misActive[39m: true
    [35mip[39m: "::ffff:127.0.0.1"
[14:49:24.324] [34mDEBUG[39m (13720): [36mAuthentication successful[39m
    [35muserId[39m: "1a9f3e36-c50b-4bb5-9a0e-a6ce34a26aa6"
    [35misSuperAdmin[39m: false
    [35mpermissionCount[39m: 1
    [35mip[39m: "::ffff:127.0.0.1"
[14:49:24.328] [34mDEBUG[39m (13720): [36mAuthentication failed: No token provided[39m
    [35mip[39m: "::ffff:127.0.0.1"
    [35mpath[39m: "/status"
    [35mmethod[39m: "GET"
[14:49:24.330] [34mDEBUG[39m (13720): [36mAuthentication failed: Token verification error[39m
    [35mip[39m: "::ffff:127.0.0.1"
    [35mpath[39m: "/status"
    [35mmethod[39m: "GET"
    error: "jwt malformed"
[14:49:24.334] [34mDEBUG[39m (13720): [36mAuthGuard: Decoded userId from token[39m
    [35muserId[39m: "04f86322-0470-4312-add1-6dc562b0bd59"
    [35mip[39m: "::ffff:127.0.0.1"
    [35mpath[39m: "/status"
[14:49:24.335] [34mDEBUG[39m (13720): [36mAuthGuard: User lookup result[39m
    [35muserId[39m: "04f86322-0470-4312-add1-6dc562b0bd59"
    [35muserFound[39m: true
    [35misActive[39m: true
    [35mip[39m: "::ffff:127.0.0.1"
[14:49:24.335] [34mDEBUG[39m (13720): [36mAuthentication successful[39m
    [35muserId[39m: "04f86322-0470-4312-add1-6dc562b0bd59"
    [35misSuperAdmin[39m: true
    [35mpermissionCount[39m: 1
    [35mip[39m: "::ffff:127.0.0.1"
[14:49:24.343] [34mDEBUG[39m (13720): [36mAuthGuard: Decoded userId from token[39m
    [35muserId[39m: "04f86322-0470-4312-add1-6dc562b0bd59"
    [35mip[39m: "::ffff:127.0.0.1"
    [35mpath[39m: "/status"
[14:49:24.345] [34mDEBUG[39m (13720): [36mAuthGuard: User lookup result[39m
    [35muserId[39m: "04f86322-0470-4312-add1-6dc562b0bd59"
    [35muserFound[39m: true
    [35misActive[39m: true
    [35mip[39m: "::ffff:127.0.0.1"
[14:49:24.345] [34mDEBUG[39m (13720): [36mAuthentication successful[39m
    [35muserId[39m: "04f86322-0470-4312-add1-6dc562b0bd59"
    [35misSuperAdmin[39m: true
    [35mpermissionCount[39m: 1
    [35mip[39m: "::ffff:127.0.0.1"
PASS tests/rbac-service.test.ts
[14:49:25.112] [34mDEBUG[39m (13720): [36mAuthGuard: Decoded userId from token[39m
    [35muserId[39m: "2e04847f-a76e-4521-838e-3a5f8b18ba56"
    [35mip[39m: "::ffff:127.0.0.1"
    [35mpath[39m: "/"
[14:49:25.115] [34mDEBUG[39m (13720): [36mAuthGuard: User lookup result[39m
    [35muserId[39m: "2e04847f-a76e-4521-838e-3a5f8b18ba56"
    [35muserFound[39m: true
    [35misActive[39m: true
    [35mip[39m: "::ffff:127.0.0.1"
[14:49:25.115] [34mDEBUG[39m (13720): [36mAuthentication successful[39m
    [35muserId[39m: "2e04847f-a76e-4521-838e-3a5f8b18ba56"
    [35misSuperAdmin[39m: false
    [35mpermissionCount[39m: 1
    [35mip[39m: "::ffff:127.0.0.1"
[14:49:25.121] [34mDEBUG[39m (13720): [36mAuthGuard: Decoded userId from token[39m
    [35muserId[39m: "2e04847f-a76e-4521-838e-3a5f8b18ba56"
    [35mip[39m: "::ffff:127.0.0.1"
    [35mpath[39m: "/"
[14:49:25.123] [34mDEBUG[39m (13720): [36mAuthGuard: User lookup result[39m
    [35muserId[39m: "2e04847f-a76e-4521-838e-3a5f8b18ba56"
    [35muserFound[39m: true
    [35misActive[39m: true
    [35mip[39m: "::ffff:127.0.0.1"
[14:49:25.123] [34mDEBUG[39m (13720): [36mAuthentication successful[39m
    [35muserId[39m: "2e04847f-a76e-4521-838e-3a5f8b18ba56"
    [35misSuperAdmin[39m: false
    [35mpermissionCount[39m: 1
    [35mip[39m: "::ffff:127.0.0.1"
[14:49:25.127] [34mDEBUG[39m (13720): [36mAuthentication failed: No token provided[39m
    [35mip[39m: "::ffff:127.0.0.1"
    [35mpath[39m: "/"
    [35mmethod[39m: "GET"
[14:49:25.130] [34mDEBUG[39m (13720): [36mAuthentication failed: Token verification error[39m
    [35mip[39m: "::ffff:127.0.0.1"
    [35mpath[39m: "/"
    [35mmethod[39m: "GET"
    error: "jwt malformed"
[14:49:25.137] [34mDEBUG[39m (13720): [36mAuthGuard: Decoded userId from token[39m
    [35muserId[39m: "dc1b1ef2-f632-4e0a-8f4f-1a9d5e5df2e4"
    [35mip[39m: "::ffff:127.0.0.1"
    [35mpath[39m: "/"
[14:49:25.139] [34mDEBUG[39m (13720): [36mAuthGuard: User lookup result[39m
    [35muserId[39m: "dc1b1ef2-f632-4e0a-8f4f-1a9d5e5df2e4"
    [35muserFound[39m: true
    [35misActive[39m: true
    [35mip[39m: "::ffff:127.0.0.1"
[14:49:25.139] [34mDEBUG[39m (13720): [36mAuthentication successful[39m
    [35muserId[39m: "dc1b1ef2-f632-4e0a-8f4f-1a9d5e5df2e4"
    [35misSuperAdmin[39m: true
    [35mpermissionCount[39m: 1
    [35mip[39m: "::ffff:127.0.0.1"
[14:49:25.144] [34mDEBUG[39m (13720): [36mAuthGuard: Decoded userId from token[39m
    [35muserId[39m: "dc1b1ef2-f632-4e0a-8f4f-1a9d5e5df2e4"
    [35mip[39m: "::ffff:127.0.0.1"
    [35mpath[39m: "/"
[14:49:25.145] [34mDEBUG[39m (13720): [36mAuthGuard: User lookup result[39m
    [35muserId[39m: "dc1b1ef2-f632-4e0a-8f4f-1a9d5e5df2e4"
    [35muserFound[39m: true
    [35misActive[39m: true
    [35mip[39m: "::ffff:127.0.0.1"
[14:49:25.146] [34mDEBUG[39m (13720): [36mAuthentication successful[39m
    [35muserId[39m: "dc1b1ef2-f632-4e0a-8f4f-1a9d5e5df2e4"
    [35misSuperAdmin[39m: true
    [35mpermissionCount[39m: 1
    [35mip[39m: "::ffff:127.0.0.1"
[14:49:25.150] [34mDEBUG[39m (13720): [36mAuthGuard: Decoded userId from token[39m
    [35muserId[39m: "dc1b1ef2-f632-4e0a-8f4f-1a9d5e5df2e4"
    [35mip[39m: "::ffff:127.0.0.1"
    [35mpath[39m: "/"
[14:49:25.151] [34mDEBUG[39m (13720): [36mAuthGuard: User lookup result[39m
    [35muserId[39m: "dc1b1ef2-f632-4e0a-8f4f-1a9d5e5df2e4"
    [35muserFound[39m: true
    [35misActive[39m: true
    [35mip[39m: "::ffff:127.0.0.1"
[14:49:25.151] [34mDEBUG[39m (13720): [36mAuthentication successful[39m
    [35muserId[39m: "dc1b1ef2-f632-4e0a-8f4f-1a9d5e5df2e4"
    [35misSuperAdmin[39m: true
    [35mpermissionCount[39m: 1
    [35mip[39m: "::ffff:127.0.0.1"
[14:49:25.155] [34mDEBUG[39m (13720): [36mAuthentication failed: No token provided[39m
    [35mip[39m: "::ffff:127.0.0.1"
    [35mpath[39m: "/"
    [35mmethod[39m: "POST"
[14:49:25.158] [34mDEBUG[39m (13720): [36mAuthGuard: Decoded userId from token[39m
    [35muserId[39m: "2e04847f-a76e-4521-838e-3a5f8b18ba56"
    [35mip[39m: "::ffff:127.0.0.1"
    [35mpath[39m: "/available"
[14:49:25.160] [34mDEBUG[39m (13720): [36mAuthGuard: User lookup result[39m
    [35muserId[39m: "2e04847f-a76e-4521-838e-3a5f8b18ba56"
    [35muserFound[39m: true
    [35misActive[39m: true
    [35mip[39m: "::ffff:127.0.0.1"
[14:49:25.160] [34mDEBUG[39m (13720): [36mAuthentication successful[39m
    [35muserId[39m: "2e04847f-a76e-4521-838e-3a5f8b18ba56"
    [35misSuperAdmin[39m: false
    [35mpermissionCount[39m: 1
    [35mip[39m: "::ffff:127.0.0.1"
[14:49:25.170] [34mDEBUG[39m (13720): [36mAuthGuard: Decoded userId from token[39m
    [35muserId[39m: "2e04847f-a76e-4521-838e-3a5f8b18ba56"
    [35mip[39m: "::ffff:127.0.0.1"
    [35mpath[39m: "/available"
[14:49:25.172] [34mDEBUG[39m (13720): [36mAuthGuard: User lookup result[39m
    [35muserId[39m: "2e04847f-a76e-4521-838e-3a5f8b18ba56"
    [35muserFound[39m: true
    [35misActive[39m: true
    [35mip[39m: "::ffff:127.0.0.1"
[14:49:25.172] [34mDEBUG[39m (13720): [36mAuthentication successful[39m
    [35muserId[39m: "2e04847f-a76e-4521-838e-3a5f8b18ba56"
    [35misSuperAdmin[39m: false
    [35mpermissionCount[39m: 1
    [35mip[39m: "::ffff:127.0.0.1"
[14:49:25.176] [34mDEBUG[39m (13720): [36mAuthentication failed: No token provided[39m
    [35mip[39m: "::ffff:127.0.0.1"
    [35mpath[39m: "/available"
    [35mmethod[39m: "GET"
PASS tests/roles-endpoints.test.ts
  ΓùÅ Console

    console.log
      [dotenv@17.2.2] injecting env (0) from .env -- tip: ≡ƒöÉ 
encrypt with Dotenvx: https://dotenvx.com

      at _log (node_modules/dotenv/lib/main.js:139:11)

    console.log
      SendGrid environment variables loaded: {
        apiKeyPresent: true,
        apiKeyLength: 69,
        apiKeyPrefix: 'SG.sXytAeD...',
        fromEmail: 'windbooks@dvconsultingph.com',
        timestamp: '2025-10-13T06:49:24.845Z'
      }

      at Object.<anonymous> (src/services/email.service.ts:8:9)

    console.log
      [dotenv@17.2.2] injecting env (0) from .env -- tip: ΓÜÖ∩╕Å  
write to custom object with { processEnv: myObject }

      at _log (node_modules/dotenv/lib/main.js:139:11)

    console.error
      Auth guard error: JsonWebTokenError {
        name: 'JsonWebTokenError',
        message: 'jwt malformed'
      }

    [0m [90m 105 |[39m       method[33m:[39m 
req[33m.[39mmethod[33m,[39m
     [90m 106 |[39m     })[33m;[39m
    [31m[1m>[22m[39m[90m 107 |[39m     
console[33m.[39merror([32m'Auth guard error:'[39m[33m,[39m 
error)[33m;[39m
     [90m     |[39m             [31m[1m^[22m[39m
     [90m 108 |[39m     
res[33m.[39mstatus([35m401[39m)[33m.[39mjson({ 
message[33m:[39m [32m'Invalid token'[39m })[33m;[39m
     [90m 109 |[39m   }
     [90m 110 |[39m }[33m;[39m[0m

      at authGuard (src/middleware/auth.middleware.ts:107:13)
      at Layer.handleRequest 
(node_modules/router/lib/layer.js:152:17)
      at next (node_modules/router/lib/route.js:157:13)
      at Route.dispatch (node_modules/router/lib/route.js:117:3)
      at handle (node_modules/router/index.js:435:11)
      at Layer.handleRequest 
(node_modules/router/lib/layer.js:152:17)
      at node_modules/router/index.js:295:15
      at processParams (node_modules/router/index.js:582:12)
      at next (node_modules/router/index.js:291:5)
      at Function.handle (node_modules/router/index.js:186:3)
      at router (node_modules/router/index.js:60:12)
      at Layer.handleRequest 
(node_modules/router/lib/layer.js:152:17)
      at trimPrefix (node_modules/router/index.js:342:13)
      at node_modules/router/index.js:297:9
      at processParams (node_modules/router/index.js:582:12)
      at next (node_modules/router/index.js:291:5)
      at src/app.ts:92:3
      at Layer.handleRequest 
(node_modules/router/lib/layer.js:152:17)
      at trimPrefix (node_modules/router/index.js:342:13)
      at node_modules/router/index.js:297:9
      at processParams (node_modules/router/index.js:582:12)
      at next (node_modules/router/index.js:291:5)
      at urlencodedParser 
(node_modules/body-parser/lib/types/urlencoded.js:68:7)
      at Layer.handleRequest 
(node_modules/router/lib/layer.js:152:17)
      at trimPrefix (node_modules/router/index.js:342:13)
      at node_modules/router/index.js:297:9
      at processParams (node_modules/router/index.js:582:12)
      at next (node_modules/router/index.js:291:5)
      at jsonParser 
(node_modules/body-parser/lib/types/json.js:100:7)
      at Layer.handleRequest 
(node_modules/router/lib/layer.js:152:17)
      at trimPrefix (node_modules/router/index.js:342:13)
      at node_modules/router/index.js:297:9
      at processParams (node_modules/router/index.js:582:12)
      at next (node_modules/router/index.js:291:5)
      at cors (node_modules/cors/lib/index.js:188:7)
      at node_modules/cors/lib/index.js:224:17
      at originCallback (node_modules/cors/lib/index.js:214:15)
      at node_modules/cors/lib/index.js:219:13
      at optionsCallback (node_modules/cors/lib/index.js:199:9)
      at corsMiddleware (node_modules/cors/lib/index.js:204:7)
      at Layer.handleRequest 
(node_modules/router/lib/layer.js:152:17)
      at trimPrefix (node_modules/router/index.js:342:13)
      at node_modules/router/index.js:297:9
      at processParams (node_modules/router/index.js:582:12)
      at next (node_modules/router/index.js:291:5)
      at src/app.ts:37:3
      at Layer.handleRequest 
(node_modules/router/lib/layer.js:152:17)
      at trimPrefix (node_modules/router/index.js:342:13)
      at node_modules/router/index.js:297:9
      at processParams (node_modules/router/index.js:582:12)
      at next (node_modules/router/index.js:291:5)
      at Function.handle (node_modules/router/index.js:186:3)
      at Function.handle 
(node_modules/express/lib/application.js:177:15)
      at Server.app (node_modules/express/lib/express.js:38:9)

PASS tests/user-service.test.ts
  ΓùÅ Console

    console.log
      [dotenv@17.2.2] injecting env (0) from .env -- tip: ΓÜÖ∩╕Å  
enable debug logging with { debug: true }

      at _log (node_modules/dotenv/lib/main.js:139:11)

    console.log
      SendGrid environment variables loaded: {
        apiKeyPresent: true,
        apiKeyLength: 69,
        apiKeyPrefix: 'SG.sXytAeD...',
        fromEmail: 'windbooks@dvconsultingph.com',
        timestamp: '2025-10-13T06:49:25.274Z'
      }

      at Object.<anonymous> (src/services/email.service.ts:8:9)

PASS tests/email-service.test.ts
  ΓùÅ Console

    console.log
      SendGrid environment variables loaded: {
        apiKeyPresent: true,
        apiKeyLength: 12,
        apiKeyPrefix: 'test-api-k...',
        fromEmail: 'test@example.com',
        timestamp: '2025-10-13T06:49:25.535Z'
      }

      at Object.<anonymous> (src/services/email.service.ts:8:9)

    console.warn
      API key does not start with "SG.".

    [0m [90m 22 |[39m }
     [90m 23 |[39m
    [31m[1m>[22m[39m[90m 24 |[39m 
sgMail[33m.[39msetApiKey([33mSENDGRID_API_KEY[39m)[33m;[39m
     [90m    |[39m        [31m[1m^[22m[39m
     [90m 25 |[39m
     [90m 26 |[39m [36mexport[39m [36minterface[39m 
[33mEmailVerificationData[39m {
     [90m 27 |[39m   to[33m:[39m string[33m;[39m[0m

      at Client.setApiKey 
(node_modules/@sendgrid/client/src/classes/client.js:50:15)
      at MailService.setApiKey 
(node_modules/@sendgrid/mail/src/classes/mail-service.js:38:17)
      at Object.<anonymous> (src/services/email.service.ts:24:8)
      at Object.<anonymous> (tests/email-service.test.ts:5:1)

PASS tests/jwt-role.test.ts
  ΓùÅ Console

    console.log
      [dotenv@17.2.2] injecting env (0) from .env -- tip: ≡ƒôí 
version env with Radar: https://dotenvx.com/radar

      at _log (node_modules/dotenv/lib/main.js:139:11)


Test Suites: 1 failed, 14 passed, 15 total
Tests:       1 failed, 298 passed, 299 total
Snapshots:   0 total
Time:        12.205 s
Ran all test suites.
